Archive member included to satisfy reference by file (symbol)

app/libapp.a(app_event_manager.c.obj)
                              (--whole-archive)
app/libapp.a(app_version.c.obj)
                              (--whole-archive)
app/libapp.a(main.c.obj)      (--whole-archive)
zephyr/libzephyr.a(cbprintf.c.obj)
                              (--whole-archive)
zephyr/libzephyr.a(cbprintf_packaged.c.obj)
                              (--whole-archive)
zephyr/libzephyr.a(crc32c_sw.c.obj)
                              (--whole-archive)
zephyr/libzephyr.a(crc32_sw.c.obj)
                              (--whole-archive)
zephyr/libzephyr.a(crc16_sw.c.obj)
                              (--whole-archive)
zephyr/libzephyr.a(crc8_sw.c.obj)
                              (--whole-archive)
zephyr/libzephyr.a(crc7_sw.c.obj)
                              (--whole-archive)
zephyr/libzephyr.a(dec.c.obj)
                              (--whole-archive)
zephyr/libzephyr.a(fdtable.c.obj)
                              (--whole-archive)
zephyr/libzephyr.a(hex.c.obj)
                              (--whole-archive)
zephyr/libzephyr.a(notify.c.obj)
                              (--whole-archive)
zephyr/libzephyr.a(printk.c.obj)
                              (--whole-archive)
zephyr/libzephyr.a(onoff.c.obj)
                              (--whole-archive)
zephyr/libzephyr.a(rb.c.obj)  (--whole-archive)
zephyr/libzephyr.a(sem.c.obj)
                              (--whole-archive)
zephyr/libzephyr.a(thread_entry.c.obj)
                              (--whole-archive)
zephyr/libzephyr.a(timeutil.c.obj)
                              (--whole-archive)
zephyr/libzephyr.a(heap.c.obj)
                              (--whole-archive)
zephyr/libzephyr.a(heap-validate.c.obj)
                              (--whole-archive)
zephyr/libzephyr.a(bitarray.c.obj)
                              (--whole-archive)
zephyr/libzephyr.a(cbprintf_complete.c.obj)
                              (--whole-archive)
zephyr/libzephyr.a(assert.c.obj)
                              (--whole-archive)
zephyr/libzephyr.a(mpsc_pbuf.c.obj)
                              (--whole-archive)
zephyr/libzephyr.a(reboot.c.obj)
                              (--whole-archive)
zephyr/libzephyr.a(configs.c.obj)
                              (--whole-archive)
zephyr/libzephyr.a(soc.c.obj)
                              (--whole-archive)
zephyr/libzephyr.a(power.c.obj)
                              (--whole-archive)
zephyr/libzephyr.a(soc_nrf_common.S.obj)
                              (--whole-archive)
zephyr/libzephyr.a(validate_base_addresses.c.obj)
                              (--whole-archive)
zephyr/libzephyr.a(validate_enabled_instances.c.obj)
                              (--whole-archive)
zephyr/libzephyr.a(log_list.c.obj)
                              (--whole-archive)
zephyr/libzephyr.a(log_core.c.obj)
                              (--whole-archive)
zephyr/libzephyr.a(log_msg.c.obj)
                              (--whole-archive)
zephyr/libzephyr.a(log_output.c.obj)
                              (--whole-archive)
zephyr/libzephyr.a(log_backend_uart.c.obj)
                              (--whole-archive)
zephyr/libzephyr.a(log_backend_rtt.c.obj)
                              (--whole-archive)
zephyr/libzephyr.a(flash_img.c.obj)
                              (--whole-archive)
zephyr/libzephyr.a(addr_utils.c.obj)
                              (--whole-archive)
zephyr/libzephyr.a(sntp.c.obj)
                              (--whole-archive)
zephyr/libzephyr.a(sntp_simple.c.obj)
                              (--whole-archive)
zephyr/libzephyr.a(getaddrinfo.c.obj)
                              (--whole-archive)
zephyr/libzephyr.a(sockets.c.obj)
                              (--whole-archive)
zephyr/libzephyr.a(sockets_select.c.obj)
                              (--whole-archive)
zephyr/libzephyr.a(socket_offload.c.obj)
                              (--whole-archive)
zephyr/libzephyr.a(flash_map.c.obj)
                              (--whole-archive)
zephyr/libzephyr.a(stream_flash.c.obj)
                              (--whole-archive)
zephyr/libzephyr.a(power.c.obj)
                              (--whole-archive)
zephyr/libzephyr.a(pm_ctrl.c.obj)
                              (--whole-archive)
zephyr/libzephyr.a(policy_residency.c.obj)
                              (--whole-archive)
zephyr/libzephyr.a(tracing_none.c.obj)
                              (--whole-archive)
zephyr/libzephyr.a(uart_console.c.obj)
                              (--whole-archive)
zephyr/libzephyr.a(clock_control_nrf.c.obj)
                              (--whole-archive)
zephyr/libzephyr.a(sys_clock_init.c.obj)
                              (--whole-archive)
zephyr/libzephyr.a(nrf_rtc_timer.c.obj)
                              (--whole-archive)
zephyr/libzephyr.a(secure_services_ns.c.obj)
                              (--whole-archive)
zephyr/libzephyr.a(flash_map_partition_manager.c.obj)
[...]
Memory Configuration

Name             Origin             Length             Attributes
FLASH            0x0000000000020200 0x00000000000d9e00 xr
SRAM             0x00000000200144e8 0x000000000002bb18 xw
IDT_LIST         0x0000000020040000 0x0000000000000800 xw
*default*        0x0000000000000000 0xffffffffffffffff

Linker script and memory map

LOAD zephyr/CMakeFiles/zephyr_final.dir/misc/empty_file.c.obj
LOAD zephyr/CMakeFiles/zephyr_final.dir/isr_tables.c.obj
LOAD zephyr/CMakeFiles/zephyr_final.dir/dev_handles.c.obj
LOAD zephyr/CMakeFiles/offsets.dir/./arch/arm/core/offsets/offsets.c.obj
                0x0000000000000020                _region_min_align = 0x20

.rel.plt        0x0000000000020200        0x0
 *(SORT_BY_ALIGNMENT(.rel.plt))
                [!provide]                        PROVIDE (__rel_iplt_start = .)
 *(SORT_BY_ALIGNMENT(.rel.iplt))
 .rel.iplt      0x0000000000020200        0x0 zephyr/CMakeFiles/zephyr_final.dir/isr_tables.c.obj
                [!provide]                        PROVIDE (__rel_iplt_end = .)

.rela.plt       0x0000000000000000        0x0
 *(SORT_BY_ALIGNMENT(.rela.plt))
                [!provide]                        PROVIDE (__rela_iplt_start = .)
 *(SORT_BY_ALIGNMENT(.rela.iplt))
                [!provide]                        PROVIDE (__rela_iplt_end = .)

.rel.dyn
 *(SORT_BY_ALIGNMENT(.rel.*))

.rela.dyn
 *(SORT_BY_ALIGNMENT(.rela.*))

/DISCARD/
 *(SORT_BY_ALIGNMENT(.plt))

/DISCARD/
 *(SORT_BY_ALIGNMENT(.iplt))
                0x0000000000020200                _image_rom_start = 0x20200

rom_start       0x0000000000020200      0x23c
                0x0000000000000000                . = 0x0
                0x0000000000000000                . = ALIGN (0x4)
                0x0000000000000000                . = ALIGN (0x80)
                0x0000000000000000                . = ALIGN (0x200)
                0x0000000000020200                _vector_start = .
 *(SORT_BY_ALIGNMENT(.exc_vector_table))
 *(SORT_BY_ALIGNMENT(.exc_vector_table.*))
 .exc_vector_table._vector_table_section
                0x0000000000020200       0x40 zephyr/arch/arch/arm/core/aarch32/cortex_m/libarch__arm__core__aarch32__cortex_m.a(vector_table.S.obj)
                0x0000000000020200                _vector_table
 *(SORT_BY_ALIGNMENT(.gnu.linkonce.irq_vector_table*))
 .gnu.linkonce.irq_vector_table
                0x0000000000020240      0x104 zephyr/CMakeFiles/zephyr_final.dir/isr_tables.c.obj
                0x0000000000020240                _irq_vector_table
 *(SORT_BY_ALIGNMENT(.vectors))
                0x0000000000020344                _vector_end = .
                0x0000000000000200                . = 0x200
 *fill*         0x0000000000020344       0xbc 
                0x0000000000020400                _fw_info_start = .
 *(SORT_BY_NAME(SORT_BY_ALIGNMENT(.firmware_info*)))
 .firmware_info
                0x0000000000020400       0x3c modules/nrf/subsys/fw_info/lib..__nrf__subsys__fw_info.a(fw_info.c.obj)
                0x0000000000020400                m_firmware_info
                0x000000000000003c                _fw_info_size = ABSOLUTE ((. - _fw_info_start))

text            0x0000000000020440    0x1dbe4
                0x0000000000020440                _image_text_start = .
 *(SORT_BY_ALIGNMENT(.text))
 .text          0x0000000000020440      0x378 c:/users/fc/.zephyrtools/toolchain/zephyr-sdk-0.16.4/arm-zephyr-eabi/bin/../lib/gcc/arm-zephyr-eabi/12.2.0/thumb/v8-m.main/nofp\libgcc.a(_arm_addsubdf3.o)
                0x0000000000020440                __aeabi_drsub
                0x0000000000020448                __aeabi_dsub
                0x0000000000020448                __subdf3
                0x000000000002044c                __aeabi_dadd
                0x000000000002044c                __adddf3
                0x00000000000206c4                __floatunsidf
                0x00000000000206c4                __aeabi_ui2d
                0x00000000000206e4                __floatsidf
                0x00000000000206e4                __aeabi_i2d
                0x0000000000020708                __aeabi_f2d
                0x0000000000020708                __extendsfdf2
                0x000000000002074c                __floatundidf
                0x000000000002074c                __aeabi_ul2d
                0x000000000002075c                __floatdidf
                0x000000000002075c                __aeabi_l2d
 .text          0x00000000000207b8      0x424 c:/users/fc/.zephyrtools/toolchain/zephyr-sdk-0.16.4/arm-zephyr-eabi/bin/../lib/gcc/arm-zephyr-eabi/12.2.0/thumb/v8-m.main/nofp\libgcc.a(_arm_muldivdf3.o)
                0x00000000000207b8                __aeabi_dmul
                0x00000000000207b8                __muldf3
                0x0000000000020a0c                __divdf3
                0x0000000000020a0c                __aeabi_ddiv
 .text          0x0000000000020bdc       0xa0 c:/users/fc/.zephyrtools/toolchain/zephyr-sdk-0.16.4/arm-zephyr-eabi/bin/../lib/gcc/arm-zephyr-eabi/12.2.0/thumb/v8-m.main/nofp\libgcc.a(_arm_truncdfsf2.o)
                0x0000000000020bdc                __truncdfsf2
                0x0000000000020bdc                __aeabi_d2f
 .text          0x0000000000020c7c      0x21c c:/users/fc/.zephyrtools/toolchain/zephyr-sdk-0.16.4/arm-zephyr-eabi/bin/../lib/gcc/arm-zephyr-eabi/12.2.0/thumb/v8-m.main/nofp\libgcc.a(_arm_addsubsf3.o)
                0x0000000000020c7c                __aeabi_frsub
                0x0000000000020c84                __subsf3
                0x0000000000020c84                __aeabi_fsub
                0x0000000000020c88                __aeabi_fadd
                0x0000000000020c88                __addsf3
                0x0000000000020de8                __aeabi_ui2f
                0x0000000000020de8                __floatunsisf
                0x0000000000020df0                __aeabi_i2f
                0x0000000000020df0                __floatsisf
                0x0000000000020e0c                __aeabi_ul2f
                0x0000000000020e0c                __floatundisf
                0x0000000000020e1c                __aeabi_l2f
                0x0000000000020e1c                __floatdisf
 .text          0x0000000000020e98      0x2a0 c:/users/fc/.zephyrtools/toolchain/zephyr-sdk-0.16.4/arm-zephyr-eabi/bin/../lib/gcc/arm-zephyr-eabi/12.2.0/thumb/v8-m.main/nofp\libgcc.a(_arm_muldivsf3.o)
                0x0000000000020e98                __mulsf3
                0x0000000000020e98                __aeabi_fmul
                0x0000000000021000                __aeabi_fdiv
                0x0000000000021000                __divsf3
 .text          0x0000000000021138       0xa0 c:/users/fc/.zephyrtools/toolchain/zephyr-sdk-0.16.4/arm-zephyr-eabi/bin/../lib/gcc/arm-zephyr-eabi/12.2.0/thumb/v8-m.main/nofp\libgcc.a(_aeabi_ldivmod.o)
                0x0000000000021138                __aeabi_ldivmod
 .text          0x00000000000211d8       0x30 c:/users/fc/.zephyrtools/toolchain/zephyr-sdk-0.16.4/arm-zephyr-eabi/bin/../lib/gcc/arm-zephyr-eabi/12.2.0/thumb/v8-m.main/nofp\libgcc.a(_aeabi_uldivmod.o)
                0x00000000000211d8                __aeabi_uldivmod
 .text          0x0000000000021208        0x4 c:/users/fc/.zephyrtools/toolchain/zephyr-sdk-0.16.4/arm-zephyr-eabi/bin/../lib/gcc/arm-zephyr-eabi/12.2.0/thumb/v8-m.main/nofp\libgcc.a(_dvmd_tls.o)
                0x0000000000021208                __aeabi_idiv0
                0x0000000000021208                __aeabi_ldiv0
 .text          0x000000000002120c      0x110 c:/users/fc/.zephyrtools/toolchain/zephyr-sdk-0.16.4/arm-zephyr-eabi/bin/../lib/gcc/arm-zephyr-eabi/12.2.0/thumb/v8-m.main/nofp\libgcc.a(_arm_cmpdf2.o)
                0x000000000002120c                __gtdf2
                0x000000000002120c                __gedf2
                0x0000000000021214                __ltdf2
                0x0000000000021214                __ledf2
                0x000000000002121c                __nedf2
                0x000000000002121c                __eqdf2
                0x000000000002121c                __cmpdf2
                0x0000000000021298                __aeabi_cdrcmple
                0x00000000000212a8                __aeabi_cdcmpeq
                0x00000000000212a8                __aeabi_cdcmple
                0x00000000000212b8                __aeabi_dcmpeq
                0x00000000000212cc                __aeabi_dcmplt
                0x00000000000212e0                __aeabi_dcmple
                0x00000000000212f4                __aeabi_dcmpge
                0x0000000000021308                __aeabi_dcmpgt
 .text          0x000000000002131c       0x2c c:/users/fc/.zephyrtools/toolchain/zephyr-sdk-0.16.4/arm-zephyr-eabi/bin/../lib/gcc/arm-zephyr-eabi/12.2.0/thumb/v8-m.main/nofp\libgcc.a(_arm_unorddf2.o)
                0x000000000002131c                __unorddf2
                0x000000000002131c                __aeabi_dcmpun
 .text          0x0000000000021348       0x50 c:/users/fc/.zephyrtools/toolchain/zephyr-sdk-0.16.4/arm-zephyr-eabi/bin/../lib/gcc/arm-zephyr-eabi/12.2.0/thumb/v8-m.main/nofp\libgcc.a(_arm_fixdfsi.o)
                0x0000000000021348                __aeabi_d2iz
                0x0000000000021348                __fixdfsi
 .text          0x0000000000021398       0x26 c:/users/fc/.zephyrtools/toolchain/zephyr-sdk-0.16.4/arm-zephyr-eabi/bin/../lib/gcc/arm-zephyr-eabi/12.2.0/thumb/v8-m.main/nofp\libgcc.a(_popcountsi2.o)
                0x0000000000021398                __popcountsi2
 .text          0x00000000000213be      0x29c c:/users/fc/.zephyrtools/toolchain/zephyr-sdk-0.16.4/arm-zephyr-eabi/bin/../lib/gcc/arm-zephyr-eabi/12.2.0/thumb/v8-m.main/nofp\libgcc.a(_udivmoddi4.o)
                0x00000000000213be                __udivmoddi4
 .text          0x000000000002165a       0x14 C:/Users/FC/.zephyrtools/toolchain/zephyr-sdk-0.16.4/arm-zephyr-eabi/arm-zephyr-eabi/lib/thumb/v8-m.main/nofp\libc_nano.a(lib_a-strcmp.o)
                0x000000000002165a                strcmp
 .text          0x000000000002166e       0x10 C:/Users/FC/.zephyrtools/toolchain/zephyr-sdk-0.16.4/arm-zephyr-eabi/arm-zephyr-eabi/lib/thumb/v8-m.main/nofp\libc_nano.a(lib_a-strlen.o)
                0x000000000002166e                strlen
 *(SORT_BY_ALIGNMENT(.text.*))
 *fill*         0x000000000002167e        0x2 
 .text.read_adc
                0x0000000000021680      0x210 app/libapp.a(main.c.obj)
                0x0000000000021680                read_adc
 .text.lis2dh_attr_set
                0x0000000000021890      0x12c zephyr/drivers/sensor/lis2dh/libdrivers__sensor__lis2dh.a(lis2dh.c.obj)
 *fill*         0x00000000000219bc        0x4 
 .text._dtoa_r  0x00000000000219c0      0xc58 C:/Users/FC/.zephyrtools/toolchain/zephyr-sdk-0.16.4/arm-zephyr-eabi/arm-zephyr-eabi/lib/thumb/v8-m.main/nofp\libc_nano.a(lib_a-dtoa.o)
                0x00000000000219c0                _dtoa_r
 .text.uart_cb  0x0000000000022618       0xa8 app/libapp.a(main.c.obj)
 .text.send_uart_command
                0x00000000000226c0       0x30 app/libapp.a(main.c.obj)
                0x00000000000226c0                send_uart_command
 .text.UART     0x00000000000226f0       0xa8 app/libapp.a(main.c.obj)
                0x00000000000226f0                UART
 .text._check_fd
                0x0000000000022798       0x2c zephyr/libzephyr.a(fdtable.c.obj)
 .text.z_get_fd_obj
                0x00000000000227c4       0x30 zephyr/libzephyr.a(fdtable.c.obj)
                0x00000000000227c4                z_get_fd_obj
 .text.z_get_fd_obj_and_vtable
                0x00000000000227f4       0x34 zephyr/libzephyr.a(fdtable.c.obj)
                0x00000000000227f4                z_get_fd_obj_and_vtable
 .text.z_reserve_fd
                0x0000000000022828       0x6c zephyr/libzephyr.a(fdtable.c.obj)
                0x0000000000022828                z_reserve_fd
 .text.z_finalize_fd
                0x0000000000022894       0x30 zephyr/libzephyr.a(fdtable.c.obj)
                0x0000000000022894                z_finalize_fd
 .text.z_free_fd
                0x00000000000228c4       0x3c zephyr/libzephyr.a(fdtable.c.obj)
                0x00000000000228c4                z_free_fd
 .text.sys_notify_finalize
                0x0000000000022900       0x5c zephyr/libzephyr.a(notify.c.obj)
                0x0000000000022900                sys_notify_finalize
 .text.char_out
                0x000000000002295c       0x10 zephyr/libzephyr.a(printk.c.obj)
 .text.__printk_hook_install
                0x000000000002296c        0xc zephyr/libzephyr.a(printk.c.obj)
                0x000000000002296c                __printk_hook_install
 .text.vprintk  0x0000000000022978       0x1c zephyr/libzephyr.a(printk.c.obj)
                0x0000000000022978                vprintk
 .text.vsnprintk
                0x0000000000022994       0x28 zephyr/libzephyr.a(printk.c.obj)
                0x0000000000022994                vsnprintk
 .text.process_event
                0x00000000000229bc      0x438 zephyr/libzephyr.a(onoff.c.obj)
 .text.transition_complete
                0x0000000000022df4       0x64 zephyr/libzephyr.a(onoff.c.obj)
 .text.onoff_request
                0x0000000000022e58      0x134 zephyr/libzephyr.a(onoff.c.obj)
                0x0000000000022e58                onoff_request
 .text.timeutil_timegm64
                0x0000000000022f8c       0xe8 zephyr/libzephyr.a(timeutil.c.obj)
                0x0000000000022f8c                timeutil_timegm64
 .text.sys_heap_free
                0x0000000000023074       0xac zephyr/libzephyr.a(heap.c.obj)
                0x0000000000023074                sys_heap_free
 .text.sys_heap_aligned_alloc
                0x0000000000023120      0x118 zephyr/libzephyr.a(heap.c.obj)
                0x0000000000023120                sys_heap_aligned_alloc
 .text.sys_heap_init
                0x0000000000023238      0x140 zephyr/libzephyr.a(heap.c.obj)
                0x0000000000023238                sys_heap_init
 .text.extract_decimal
                0x0000000000023378       0x2c zephyr/libzephyr.a(cbprintf_complete.c.obj)
 .text.encode_uint
                0x00000000000233a4       0x98 zephyr/libzephyr.a(cbprintf_complete.c.obj)
 .text.cbvprintf
                0x000000000002343c      0x748 zephyr/libzephyr.a(cbprintf_complete.c.obj)
                0x000000000002343c                cbvprintf
 .text.nordicsemi_nrf91_init
                0x0000000000023b84       0x28 zephyr/libzephyr.a(soc.c.obj)
 .text.arch_busy_wait
                0x0000000000023bac       0x14 zephyr/libzephyr.a(soc.c.obj)
                0x0000000000023bac                arch_busy_wait
 .text.enable_logger
                0x0000000000023bc0       0x5c zephyr/libzephyr.a(log_core.c.obj)
 .text.log_process_thread_timer_expiry_fn
                0x0000000000023c1c        0xc zephyr/libzephyr.a(log_core.c.obj)
 .text.z_log_get_s_mask
                0x0000000000023c28       0x68 zephyr/libzephyr.a(log_core.c.obj)
                0x0000000000023c28                z_log_get_s_mask
 .text.log_core_init
                0x0000000000023c90       0x48 zephyr/libzephyr.a(log_core.c.obj)
                0x0000000000023c90                log_core_init
 .text.get_msg  0x0000000000023cd8       0x28 zephyr/libzephyr.a(log_core.c.obj)
                0x0000000000023cd8                get_msg
 .text.z_log_dropped
                0x0000000000023d00       0x18 zephyr/libzephyr.a(log_core.c.obj)
                0x0000000000023d00                z_log_dropped
 .text.z_log_dropped_read_and_clear
                0x0000000000023d18       0x18 zephyr/libzephyr.a(log_core.c.obj)
                0x0000000000023d18                z_log_dropped_read_and_clear
 .text.dropped_notify
                0x0000000000023d30       0x38 zephyr/libzephyr.a(log_core.c.obj)
                0x0000000000023d30                dropped_notify
 .text.log_source_name_get
                0x0000000000023d68       0x1c zephyr/libzephyr.a(log_core.c.obj)
                0x0000000000023d68                log_source_name_get
 .text.log_backend_enable
                0x0000000000023d84       0x5c zephyr/libzephyr.a(log_core.c.obj)
                0x0000000000023d84                log_backend_enable
 .text.log_init
                0x0000000000023de0       0x78 zephyr/libzephyr.a(log_core.c.obj)
                0x0000000000023de0                log_init
 .text.z_log_strdup
                0x0000000000023e58       0x68 zephyr/libzephyr.a(log_core.c.obj)
                0x0000000000023e58                z_log_strdup
 .text.log_is_strdup
                0x0000000000023ec0       0x1c zephyr/libzephyr.a(log_core.c.obj)
                0x0000000000023ec0                log_is_strdup
 .text.z_impl_log_process
                0x0000000000023edc      0x178 zephyr/libzephyr.a(log_core.c.obj)
                0x0000000000023edc                z_impl_log_process
 .text.log_process_thread_func
                0x0000000000024054       0x7c zephyr/libzephyr.a(log_core.c.obj)
 .text.msg_finalize
                0x00000000000240d0       0xbc zephyr/libzephyr.a(log_core.c.obj)
 .text.z_impl_log_panic
                0x000000000002418c       0x48 zephyr/libzephyr.a(log_core.c.obj)
                0x000000000002418c                z_impl_log_panic
 .text.log_free
                0x00000000000241d4       0x28 zephyr/libzephyr.a(log_core.c.obj)
                0x00000000000241d4                log_free
 .text.log_msg_pool_init
                0x00000000000241fc       0x14 zephyr/libzephyr.a(log_msg.c.obj)
                0x00000000000241fc                log_msg_pool_init
 .text.log_msg_no_space_handle
                0x0000000000024210       0x30 zephyr/libzephyr.a(log_msg.c.obj)
                0x0000000000024210                log_msg_no_space_handle
 .text.log_msg_chunk_alloc
                0x0000000000024240       0x28 zephyr/libzephyr.a(log_msg.c.obj)
                0x0000000000024240                log_msg_chunk_alloc
 .text.msg_free
                0x0000000000024268       0x78 zephyr/libzephyr.a(log_msg.c.obj)
 .text.log_msg_create_n
                0x00000000000242e0       0xf4 zephyr/libzephyr.a(log_msg.c.obj)
                0x00000000000242e0                log_msg_create_n
 .text.print_formatted
                0x00000000000243d4       0x24 zephyr/libzephyr.a(log_output.c.obj)
 .text.newline_print
                0x00000000000243f8       0x1c zephyr/libzephyr.a(log_output.c.obj)
 .text.hexdump_line_print
                0x0000000000024414       0xdc zephyr/libzephyr.a(log_output.c.obj)
 .text.prefix_print
                0x00000000000244f0      0x118 zephyr/libzephyr.a(log_output.c.obj)
 .text.postfix_print
                0x0000000000024608       0x28 zephyr/libzephyr.a(log_output.c.obj)
 .text.out_func
                0x0000000000024630       0x58 zephyr/libzephyr.a(log_output.c.obj)
 .text.log_output_msg_process
                0x0000000000024688      0x124 zephyr/libzephyr.a(log_output.c.obj)
                0x0000000000024688                log_output_msg_process
 .text.log_output_dropped_process
                0x00000000000247ac       0x58 zephyr/libzephyr.a(log_output.c.obj)
                0x00000000000247ac                log_output_dropped_process
 .text.log_output_timestamp_freq_set
                0x0000000000024804       0x2c zephyr/libzephyr.a(log_output.c.obj)
                0x0000000000024804                log_output_timestamp_freq_set
 .text.char_out
                0x0000000000024830       0x24 zephyr/libzephyr.a(log_backend_uart.c.obj)
 .text.panic    0x0000000000024854        0xc zephyr/libzephyr.a(log_backend_uart.c.obj)
 .text.dropped  0x0000000000024860        0xc zephyr/libzephyr.a(log_backend_uart.c.obj)
 .text.log_backend_uart_init
                0x000000000002486c       0x3c zephyr/libzephyr.a(log_backend_uart.c.obj)
 .text.put      0x00000000000248a8       0x24 zephyr/libzephyr.a(log_backend_uart.c.obj)
 .text.log_backend_rtt_init
                0x00000000000248cc        0xc zephyr/libzephyr.a(log_backend_rtt.c.obj)
 .text.panic    0x00000000000248d8       0x14 zephyr/libzephyr.a(log_backend_rtt.c.obj)
 .text.dropped  0x00000000000248ec        0xc zephyr/libzephyr.a(log_backend_rtt.c.obj)
 .text.put      0x00000000000248f8       0x24 zephyr/libzephyr.a(log_backend_rtt.c.obj)
 .text.on_failed_write
                0x000000000002491c       0x28 zephyr/libzephyr.a(log_backend_rtt.c.obj)
 .text.data_out_block_mode
                0x0000000000024944       0xa4 zephyr/libzephyr.a(log_backend_rtt.c.obj)
 .text.sntp_query
                0x00000000000249e8      0x124 zephyr/libzephyr.a(sntp.c.obj)
                0x00000000000249e8                sntp_query
 .text.z_impl_zsock_socket
                0x0000000000024b0c       0xa8 zephyr/libzephyr.a(sockets.c.obj)
                0x0000000000024b0c                z_impl_zsock_socket
 .text.zsock_poll_internal
                0x0000000000024bb4      0x224 zephyr/libzephyr.a(sockets.c.obj)
                0x0000000000024bb4                zsock_poll_internal
 .text.socket_offload_dns_register
                0x0000000000024dd8       0x4c zephyr/libzephyr.a(socket_offload.c.obj)
                0x0000000000024dd8                socket_offload_dns_register
 .text.socket_offload_getaddrinfo
                0x0000000000024e24       0x74 zephyr/libzephyr.a(socket_offload.c.obj)
                0x0000000000024e24                socket_offload_getaddrinfo
 .text.socket_offload_freeaddrinfo
                0x0000000000024e98       0x58 zephyr/libzephyr.a(socket_offload.c.obj)
                0x0000000000024e98                socket_offload_freeaddrinfo
 .text.get_flash_area_from_id
                0x0000000000024ef0       0x2c zephyr/libzephyr.a(flash_map.c.obj)
 .text.flash_area_open
                0x0000000000024f1c       0x28 zephyr/libzephyr.a(flash_map.c.obj)
                0x0000000000024f1c                flash_area_open
 .text.pm_state_notify
                0x0000000000024f44       0xac zephyr/libzephyr.a(power.c.obj)
 .text.pm_system_resume
                0x0000000000024ff0       0x4c zephyr/libzephyr.a(power.c.obj)
                0x0000000000024ff0                pm_system_resume
 .text.pm_system_suspend
                0x000000000002503c       0xbc zephyr/libzephyr.a(power.c.obj)
                0x000000000002503c                pm_system_suspend
 .text.uart_console_init
                0x00000000000250f8       0x2c zephyr/libzephyr.a(uart_console.c.obj)
 .text.console_out
                0x0000000000025124       0x28 zephyr/libzephyr.a(uart_console.c.obj)
 .text.onoff_start
                0x000000000002514c       0x3c zephyr/libzephyr.a(clock_control_nrf.c.obj)
 .text.get_status
                0x0000000000025188       0x3c zephyr/libzephyr.a(clock_control_nrf.c.obj)
 .text.stop     0x00000000000251c4       0x80 zephyr/libzephyr.a(clock_control_nrf.c.obj)
 .text.onoff_stop
                0x0000000000025244       0x28 zephyr/libzephyr.a(clock_control_nrf.c.obj)
 .text.clk_init
                0x000000000002526c       0x60 zephyr/libzephyr.a(clock_control_nrf.c.obj)
 .text.clkstarted_handle.constprop.0
                0x00000000000252cc       0x34 zephyr/libzephyr.a(clock_control_nrf.c.obj)
 .text.clock_event_handler
                0x0000000000025300       0x60 zephyr/libzephyr.a(clock_control_nrf.c.obj)
 .text.generic_hfclk_start
                0x0000000000025360       0x64 zephyr/libzephyr.a(clock_control_nrf.c.obj)
 .text.api_blocking_start
                0x00000000000253c4       0x3c zephyr/libzephyr.a(clock_control_nrf.c.obj)
 .text.generic_hfclk_stop
                0x0000000000025400       0x24 zephyr/libzephyr.a(clock_control_nrf.c.obj)
 .text.z_nrf_clock_control_lf_on
                0x0000000000025424      0x140 zephyr/libzephyr.a(clock_control_nrf.c.obj)
                0x0000000000025424                z_nrf_clock_control_lf_on
 .text.sys_clock_isr
                0x0000000000025564       0x28 zephyr/libzephyr.a(sys_clock_init.c.obj)
                0x0000000000025564                sys_clock_isr
 .text.sys_clock_timeout_handler
                0x000000000002558c       0x18 zephyr/libzephyr.a(nrf_rtc_timer.c.obj)
 .text.set_absolute_alarm
                0x00000000000255a4       0x98 zephyr/libzephyr.a(nrf_rtc_timer.c.obj)
 .text.rtc_nrf_isr
                0x000000000002563c       0x50 zephyr/libzephyr.a(nrf_rtc_timer.c.obj)
                0x000000000002563c                rtc_nrf_isr
 .text.sys_clock_driver_init
                0x000000000002568c       0x4c zephyr/libzephyr.a(nrf_rtc_timer.c.obj)
                0x000000000002568c                sys_clock_driver_init
 .text.sys_clock_set_timeout
                0x00000000000256d8       0x64 zephyr/libzephyr.a(nrf_rtc_timer.c.obj)
                0x00000000000256d8                sys_clock_set_timeout
 .text.sys_clock_elapsed
                0x000000000002573c       0x1c zephyr/libzephyr.a(nrf_rtc_timer.c.obj)
                0x000000000002573c                sys_clock_elapsed
 .text.sys_clock_cycle_get_32
                0x0000000000025758       0xa4 zephyr/libzephyr.a(nrf_rtc_timer.c.obj)
                0x0000000000025758                sys_clock_cycle_get_32
 .text.before_nse
                0x00000000000257fc       0x14 zephyr/libzephyr.a(secure_services_ns.c.obj)
                0x00000000000257fc                before_nse
 .text.after_nse
                0x0000000000025810       0x14 zephyr/libzephyr.a(secure_services_ns.c.obj)
                0x0000000000025810                after_nse
 .text.arch_swap
                0x0000000000025824       0x34 zephyr/arch/arch/arm/core/aarch32/libarch__arm__core__aarch32.a(swap.c.obj)
                0x0000000000025824                arch_swap
 .text.z_arm_pendsv
                0x0000000000025858       0x58 zephyr/arch/arch/arm/core/aarch32/libarch__arm__core__aarch32.a(swap_helper.S.obj)
                0x0000000000025858                z_arm_pendsv
 .text.z_arm_svc
                0x00000000000258b0       0x20 zephyr/arch/arch/arm/core/aarch32/libarch__arm__core__aarch32.a(swap_helper.S.obj)
                0x00000000000258b0                z_arm_svc
 .text.arch_irq_enable
                0x00000000000258d0       0x1c zephyr/arch/arch/arm/core/aarch32/libarch__arm__core__aarch32.a(irq_manage.c.obj)
                0x00000000000258d0                arch_irq_enable
 .text.arch_irq_is_enabled
                0x00000000000258ec       0x1c zephyr/arch/arch/arm/core/aarch32/libarch__arm__core__aarch32.a(irq_manage.c.obj)
                0x00000000000258ec                arch_irq_is_enabled
 .text.z_arm_irq_priority_set
                0x0000000000025908       0x64 zephyr/arch/arch/arm/core/aarch32/libarch__arm__core__aarch32.a(irq_manage.c.obj)
                0x0000000000025908                z_arm_irq_priority_set
 .text._arch_isr_direct_pm
                0x000000000002596c       0x1c zephyr/arch/arch/arm/core/aarch32/libarch__arm__core__aarch32.a(irq_manage.c.obj)
                0x000000000002596c                _arch_isr_direct_pm
 .text.arch_new_thread
                0x0000000000025988       0x38 zephyr/arch/arch/arm/core/aarch32/libarch__arm__core__aarch32.a(thread.c.obj)
                0x0000000000025988                arch_new_thread
 .text.arch_switch_to_main_thread
                0x00000000000259c0       0x28 zephyr/arch/arch/arm/core/aarch32/libarch__arm__core__aarch32.a(thread.c.obj)
                0x00000000000259c0                arch_switch_to_main_thread
 .text.z_arm_cpu_idle_init
                0x00000000000259e8        0xc zephyr/arch/arch/arm/core/aarch32/libarch__arm__core__aarch32.a(cpu_idle.S.obj)
                0x00000000000259e8                z_arm_cpu_idle_init
 .text.arch_cpu_idle
                0x00000000000259f4       0x1c zephyr/arch/arch/arm/core/aarch32/libarch__arm__core__aarch32.a(cpu_idle.S.obj)
                0x00000000000259f4                arch_cpu_idle
 .text.arch_cpu_atomic_idle
                0x0000000000025a10       0x14 zephyr/arch/arch/arm/core/aarch32/libarch__arm__core__aarch32.a(cpu_idle.S.obj)
                0x0000000000025a10                arch_cpu_atomic_idle
 .text.z_arm_fatal_error
                0x0000000000025a24       0x70 zephyr/arch/arch/arm/core/aarch32/libarch__arm__core__aarch32.a(fatal.c.obj)
                0x0000000000025a24                z_arm_fatal_error
 .text.z_SysNmiOnReset
                0x0000000000025a94        0x8 zephyr/arch/arch/arm/core/aarch32/libarch__arm__core__aarch32.a(nmi_on_reset.S.obj)
                0x0000000000025a94                z_SysNmiOnReset
 .text.z_arm_prep_c
                0x0000000000025a9c       0x38 zephyr/arch/arch/arm/core/aarch32/libarch__arm__core__aarch32.a(prep_c.c.obj)
                0x0000000000025a9c                z_arm_prep_c
 .text._isr_wrapper
                0x0000000000025ad4       0x40 zephyr/arch/arch/arm/core/aarch32/libarch__arm__core__aarch32.a(isr_wrapper.S.obj)
                0x0000000000025ad4                _isr_wrapper
 .text._reset_section
                0x0000000000025b14       0x60 zephyr/arch/arch/arm/core/aarch32/cortex_m/libarch__arm__core__aarch32__cortex_m.a(reset.S.obj)
                0x0000000000025b14                __start
                0x0000000000025b14                z_arm_reset
 .text.__fault  0x0000000000025b74       0x14 zephyr/arch/arch/arm/core/aarch32/cortex_m/libarch__arm__core__aarch32__cortex_m.a(fault_s.S.obj)
                0x0000000000025b74                z_arm_usage_fault
                0x0000000000025b74                z_arm_mpu_fault
                0x0000000000025b74                z_arm_exc_spurious
                0x0000000000025b74                z_arm_debug_monitor
                0x0000000000025b74                z_arm_hard_fault
                0x0000000000025b74                z_arm_bus_fault
 .text.usage_fault.constprop.0
                0x0000000000025b88       0xd0 zephyr/arch/arch/arm/core/aarch32/cortex_m/libarch__arm__core__aarch32__cortex_m.a(fault.c.obj)
 .text.bus_fault.constprop.0
                0x0000000000025c58       0xdc zephyr/arch/arch/arm/core/aarch32/cortex_m/libarch__arm__core__aarch32__cortex_m.a(fault.c.obj)
 .text.mem_manage_fault.constprop.0
                0x0000000000025d34      0x10c zephyr/arch/arch/arm/core/aarch32/cortex_m/libarch__arm__core__aarch32__cortex_m.a(fault.c.obj)
 .text.z_arm_fault
                0x0000000000025e40      0x1d4 zephyr/arch/arch/arm/core/aarch32/cortex_m/libarch__arm__core__aarch32__cortex_m.a(fault.c.obj)
                0x0000000000025e40                z_arm_fault
 .text.z_arm_fault_init
                0x0000000000026014       0x18 zephyr/arch/arch/arm/core/aarch32/cortex_m/libarch__arm__core__aarch32__cortex_m.a(fault.c.obj)
                0x0000000000026014                z_arm_fault_init
 .text._HandlerModeExit
                0x000000000002602c       0x1c zephyr/arch/arch/arm/core/aarch32/cortex_m/libarch__arm__core__aarch32__cortex_m.a(exc_exit.S.obj)
                0x000000000002602c                z_arm_int_exit
                0x000000000002602c                z_arm_exc_exit
 .text.sys_arch_reboot
                0x0000000000026048       0x24 zephyr/arch/arch/arm/core/aarch32/cortex_m/libarch__arm__core__aarch32__cortex_m.a(scb.c.obj)
                0x0000000000026048                sys_arch_reboot
 .text.z_arm_clear_arm_mpu_config
                0x000000000002606c       0x24 zephyr/arch/arch/arm/core/aarch32/cortex_m/libarch__arm__core__aarch32__cortex_m.a(scb.c.obj)
                0x000000000002606c                z_arm_clear_arm_mpu_config
 .text.z_arm_init_arch_hw_at_boot
                0x0000000000026090       0x4c zephyr/arch/arch/arm/core/aarch32/cortex_m/libarch__arm__core__aarch32__cortex_m.a(scb.c.obj)
                0x0000000000026090                z_arm_init_arch_hw_at_boot
 .text.z_arm_interrupt_init
                0x00000000000260dc       0x18 zephyr/arch/arch/arm/core/aarch32/cortex_m/libarch__arm__core__aarch32__cortex_m.a(irq_init.c.obj)
                0x00000000000260dc                z_arm_interrupt_init
 .text.z_impl_k_thread_abort
                0x00000000000260f4       0x24 zephyr/arch/arch/arm/core/aarch32/cortex_m/libarch__arm__core__aarch32__cortex_m.a(thread_abort.c.obj)
                0x00000000000260f4                z_impl_k_thread_abort
 .text.z_arm_configure_static_mpu_regions
                0x0000000000026118       0x38 zephyr/arch/arch/arm/core/aarch32/mpu/libarch__arm__core__aarch32__mpu.a(arm_core_mpu.c.obj)
                0x0000000000026118                z_arm_configure_static_mpu_regions
 .text.region_init
                0x0000000000026150       0x34 zephyr/arch/arch/arm/core/aarch32/mpu/libarch__arm__core__aarch32__mpu.a(arm_mpu.c.obj)
 .text.region_allocate_and_init
                0x0000000000026184       0x34 zephyr/arch/arch/arm/core/aarch32/mpu/libarch__arm__core__aarch32__mpu.a(arm_mpu.c.obj)
 .text.mpu_configure_regions_and_partition.constprop.0
                0x00000000000261b8      0x180 zephyr/arch/arch/arm/core/aarch32/mpu/libarch__arm__core__aarch32__mpu.a(arm_mpu.c.obj)
 .text.arm_core_mpu_enable
                0x0000000000026338       0x18 zephyr/arch/arch/arm/core/aarch32/mpu/libarch__arm__core__aarch32__mpu.a(arm_mpu.c.obj)
                0x0000000000026338                arm_core_mpu_enable
 .text.arm_core_mpu_disable
                0x0000000000026350       0x14 zephyr/arch/arch/arm/core/aarch32/mpu/libarch__arm__core__aarch32__mpu.a(arm_mpu.c.obj)
                0x0000000000026350                arm_core_mpu_disable
 .text.arm_core_mpu_configure_static_mpu_regions
                0x0000000000026364       0x4c zephyr/arch/arch/arm/core/aarch32/mpu/libarch__arm__core__aarch32__mpu.a(arm_mpu.c.obj)
                0x0000000000026364                arm_core_mpu_configure_static_mpu_regions
 .text.arm_core_mpu_mark_areas_for_dynamic_regions
                0x00000000000263b0       0xec zephyr/arch/arch/arm/core/aarch32/mpu/libarch__arm__core__aarch32__mpu.a(arm_mpu.c.obj)
                0x00000000000263b0                arm_core_mpu_mark_areas_for_dynamic_regions
 .text.z_arm_mpu_init
                0x000000000002649c       0xb4 zephyr/arch/arch/arm/core/aarch32/mpu/libarch__arm__core__aarch32__mpu.a(arm_mpu.c.obj)
                0x000000000002649c                z_arm_mpu_init
 .text.malloc_prepare
                0x0000000000026550       0x44 zephyr/lib/libc/newlib/liblib__libc__newlib.a(libc-hooks.c.obj)
 .text.__stdout_hook_install
                0x0000000000026594        0xc zephyr/lib/libc/newlib/liblib__libc__newlib.a(libc-hooks.c.obj)
                0x0000000000026594                __stdout_hook_install
 .text.z_impl_zephyr_read_stdin
                0x00000000000265a0       0x28 zephyr/lib/libc/newlib/liblib__libc__newlib.a(libc-hooks.c.obj)
                0x00000000000265a0                z_impl_zephyr_read_stdin
 .text.z_impl_zephyr_write_stdout
                0x00000000000265c8       0x30 zephyr/lib/libc/newlib/liblib__libc__newlib.a(libc-hooks.c.obj)
                0x00000000000265c8                z_impl_zephyr_write_stdout
 .text._exit    0x00000000000265f8       0x10 zephyr/lib/libc/newlib/liblib__libc__newlib.a(libc-hooks.c.obj)
                0x00000000000265f8                _exit
 .text._sbrk    0x0000000000026608       0x28 zephyr/lib/libc/newlib/liblib__libc__newlib.a(libc-hooks.c.obj)
                0x0000000000026608                sbrk
                0x0000000000026608                _sbrk
 .text.__malloc_lock
                0x0000000000026630       0x14 zephyr/lib/libc/newlib/liblib__libc__newlib.a(libc-hooks.c.obj)
                0x0000000000026630                __malloc_lock
 .text.__malloc_unlock
                0x0000000000026644        0xc zephyr/lib/libc/newlib/liblib__libc__newlib.a(libc-hooks.c.obj)
                0x0000000000026644                __malloc_unlock
 .text.board_circuitdojo_feather_nrf9160_init
                0x0000000000026650       0x68 zephyr/boards/boards/arm/circuitdojo_feather_nrf9160_ns/libboards__arm__circuitdojo_feather_nrf9160.a(board.c.obj)
 .text.registry_find
                0x00000000000266b8       0x2c zephyr/subsys/fs/libsubsys__fs.a(fs.c.obj)
 .text.fs_init  0x00000000000266e4       0x1c zephyr/subsys/fs/libsubsys__fs.a(fs.c.obj)
 .text.k_mutex_lock.constprop.0.isra.0
                0x0000000000026700       0x10 zephyr/subsys/fs/libsubsys__fs.a(fs.c.obj)
 .text.k_mutex_unlock.constprop.0.isra.0
                0x0000000000026710        0xc zephyr/subsys/fs/libsubsys__fs.a(fs.c.obj)
 .text.fs_register
                0x000000000002671c       0x50 zephyr/subsys/fs/libsubsys__fs.a(fs.c.obj)
                0x000000000002671c                fs_register
 .text.fs_impl_strip_prefix
                0x000000000002676c       0x18 zephyr/subsys/fs/libsubsys__fs.a(fs_impl.c.obj)
                0x000000000002676c                fs_impl_strip_prefix
 .text.littlefs_init
                0x0000000000026784        0xc zephyr/subsys/fs/libsubsys__fs.a(littlefs_fs.c.obj)
 .text.release_file_data
                0x0000000000026790       0x28 zephyr/subsys/fs/libsubsys__fs.a(littlefs_fs.c.obj)
 .text.lfs_to_errno
                0x00000000000267b8       0x1c zephyr/subsys/fs/libsubsys__fs.a(littlefs_fs.c.obj)
 .text.errno_to_lfs
                0x00000000000267d4       0x20 zephyr/subsys/fs/libsubsys__fs.a(littlefs_fs.c.obj)
 .text.littlefs_open
                0x00000000000267f4       0xac zephyr/subsys/fs/libsubsys__fs.a(littlefs_fs.c.obj)
 .text.littlefs_opendir
                0x00000000000268a0       0x68 zephyr/subsys/fs/libsubsys__fs.a(littlefs_fs.c.obj)
 .text.littlefs_closedir
                0x0000000000026908       0x38 zephyr/subsys/fs/libsubsys__fs.a(littlefs_fs.c.obj)
 .text.littlefs_unmount
                0x0000000000026940       0x58 zephyr/subsys/fs/libsubsys__fs.a(littlefs_fs.c.obj)
 .text.littlefs_mount
                0x0000000000026998      0x320 zephyr/subsys/fs/libsubsys__fs.a(littlefs_fs.c.obj)
 .text.net_if_flag_set.constprop.0
                0x0000000000026cb8       0x4c zephyr/subsys/net/ip/libsubsys__net__ip.a(net_if.c.obj)
 .text.k_mutex_lock.constprop.0.isra.0
                0x0000000000026d04       0x10 zephyr/subsys/net/ip/libsubsys__net__ip.a(net_if.c.obj)
 .text.k_mutex_unlock.constprop.0.isra.0
                0x0000000000026d14        0xc zephyr/subsys/net/ip/libsubsys__net__ip.a(net_if.c.obj)
 .text.net_if_up
                0x0000000000026d20       0x90 zephyr/subsys/net/ip/libsubsys__net__ip.a(net_if.c.obj)
                0x0000000000026d20                net_if_up
 .text.net_if_init
                0x0000000000026db0       0x74 zephyr/subsys/net/ip/libsubsys__net__ip.a(net_if.c.obj)
                0x0000000000026db0                net_if_init
 .text.net_if_post_init
                0x0000000000026e24       0x5c zephyr/subsys/net/ip/libsubsys__net__ip.a(net_if.c.obj)
                0x0000000000026e24                net_if_post_init
 .text.adc_nrfx_channel_setup
                0x0000000000026e80      0x120 zephyr/drivers/adc/libdrivers__adc.a(adc_nrfx_saadc.c.obj)
 .text.adc_context_start_sampling.isra.0
                0x0000000000026fa0       0x18 zephyr/drivers/adc/libdrivers__adc.a(adc_nrfx_saadc.c.obj)
 .text.adc_nrfx_read
                0x0000000000026fb8      0x210 zephyr/drivers/adc/libdrivers__adc.a(adc_nrfx_saadc.c.obj)
 .text.init_saadc
                0x00000000000271c8       0x44 zephyr/drivers/adc/libdrivers__adc.a(adc_nrfx_saadc.c.obj)
 .text.saadc_irq_handler
                0x000000000002720c       0xcc zephyr/drivers/adc/libdrivers__adc.a(adc_nrfx_saadc.c.obj)
 .text.gpio_nrfx_manage_callback
                0x00000000000272d8       0xac zephyr/drivers/gpio/libdrivers__gpio.a(gpio_nrfx.c.obj)
 .text.nrf_gpio_pin_port_decode
                0x0000000000027384       0x68 zephyr/drivers/gpio/libdrivers__gpio.a(gpio_nrfx.c.obj)
 .text.gpio_nrfx_init
                0x00000000000273ec       0x30 zephyr/drivers/gpio/libdrivers__gpio.a(gpio_nrfx.c.obj)
 .text.gpio_nrfx_config
                0x000000000002741c       0xc8 zephyr/drivers/gpio/libdrivers__gpio.a(gpio_nrfx.c.obj)
 .text.gpio_nrfx_pin_interrupt_configure
                0x00000000000274e4      0x1a8 zephyr/drivers/gpio/libdrivers__gpio.a(gpio_nrfx.c.obj)
 .text.gpiote_event_handler
                0x000000000002768c      0x174 zephyr/drivers/gpio/libdrivers__gpio.a(gpio_nrfx.c.obj)
 .text.i2c_nrfx_twim_configure
                0x0000000000027800       0x54 zephyr/drivers/i2c/libdrivers__i2c.a(i2c_nrfx_twim.c.obj)
 .text.twim_1_init
                0x0000000000027854       0x58 zephyr/drivers/i2c/libdrivers__i2c.a(i2c_nrfx_twim.c.obj)
 .text.event_handler
                0x00000000000278ac       0x34 zephyr/drivers/i2c/libdrivers__i2c.a(i2c_nrfx_twim.c.obj)
 .text.i2c_nrfx_twim_transfer
                0x00000000000278e0      0x1d0 zephyr/drivers/i2c/libdrivers__i2c.a(i2c_nrfx_twim.c.obj)
 .text.lis2dh_channel_get
                0x0000000000027ab0       0x54 zephyr/drivers/sensor/lis2dh/libdrivers__sensor__lis2dh.a(lis2dh.c.obj)
 .text.lis2dh_init
                0x0000000000027b04      0x15c zephyr/drivers/sensor/lis2dh/libdrivers__sensor__lis2dh.a(lis2dh.c.obj)
                0x0000000000027b04                lis2dh_init
 .text.lis2dh_sample_fetch
                0x0000000000027c60       0x78 zephyr/drivers/sensor/lis2dh/libdrivers__sensor__lis2dh.a(lis2dh.c.obj)
 .text.lis2dh_i2c_init
                0x0000000000027cd8       0x10 zephyr/drivers/sensor/lis2dh/libdrivers__sensor__lis2dh.a(lis2dh_i2c.c.obj)
                0x0000000000027cd8                lis2dh_i2c_init
 .text.gpio_pin_set.isra.0
                0x0000000000027ce8       0x8c zephyr/drivers/spi/libdrivers__spi.a(spi_nrfx_spim.c.obj)
 .text.spi_3_init
                0x0000000000027d74       0x60 zephyr/drivers/spi/libdrivers__spi.a(spi_nrfx_spim.c.obj)
 .text.transfer_next_chunk
                0x0000000000027dd4       0xd0 zephyr/drivers/spi/libdrivers__spi.a(spi_nrfx_spim.c.obj)
 .text.event_handler
                0x0000000000027ea4       0xb8 zephyr/drivers/spi/libdrivers__spi.a(spi_nrfx_spim.c.obj)
 .text.spi_nrfx_transceive
                0x0000000000027f5c      0x3d8 zephyr/drivers/spi/libdrivers__spi.a(spi_nrfx_spim.c.obj)
 .text.flash_nor_get_parameters
                0x0000000000028334        0x8 zephyr/drivers/flash/libdrivers__flash.a(spi_nor.c.obj)
 .text.spi_nor_erase
                0x000000000002833c      0x128 zephyr/drivers/flash/libdrivers__flash.a(spi_nor.c.obj)
 .text.spi_nor_init
                0x0000000000028464      0x21c zephyr/drivers/flash/libdrivers__flash.a(spi_nor.c.obj)
 .text.flash_nrf_pages_layout
                0x0000000000028680       0x10 zephyr/drivers/flash/libdrivers__flash.a(soc_flash_nrf.c.obj)
 .text.flash_nrf_get_parameters
                0x0000000000028690        0x8 zephyr/drivers/flash/libdrivers__flash.a(soc_flash_nrf.c.obj)
 .text.flash_nrf_read
                0x0000000000028698       0x60 zephyr/drivers/flash/libdrivers__flash.a(soc_flash_nrf.c.obj)
 .text.nrf_flash_init
                0x00000000000286f8       0x28 zephyr/drivers/flash/libdrivers__flash.a(soc_flash_nrf.c.obj)
 .text.flash_nrf_erase
                0x0000000000028720       0xa4 zephyr/drivers/flash/libdrivers__flash.a(soc_flash_nrf.c.obj)
 .text.flash_nrf_write
                0x00000000000287c4       0xa4 zephyr/drivers/flash/libdrivers__flash.a(soc_flash_nrf.c.obj)
 .text.nrf_gpio_pin_port_decode
                0x0000000000028868       0x68 zephyr/drivers/serial/libdrivers__serial.a(uart_nrfx_uarte.c.obj)
 .text.uarte_nrfx_configure
                0x00000000000288d0      0x16c zephyr/drivers/serial/libdrivers__serial.a(uart_nrfx_uarte.c.obj)
 .text.uarte_nrfx_poll_out
                0x0000000000028a3c       0xb4 zephyr/drivers/serial/libdrivers__serial.a(uart_nrfx_uarte.c.obj)
 .text.uarte_nrfx_rx_enable
                0x0000000000028af0      0x12c zephyr/drivers/serial/libdrivers__serial.a(uart_nrfx_uarte.c.obj)
 .text.uarte_instance_init.constprop.0
                0x0000000000028c1c      0x248 zephyr/drivers/serial/libdrivers__serial.a(uart_nrfx_uarte.c.obj)
 .text.uarte_2_init
                0x0000000000028e64       0x30 zephyr/drivers/serial/libdrivers__serial.a(uart_nrfx_uarte.c.obj)
 .text.uarte_0_init
                0x0000000000028e94       0x30 zephyr/drivers/serial/libdrivers__serial.a(uart_nrfx_uarte.c.obj)
 .text.entropy_cc3xx_rng_get_entropy
                0x0000000000028ec4       0x7c zephyr/drivers/entropy/libdrivers__entropy.a(entropy_cc310.c.obj)
 .text._nrf_modem_lib_init
                0x0000000000028f40       0x70 modules/nrf/lib/nrf_modem_lib/lib..__nrf__lib__nrf_modem_lib.a(nrf_modem_lib.c.obj)
 .text.nrf_modem_lib_shutdown_wait
                0x0000000000028fb0       0x94 modules/nrf/lib/nrf_modem_lib/lib..__nrf__lib__nrf_modem_lib.a(nrf_modem_lib.c.obj)
                0x0000000000028fb0                nrf_modem_lib_shutdown_wait
 .text.thread_monitor_entry_get
                0x0000000000029044       0x4c modules/nrf/lib/nrf_modem_lib/lib..__nrf__lib__nrf_modem_lib.a(nrf_modem_os.c.obj)
 .text.rpc_proxy_irq_handler
                0x0000000000029090       0x48 modules/nrf/lib/nrf_modem_lib/lib..__nrf__lib__nrf_modem_lib.a(nrf_modem_os.c.obj)
                0x0000000000029090                rpc_proxy_irq_handler
 .text.nrf_modem_os_timedwait
                0x00000000000290d8      0x16c modules/nrf/lib/nrf_modem_lib/lib..__nrf__lib__nrf_modem_lib.a(nrf_modem_os.c.obj)
                0x00000000000290d8                nrf_modem_os_timedwait
 .text.nrf_modem_os_errno_set
                0x0000000000029244      0x324 modules/nrf/lib/nrf_modem_lib/lib..__nrf__lib__nrf_modem_lib.a(nrf_modem_os.c.obj)
                0x0000000000029244                nrf_modem_os_errno_set
 .text.nrf_modem_os_sem_init
                0x0000000000029568       0x80 modules/nrf/lib/nrf_modem_lib/lib..__nrf__lib__nrf_modem_lib.a(nrf_modem_os.c.obj)
                0x0000000000029568                nrf_modem_os_sem_init
 .text.nrf_modem_os_application_irq_set
                0x00000000000295e8       0x10 modules/nrf/lib/nrf_modem_lib/lib..__nrf__lib__nrf_modem_lib.a(nrf_modem_os.c.obj)
                0x00000000000295e8                nrf_modem_os_application_irq_set
 .text.nrf_modem_os_application_irq_clear
                0x00000000000295f8       0x10 modules/nrf/lib/nrf_modem_lib/lib..__nrf__lib__nrf_modem_lib.a(nrf_modem_os.c.obj)
                0x00000000000295f8                nrf_modem_os_application_irq_clear
 .text.nrf_modem_os_trace_irq_set
                0x0000000000029608       0x10 modules/nrf/lib/nrf_modem_lib/lib..__nrf__lib__nrf_modem_lib.a(nrf_modem_os.c.obj)
                0x0000000000029608                nrf_modem_os_trace_irq_set
 .text.nrf_modem_os_trace_irq_clear
                0x0000000000029618       0x10 modules/nrf/lib/nrf_modem_lib/lib..__nrf__lib__nrf_modem_lib.a(nrf_modem_os.c.obj)
                0x0000000000029618                nrf_modem_os_trace_irq_clear
 .text.nrf_modem_os_alloc
                0x0000000000029628       0x10 modules/nrf/lib/nrf_modem_lib/lib..__nrf__lib__nrf_modem_lib.a(nrf_modem_os.c.obj)
                0x0000000000029628                nrf_modem_os_alloc
 .text.nrf_modem_os_free
                0x0000000000029638        0xc modules/nrf/lib/nrf_modem_lib/lib..__nrf__lib__nrf_modem_lib.a(nrf_modem_os.c.obj)
                0x0000000000029638                nrf_modem_os_free
 .text.nrf_modem_os_shm_tx_alloc
                0x0000000000029644       0x10 modules/nrf/lib/nrf_modem_lib/lib..__nrf__lib__nrf_modem_lib.a(nrf_modem_os.c.obj)
                0x0000000000029644                nrf_modem_os_shm_tx_alloc
 .text.nrf_modem_os_shm_tx_free
                0x0000000000029654        0xc modules/nrf/lib/nrf_modem_lib/lib..__nrf__lib__nrf_modem_lib.a(nrf_modem_os.c.obj)
                0x0000000000029654                nrf_modem_os_shm_tx_free
 .text.nrf_modem_os_init
                0x0000000000029660       0x50 modules/nrf/lib/nrf_modem_lib/lib..__nrf__lib__nrf_modem_lib.a(nrf_modem_os.c.obj)
                0x0000000000029660                nrf_modem_os_init
 .text.z_to_nrf_optname
                0x00000000000296b0      0x1a4 modules/nrf/lib/nrf_modem_lib/lib..__nrf__lib__nrf_modem_lib.a(nrf91_sockets.c.obj)
 .text.nrf91_nrf_modem_lib_socket_offload_init
                0x0000000000029854       0x20 modules/nrf/lib/nrf_modem_lib/lib..__nrf__lib__nrf_modem_lib.a(nrf91_sockets.c.obj)
 .text.nrf91_socket_offload_ioctl
                0x0000000000029874      0x154 modules/nrf/lib/nrf_modem_lib/lib..__nrf__lib__nrf_modem_lib.a(nrf91_sockets.c.obj)
 .text.nrf91_socket_iface_init
                0x00000000000299c8       0x18 modules/nrf/lib/nrf_modem_lib/lib..__nrf__lib__nrf_modem_lib.a(nrf91_sockets.c.obj)
 .text.nrf91_socket_offload_getaddrinfo
                0x00000000000299e0      0x260 modules/nrf/lib/nrf_modem_lib/lib..__nrf__lib__nrf_modem_lib.a(nrf91_sockets.c.obj)
 .text.nrf91_socket_offload_sendmsg
                0x0000000000029c40      0x110 modules/nrf/lib/nrf_modem_lib/lib..__nrf__lib__nrf_modem_lib.a(nrf91_sockets.c.obj)
 .text.allocate_ctx
                0x0000000000029d50       0x44 modules/nrf/lib/nrf_modem_lib/lib..__nrf__lib__nrf_modem_lib.a(nrf91_sockets.c.obj)
 .text.release_ctx
                0x0000000000029d94       0x2c modules/nrf/lib/nrf_modem_lib/lib..__nrf__lib__nrf_modem_lib.a(nrf91_sockets.c.obj)
 .text.nrf91_socket_offload_accept
                0x0000000000029dc0       0xbc modules/nrf/lib/nrf_modem_lib/lib..__nrf__lib__nrf_modem_lib.a(nrf91_sockets.c.obj)
 .text.nrf91_socket_create
                0x0000000000029e7c       0x88 modules/nrf/lib/nrf_modem_lib/lib..__nrf__lib__nrf_modem_lib.a(nrf91_sockets.c.obj)
 .text.open_socket
                0x0000000000029f04       0x28 modules/nrf/lib/at_cmd/lib..__nrf__lib__at_cmd.a(at_cmd.c.obj)
 .text.complete_cmd
                0x0000000000029f2c       0x2c modules/nrf/lib/at_cmd/lib..__nrf__lib__at_cmd.a(at_cmd.c.obj)
 .text.at_cmd_driver_init
                0x0000000000029f58       0xa8 modules/nrf/lib/at_cmd/lib..__nrf__lib__at_cmd.a(at_cmd.c.obj)
 .text.load_cmd_and_write
                0x000000000002a000       0xfc modules/nrf/lib/at_cmd/lib..__nrf__lib__at_cmd.a(at_cmd.c.obj)
 .text.socket_thread_fn
                0x000000000002a0fc      0x268 modules/nrf/lib/at_cmd/lib..__nrf__lib__at_cmd.a(at_cmd.c.obj)
 .text.at_cmd_write
                0x000000000002a364      0x138 modules/nrf/lib/at_cmd/lib..__nrf__lib__at_cmd.a(at_cmd.c.obj)
                0x000000000002a364                at_cmd_write
 .text.at_cmd_set_notification_handler
                0x000000000002a49c       0x38 modules/nrf/lib/at_cmd/lib..__nrf__lib__at_cmd.a(at_cmd.c.obj)
                0x000000000002a49c                at_cmd_set_notification_handler
 .text.module_init
                0x000000000002a4d4       0x4c modules/nrf/lib/at_notif/lib..__nrf__lib__at_notif.a(at_notif.c.obj)
 .text.k_mutex_unlock.constprop.0.isra.0
                0x000000000002a520        0xc modules/nrf/lib/at_notif/lib..__nrf__lib__at_notif.a(at_notif.c.obj)
 .text.notif_dispatch
                0x000000000002a52c       0x44 modules/nrf/lib/at_notif/lib..__nrf__lib__at_notif.a(at_notif.c.obj)
 .text.is_valid_notification_char
                0x000000000002a570       0x20 modules/nrf/lib/at_cmd_parser/lib..__nrf__lib__at_cmd_parser.a(at_cmd_parser.c.obj)
 .text.is_separator
                0x000000000002a590       0x1c modules/nrf/lib/at_cmd_parser/lib..__nrf__lib__at_cmd_parser.a(at_cmd_parser.c.obj)
 .text.at_parse_process_element
                0x000000000002a5ac      0x1c0 modules/nrf/lib/at_cmd_parser/lib..__nrf__lib__at_cmd_parser.a(at_cmd_parser.c.obj)
 .text.is_command
                0x000000000002a76c       0x5c modules/nrf/lib/at_cmd_parser/lib..__nrf__lib__at_cmd_parser.a(at_cmd_parser.c.obj)
 .text.at_parse_detect_type
                0x000000000002a7c8      0x1c0 modules/nrf/lib/at_cmd_parser/lib..__nrf__lib__at_cmd_parser.a(at_cmd_parser.c.obj)
 .text.at_parser_max_params_from_str
                0x000000000002a988      0x128 modules/nrf/lib/at_cmd_parser/lib..__nrf__lib__at_cmd_parser.a(at_cmd_parser.c.obj)
                0x000000000002a988                at_parser_max_params_from_str
 .text.at_params_get
                0x000000000002aab0       0x44 modules/nrf/lib/at_cmd_parser/lib..__nrf__lib__at_cmd_parser.a(at_params.c.obj)
 .text.at_param_size
                0x000000000002aaf4       0x48 modules/nrf/lib/at_cmd_parser/lib..__nrf__lib__at_cmd_parser.a(at_params.c.obj)
 .text.at_param_clear
                0x000000000002ab3c       0x48 modules/nrf/lib/at_cmd_parser/lib..__nrf__lib__at_cmd_parser.a(at_params.c.obj)
 .text.at_params_list_clear
                0x000000000002ab84       0x68 modules/nrf/lib/at_cmd_parser/lib..__nrf__lib__at_cmd_parser.a(at_params.c.obj)
                0x000000000002ab84                at_params_list_clear
 .text.lte_lc_nw_reg_status_get
                0x000000000002abec       0xb4 modules/nrf/lib/lte_link_control/lib..__nrf__lib__lte_link_control.a(lte_lc.c.obj)
                0x000000000002abec                lte_lc_nw_reg_status_get
 .text.response_is_valid
                0x000000000002aca0       0x4c modules/nrf/lib/lte_link_control/lib..__nrf__lib__lte_link_control.a(lte_lc_helpers.c.obj)
                0x000000000002aca0                response_is_valid
 .text.parse_psm
                0x000000000002acec      0x124 modules/nrf/lib/lte_link_control/lib..__nrf__lib__lte_link_control.a(lte_lc_helpers.c.obj)
                0x000000000002acec                parse_psm
 .text.parse_cereg
                0x000000000002ae10      0x27c modules/nrf/lib/lte_link_control/lib..__nrf__lib__lte_link_control.a(lte_lc_helpers.c.obj)
                0x000000000002ae10                parse_cereg
 .text.k_sys_fatal_error_handler
                0x000000000002b08c       0x2c modules/nrf/lib/fatal_error/lib..__nrf__lib__fatal_error.a(fatal_error.c.obj)
                0x000000000002b08c                k_sys_fatal_error_handler
 .text.date_time_init
                0x000000000002b0b8       0x24 modules/nrf/lib/date_time/lib..__nrf__lib__date_time.a(date_time.c.obj)
 .text.date_time_notify_event.constprop.0
                0x000000000002b0dc       0x14 modules/nrf/lib/date_time/lib..__nrf__lib__date_time.a(date_time.c.obj)
 .text.date_time_handler
                0x000000000002b0f0       0x20 modules/nrf/lib/date_time/lib..__nrf__lib__date_time.a(date_time.c.obj)
 .text.new_date_time_get
                0x000000000002b110      0x280 modules/nrf/lib/date_time/lib..__nrf__lib__date_time.a(date_time.c.obj)
 .text.check_ext_api_requests
                0x000000000002b390       0x98 modules/nrf/subsys/fw_info/lib..__nrf__subsys__fw_info.a(fw_info.c.obj)
 .text.SystemInit
                0x000000000002b428       0x10 modules/hal_nordic/nrfx/libmodules__hal_nordic__nrfx.a(system_nrf9160.c.obj)
                0x000000000002b428                SystemInit
 .text.nrfx_clock_init
                0x000000000002b438       0x48 modules/hal_nordic/nrfx/libmodules__hal_nordic__nrfx.a(nrfx_clock.c.obj)
                0x000000000002b438                nrfx_clock_init
 .text.nrfx_clock_enable
                0x000000000002b480       0x40 modules/hal_nordic/nrfx/libmodules__hal_nordic__nrfx.a(nrfx_clock.c.obj)
                0x000000000002b480                nrfx_clock_enable
 .text.nrfx_clock_start
                0x000000000002b4c0       0xa4 modules/hal_nordic/nrfx/libmodules__hal_nordic__nrfx.a(nrfx_clock.c.obj)
                0x000000000002b4c0                nrfx_clock_start
 .text.nrfx_clock_stop
                0x000000000002b564       0xbc modules/hal_nordic/nrfx/libmodules__hal_nordic__nrfx.a(nrfx_clock.c.obj)
                0x000000000002b564                nrfx_clock_stop
 .text.nrfx_power_clock_irq_handler
                0x000000000002b620       0x68 modules/hal_nordic/nrfx/libmodules__hal_nordic__nrfx.a(nrfx_clock.c.obj)
                0x000000000002b620                nrfx_power_clock_irq_handler
 .text.nrfx_dppi_channel_alloc
                0x000000000002b688       0x58 modules/hal_nordic/nrfx/libmodules__hal_nordic__nrfx.a(nrfx_dppi.c.obj)
                0x000000000002b688                nrfx_dppi_channel_alloc
 .text.nrfx_gpiote_channel_free
                0x000000000002b6e0       0x40 modules/hal_nordic/nrfx/libmodules__hal_nordic__nrfx.a(nrfx_gpiote.c.obj)
                0x000000000002b6e0                nrfx_gpiote_channel_free
 .text.nrfx_gpiote_channel_alloc
                0x000000000002b720       0x60 modules/hal_nordic/nrfx/libmodules__hal_nordic__nrfx.a(nrfx_gpiote.c.obj)
                0x000000000002b720                nrfx_gpiote_channel_alloc
 .text.nrfx_ipc_init
                0x000000000002b780       0x50 modules/hal_nordic/nrfx/libmodules__hal_nordic__nrfx.a(nrfx_ipc.c.obj)
                0x000000000002b780                nrfx_ipc_init
 .text.nrfx_ipc_config_load
                0x000000000002b7d0       0x88 modules/hal_nordic/nrfx/libmodules__hal_nordic__nrfx.a(nrfx_ipc.c.obj)
                0x000000000002b7d0                nrfx_ipc_config_load
 .text.nrfx_ipc_uninit
                0x000000000002b858       0x84 modules/hal_nordic/nrfx/libmodules__hal_nordic__nrfx.a(nrfx_ipc.c.obj)
                0x000000000002b858                nrfx_ipc_uninit
 .text.nrfx_ipc_irq_handler
                0x000000000002b8dc       0x84 modules/hal_nordic/nrfx/libmodules__hal_nordic__nrfx.a(nrfx_ipc.c.obj)
                0x000000000002b8dc                nrfx_ipc_irq_handler
 .text.nvmc_word_write
                0x000000000002b960       0x18 modules/hal_nordic/nrfx/libmodules__hal_nordic__nrfx.a(nrfx_nvmc.c.obj)
 .text.nrfx_nvmc_page_erase
                0x000000000002b978       0x64 modules/hal_nordic/nrfx/libmodules__hal_nordic__nrfx.a(nrfx_nvmc.c.obj)
                0x000000000002b978                nrfx_nvmc_page_erase
 .text.nrfx_nvmc_word_write
                0x000000000002b9dc       0x6c modules/hal_nordic/nrfx/libmodules__hal_nordic__nrfx.a(nrfx_nvmc.c.obj)
                0x000000000002b9dc                nrfx_nvmc_word_write
 .text.nrf_gpio_pin_port_decode
                0x000000000002ba48       0x68 modules/hal_nordic/nrfx/libmodules__hal_nordic__nrfx.a(nrfx_spim.c.obj)
 .text.nrfx_spim_init
                0x000000000002bab0      0x188 modules/hal_nordic/nrfx/libmodules__hal_nordic__nrfx.a(nrfx_spim.c.obj)
                0x000000000002bab0                nrfx_spim_init
 .text.nrfx_spim_xfer
                0x000000000002bc38      0x1f8 modules/hal_nordic/nrfx/libmodules__hal_nordic__nrfx.a(nrfx_spim.c.obj)
                0x000000000002bc38                nrfx_spim_xfer
 .text.nrfx_spim_3_irq_handler
                0x000000000002be30       0x74 modules/hal_nordic/nrfx/libmodules__hal_nordic__nrfx.a(nrfx_spim.c.obj)
                0x000000000002be30                nrfx_spim_3_irq_handler
 .text.nrf_gpio_pin_port_decode
                0x000000000002bea4       0x68 modules/hal_nordic/nrfx/libmodules__hal_nordic__nrfx.a(nrfx_twim.c.obj)
 .text.nrfx_twim_init
                0x000000000002bf0c       0xf4 modules/hal_nordic/nrfx/libmodules__hal_nordic__nrfx.a(nrfx_twim.c.obj)
                0x000000000002bf0c                nrfx_twim_init
 .text.nrfx_twim_enable
                0x000000000002c000       0x54 modules/hal_nordic/nrfx/libmodules__hal_nordic__nrfx.a(nrfx_twim.c.obj)
                0x000000000002c000                nrfx_twim_enable
 .text.nrfx_twim_disable
                0x000000000002c054       0x70 modules/hal_nordic/nrfx/libmodules__hal_nordic__nrfx.a(nrfx_twim.c.obj)
                0x000000000002c054                nrfx_twim_disable
 .text.nrfx_twim_xfer
                0x000000000002c0c4      0x418 modules/hal_nordic/nrfx/libmodules__hal_nordic__nrfx.a(nrfx_twim.c.obj)
                0x000000000002c0c4                nrfx_twim_xfer
 .text.nrfx_twim_1_irq_handler
                0x000000000002c4dc      0x1a8 modules/hal_nordic/nrfx/libmodules__hal_nordic__nrfx.a(nrfx_twim.c.obj)
                0x000000000002c4dc                nrfx_twim_1_irq_handler
 .text.nrf_gpio_pin_port_decode
                0x000000000002c684       0x68 modules/hal_nordic/nrfx/libmodules__hal_nordic__nrfx.a(nrfx_twi_twim.c.obj)
 .text.nrfx_twi_twim_bus_recover
                0x000000000002c6ec       0xbc modules/hal_nordic/nrfx/libmodules__hal_nordic__nrfx.a(nrfx_twi_twim.c.obj)
                0x000000000002c6ec                nrfx_twi_twim_bus_recover
 .text.lfs_dir_traverse_filter
                0x000000000002c7a8       0x68 modules/littlefs/lib..__modules__fs__littlefs.a(lfs.c.obj)
 .text.lfs_fs_preporphans
                0x000000000002c810       0x50 modules/littlefs/lib..__modules__fs__littlefs.a(lfs.c.obj)
 .text.lfs_bd_erase
                0x000000000002c860       0x58 modules/littlefs/lib..__modules__fs__littlefs.a(lfs.c.obj)
 .text.lfs_bd_read
                0x000000000002c8b8      0x1b4 modules/littlefs/lib..__modules__fs__littlefs.a(lfs.c.obj)
 .text.lfs_dir_fetchmatch
                0x000000000002ca6c      0x42c modules/littlefs/lib..__modules__fs__littlefs.a(lfs.c.obj)
 .text.lfs_fs_parent
                0x000000000002ce98       0x7c modules/littlefs/lib..__modules__fs__littlefs.a(lfs.c.obj)
 .text.lfs_dir_traverse
                0x000000000002cf14      0x1a0 modules/littlefs/lib..__modules__fs__littlefs.a(lfs.c.obj)
 .text.lfs_dir_getslice
                0x000000000002d0b4      0x124 modules/littlefs/lib..__modules__fs__littlefs.a(lfs.c.obj)
 .text.lfs_dir_getgstate
                0x000000000002d1d8       0x34 modules/littlefs/lib..__modules__fs__littlefs.a(lfs.c.obj)
 .text.lfs_dir_getinfo
                0x000000000002d20c       0x8c modules/littlefs/lib..__modules__fs__littlefs.a(lfs.c.obj)
 .text.lfs_dir_find
                0x000000000002d298      0x14c modules/littlefs/lib..__modules__fs__littlefs.a(lfs.c.obj)
 .text.lfs_dir_getread.constprop.0
                0x000000000002d3e4       0xc0 modules/littlefs/lib..__modules__fs__littlefs.a(lfs.c.obj)
 .text.lfs_init
                0x000000000002d4a4      0x2c4 modules/littlefs/lib..__modules__fs__littlefs.a(lfs.c.obj)
 .text.lfs_bd_flush
                0x000000000002d768       0xc0 modules/littlefs/lib..__modules__fs__littlefs.a(lfs.c.obj)
 .text.lfs_bd_prog
                0x000000000002d828      0x104 modules/littlefs/lib..__modules__fs__littlefs.a(lfs.c.obj)
 .text.lfs_dir_commitcrc
                0x000000000002d92c      0x1d8 modules/littlefs/lib..__modules__fs__littlefs.a(lfs.c.obj)
 .text.lfs_dir_open
                0x000000000002db04       0x84 modules/littlefs/lib..__modules__fs__littlefs.a(lfs.c.obj)
                0x000000000002db04                lfs_dir_open
 .text.lfs_dir_read
                0x000000000002db88       0xa0 modules/littlefs/lib..__modules__fs__littlefs.a(lfs.c.obj)
                0x000000000002db88                lfs_dir_read
 .text.lfs_file_tell
                0x000000000002dc28       0x34 modules/littlefs/lib..__modules__fs__littlefs.a(lfs.c.obj)
                0x000000000002dc28                lfs_file_tell
 .text.lfs_file_size
                0x000000000002dc5c       0x40 modules/littlefs/lib..__modules__fs__littlefs.a(lfs.c.obj)
                0x000000000002dc5c                lfs_file_size
 .text.lfs_mount
                0x000000000002dc9c      0x1f4 modules/littlefs/lib..__modules__fs__littlefs.a(lfs.c.obj)
                0x000000000002dc9c                lfs_mount
 .text.lfs_fs_traverseraw
                0x000000000002de90      0x14c modules/littlefs/lib..__modules__fs__littlefs.a(lfs.c.obj)
                0x000000000002de90                lfs_fs_traverseraw
 .text.lfs_alloc
                0x000000000002dfdc      0x100 modules/littlefs/lib..__modules__fs__littlefs.a(lfs.c.obj)
 .text.lfs_file_relocate
                0x000000000002e0dc      0x114 modules/littlefs/lib..__modules__fs__littlefs.a(lfs.c.obj)
 .text.lfs_file_write
                0x000000000002e1f0      0x32c modules/littlefs/lib..__modules__fs__littlefs.a(lfs.c.obj)
                0x000000000002e1f0                lfs_file_write
 .text.lfs_file_flush
                0x000000000002e51c      0x104 modules/littlefs/lib..__modules__fs__littlefs.a(lfs.c.obj)
 .text.lfs_file_read
                0x000000000002e620      0x140 modules/littlefs/lib..__modules__fs__littlefs.a(lfs.c.obj)
                0x000000000002e620                lfs_file_read
 .text.lfs_file_seek
                0x000000000002e760       0x64 modules/littlefs/lib..__modules__fs__littlefs.a(lfs.c.obj)
                0x000000000002e760                lfs_file_seek
 .text.lfs_file_truncate
                0x000000000002e7c4      0x100 modules/littlefs/lib..__modules__fs__littlefs.a(lfs.c.obj)
                0x000000000002e7c4                lfs_file_truncate
 .text.lfs_fs_size
                0x000000000002e8c4       0x1c modules/littlefs/lib..__modules__fs__littlefs.a(lfs.c.obj)
                0x000000000002e8c4                lfs_fs_size
 .text.lfs_dir_compact
                0x000000000002e8e0      0x4b0 modules/littlefs/lib..__modules__fs__littlefs.a(lfs.c.obj)
 .text.lfs_dir_commit
                0x000000000002ed90      0x37c modules/littlefs/lib..__modules__fs__littlefs.a(lfs.c.obj)
 .text.lfs_dir_drop
                0x000000000002f10c       0x3c modules/littlefs/lib..__modules__fs__littlefs.a(lfs.c.obj)
 .text.lfs_fs_forceconsistency
                0x000000000002f148      0x11c modules/littlefs/lib..__modules__fs__littlefs.a(lfs.c.obj)
 .text.lfs_mkdir
                0x000000000002f264      0x148 modules/littlefs/lib..__modules__fs__littlefs.a(lfs.c.obj)
                0x000000000002f264                lfs_mkdir
 .text.lfs_file_sync
                0x000000000002f3ac       0xc4 modules/littlefs/lib..__modules__fs__littlefs.a(lfs.c.obj)
                0x000000000002f3ac                lfs_file_sync
 .text.lfs_file_close
                0x000000000002f470       0x68 modules/littlefs/lib..__modules__fs__littlefs.a(lfs.c.obj)
                0x000000000002f470                lfs_file_close
 .text.lfs_file_opencfg
                0x000000000002f4d8      0x23c modules/littlefs/lib..__modules__fs__littlefs.a(lfs.c.obj)
                0x000000000002f4d8                lfs_file_opencfg
 .text.lfs_remove
                0x000000000002f714       0xd8 modules/littlefs/lib..__modules__fs__littlefs.a(lfs.c.obj)
                0x000000000002f714                lfs_remove
 .text.lfs_rename
                0x000000000002f7ec      0x23c modules/littlefs/lib..__modules__fs__littlefs.a(lfs.c.obj)
                0x000000000002f7ec                lfs_rename
 .text.lfs_format
                0x000000000002fa28       0xc4 modules/littlefs/lib..__modules__fs__littlefs.a(lfs.c.obj)
                0x000000000002fa28                lfs_format
 .text.lfs_crc  0x000000000002faec       0x38 modules/littlefs/lib..__modules__fs__littlefs.a(lfs_util.c.obj)
                0x000000000002faec                lfs_crc
 .text._DoInit  0x000000000002fb24       0x60 modules/segger/libmodules__segger.a(SEGGER_RTT.c.obj)
 .text.SEGGER_RTT_WriteSkipNoLock
                0x000000000002fb84       0x90 modules/segger/libmodules__segger.a(SEGGER_RTT.c.obj)
                0x000000000002fb84                SEGGER_RTT_WriteSkipNoLock
 .text.SEGGER_RTT_HasDataUp
                0x000000000002fc14       0x14 modules/segger/libmodules__segger.a(SEGGER_RTT.c.obj)
                0x000000000002fc14                SEGGER_RTT_HasDataUp
 .text.rpc_handle_data_message
                0x000000000002fc28       0x3c C:/Users/FC/Desktop/adc/nrfxlib/nrf_modem/lib/cortex-m33/soft-float/libmodem.a(rpc_framework.c.obj)
                0x000000000002fc28                rpc_handle_data_message
 .text.ipc_trace_init
                0x000000000002fc64        0xc C:/Users/FC/Desktop/adc/nrfxlib/nrf_modem/lib/cortex-m33/soft-float/libmodem.a(ipc_trace.c.obj)
                0x000000000002fc64                ipc_trace_init
 .text.nrf_modem_os_trace_irq_handler
                0x000000000002fc70       0x58 C:/Users/FC/Desktop/adc/nrfxlib/nrf_modem/lib/cortex-m33/soft-float/libmodem.a(ipc_trace.c.obj)
                0x000000000002fc70                nrf_modem_os_trace_irq_handler
 .text.ipc_trace_handle
                0x000000000002fcc8      0x128 C:/Users/FC/Desktop/adc/nrfxlib/nrf_modem/lib/cortex-m33/soft-float/libmodem.a(ipc_trace.c.obj)
                0x000000000002fcc8                ipc_trace_handle
 .text.rpc_trace_coredump_in_progress
                0x000000000002fdf0        0xc C:/Users/FC/Desktop/adc/nrfxlib/nrf_modem/lib/cortex-m33/soft-float/libmodem.a(ipc_trace.c.obj)
                0x000000000002fdf0                rpc_trace_coredump_in_progress
 .text.rpc_transport_ipc_msg_alloc
                0x000000000002fdfc       0x50 C:/Users/FC/Desktop/adc/nrfxlib/nrf_modem/lib/cortex-m33/soft-float/libmodem.a(rpc_transport_ipc.c.obj)
 .text.handle_modem_rpc_msg
                0x000000000002fe4c       0x84 C:/Users/FC/Desktop/adc/nrfxlib/nrf_modem/lib/cortex-m33/soft-float/libmodem.a(rpc_transport_ipc.c.obj)
 .text.rpc_transport_ipc_data_msg_send
                0x000000000002fed0       0x3c C:/Users/FC/Desktop/adc/nrfxlib/nrf_modem/lib/cortex-m33/soft-float/libmodem.a(rpc_transport_ipc.c.obj)
                0x000000000002fed0                rpc_transport_ipc_data_msg_send
 .text.rpc_transport_ipc_ctrl_msg_send
                0x000000000002ff0c       0x3c C:/Users/FC/Desktop/adc/nrfxlib/nrf_modem/lib/cortex-m33/soft-float/libmodem.a(rpc_transport_ipc.c.obj)
                0x000000000002ff0c                rpc_transport_ipc_ctrl_msg_send
 .text.rpc_transport_ipc_data_msg_alloc
                0x000000000002ff48       0x24 C:/Users/FC/Desktop/adc/nrfxlib/nrf_modem/lib/cortex-m33/soft-float/libmodem.a(rpc_transport_ipc.c.obj)
                0x000000000002ff48                rpc_transport_ipc_data_msg_alloc
 .text.rpc_transport_ipc_ctrl_msg_alloc
                0x000000000002ff6c       0x40 C:/Users/FC/Desktop/adc/nrfxlib/nrf_modem/lib/cortex-m33/soft-float/libmodem.a(rpc_transport_ipc.c.obj)
                0x000000000002ff6c                rpc_transport_ipc_ctrl_msg_alloc
 .text.rpc_transport_ipc_data_alloc
                0x000000000002ffac       0x14 C:/Users/FC/Desktop/adc/nrfxlib/nrf_modem/lib/cortex-m33/soft-float/libmodem.a(rpc_transport_ipc.c.obj)
                0x000000000002ffac                rpc_transport_ipc_data_alloc
 .text.nrf_modem_os_application_irq_handler
                0x000000000002ffc0       0x20 C:/Users/FC/Desktop/adc/nrfxlib/nrf_modem/lib/cortex-m33/soft-float/libmodem.a(rpc_transport_ipc.c.obj)
                0x000000000002ffc0                nrf_modem_os_application_irq_handler
 .text.rpc_transport_ipc_msg_free
                0x000000000002ffe0       0x4c C:/Users/FC/Desktop/adc/nrfxlib/nrf_modem/lib/cortex-m33/soft-float/libmodem.a(rpc_transport_ipc.c.obj)
                0x000000000002ffe0                rpc_transport_ipc_msg_free
 .text.rpc_transport_ipc_peer_data_free
                0x000000000003002c       0x20 C:/Users/FC/Desktop/adc/nrfxlib/nrf_modem/lib/cortex-m33/soft-float/libmodem.a(rpc_transport_ipc.c.obj)
                0x000000000003002c                rpc_transport_ipc_peer_data_free
 .text.rpc_transport_ipc_init
                0x000000000003004c      0x178 C:/Users/FC/Desktop/adc/nrfxlib/nrf_modem/lib/cortex-m33/soft-float/libmodem.a(rpc_transport_ipc.c.obj)
                0x000000000003004c                rpc_transport_ipc_init
 .text.ipc_irq_handler
                0x00000000000301c4      0x134 C:/Users/FC/Desktop/adc/nrfxlib/nrf_modem/lib/cortex-m33/soft-float/libmodem.a(rpc_transport_ipc.c.obj)
                0x00000000000301c4                ipc_irq_handler
 .text.gnss_client_event_handler
                0x00000000000302f8       0x10 C:/Users/FC/Desktop/adc/nrfxlib/nrf_modem/lib/cortex-m33/soft-float/libmodem.a(rpc_gnss_client.c.obj)
                0x00000000000302f8                gnss_client_event_handler
 .text.rpc_gnss_client_set_handler
                0x0000000000030308        0xc C:/Users/FC/Desktop/adc/nrfxlib/nrf_modem/lib/cortex-m33/soft-float/libmodem.a(rpc_gnss_client.c.obj)
                0x0000000000030308                rpc_gnss_client_set_handler
 .text.interface_init
                0x0000000000030314       0x18 C:/Users/FC/Desktop/adc/nrfxlib/nrf_modem/lib/cortex-m33/soft-float/libmodem.a(interface.c.obj)
                0x0000000000030314                interface_init
 .text.interface_socket_allocate
                0x000000000003032c       0x4c C:/Users/FC/Desktop/adc/nrfxlib/nrf_modem/lib/cortex-m33/soft-float/libmodem.a(interface.c.obj)
                0x000000000003032c                interface_socket_allocate
 .text.interface_socket_free
                0x0000000000030378       0x18 C:/Users/FC/Desktop/adc/nrfxlib/nrf_modem/lib/cortex-m33/soft-float/libmodem.a(interface.c.obj)
                0x0000000000030378                interface_socket_free
 .text.interface_socket_packet_handler_update
                0x0000000000030390       0x34 C:/Users/FC/Desktop/adc/nrfxlib/nrf_modem/lib/cortex-m33/soft-float/libmodem.a(interface.c.obj)
                0x0000000000030390                interface_socket_packet_handler_update
 .text.interface_socket_wait
                0x00000000000303c4       0x4c C:/Users/FC/Desktop/adc/nrfxlib/nrf_modem/lib/cortex-m33/soft-float/libmodem.a(interface.c.obj)
                0x00000000000303c4                interface_socket_wait
 .text.interface_from_internal_id_search
                0x0000000000030410       0x30 C:/Users/FC/Desktop/adc/nrfxlib/nrf_modem/lib/cortex-m33/soft-float/libmodem.a(interface.c.obj)
                0x0000000000030410                interface_from_internal_id_search
 .text.interface_socket_from_handle_get
                0x0000000000030440       0x20 C:/Users/FC/Desktop/adc/nrfxlib/nrf_modem/lib/cortex-m33/soft-float/libmodem.a(interface.c.obj)
                0x0000000000030440                interface_socket_from_handle_get
 .text.interface_socket_setopt
                0x0000000000030460       0x68 C:/Users/FC/Desktop/adc/nrfxlib/nrf_modem/lib/cortex-m33/soft-float/libmodem.a(interface.c.obj)
                0x0000000000030460                interface_socket_setopt
 .text.interface_socket_getopt
                0x00000000000304c8       0x78 C:/Users/FC/Desktop/adc/nrfxlib/nrf_modem/lib/cortex-m33/soft-float/libmodem.a(interface.c.obj)
                0x00000000000304c8                interface_socket_getopt
 .text.interface_socket_fcntl
                0x0000000000030540       0x68 C:/Users/FC/Desktop/adc/nrfxlib/nrf_modem/lib/cortex-m33/soft-float/libmodem.a(interface.c.obj)
                0x0000000000030540                interface_socket_fcntl
 .text.rpc_error_to_nrf_errno
                0x00000000000305a8       0x10 C:/Users/FC/Desktop/adc/nrfxlib/nrf_modem/lib/cortex-m33/soft-float/libmodem.a(ip_interface.c.obj)
                0x00000000000305a8                rpc_error_to_nrf_errno
 .text.rpc_error_to_nrf_gai_errno
                0x00000000000305b8       0x40 C:/Users/FC/Desktop/adc/nrfxlib/nrf_modem/lib/cortex-m33/soft-float/libmodem.a(ip_interface.c.obj)
                0x00000000000305b8                rpc_error_to_nrf_gai_errno
 .text.ip_interface_init
                0x00000000000305f8       0x30 C:/Users/FC/Desktop/adc/nrfxlib/nrf_modem/lib/cortex-m33/soft-float/libmodem.a(ip_interface.c.obj)
                0x00000000000305f8                ip_interface_init
 .text.ip_interface_open
                0x0000000000030628       0xf4 C:/Users/FC/Desktop/adc/nrfxlib/nrf_modem/lib/cortex-m33/soft-float/libmodem.a(ip_interface.c.obj)
                0x0000000000030628                ip_interface_open
 .text.ip_interface_close
                0x000000000003071c       0x88 C:/Users/FC/Desktop/adc/nrfxlib/nrf_modem/lib/cortex-m33/soft-float/libmodem.a(ip_interface.c.obj)
                0x000000000003071c                ip_interface_close
 .text.ip_interface_sendto
                0x00000000000307a4      0x1d0 C:/Users/FC/Desktop/adc/nrfxlib/nrf_modem/lib/cortex-m33/soft-float/libmodem.a(ip_interface.c.obj)
                0x00000000000307a4                ip_interface_sendto
 .text.ip_interface_socketoption_get
                0x0000000000030974       0xf8 C:/Users/FC/Desktop/adc/nrfxlib/nrf_modem/lib/cortex-m33/soft-float/libmodem.a(ip_interface.c.obj)
                0x0000000000030974                ip_interface_socketoption_get
 .text.ip_interface_bind
                0x0000000000030a6c       0xb8 C:/Users/FC/Desktop/adc/nrfxlib/nrf_modem/lib/cortex-m33/soft-float/libmodem.a(ip_interface.c.obj)
                0x0000000000030a6c                ip_interface_bind
 .text.ip_interface_listen
                0x0000000000030b24       0x98 C:/Users/FC/Desktop/adc/nrfxlib/nrf_modem/lib/cortex-m33/soft-float/libmodem.a(ip_interface.c.obj)
                0x0000000000030b24                ip_interface_listen
 .text.ip_interface_accept
                0x0000000000030bbc      0x1bc C:/Users/FC/Desktop/adc/nrfxlib/nrf_modem/lib/cortex-m33/soft-float/libmodem.a(ip_interface.c.obj)
                0x0000000000030bbc                ip_interface_accept
 .text.ip_interface_setopt
                0x0000000000030d78      0x16c C:/Users/FC/Desktop/adc/nrfxlib/nrf_modem/lib/cortex-m33/soft-float/libmodem.a(ip_interface.c.obj)
                0x0000000000030d78                ip_interface_setopt
 .text.ip_interface_getaddrinfo
                0x0000000000030ee4      0x234 C:/Users/FC/Desktop/adc/nrfxlib/nrf_modem/lib/cortex-m33/soft-float/libmodem.a(ip_interface.c.obj)
                0x0000000000030ee4                ip_interface_getaddrinfo
 .text.ip_interface_freeaddrinfo
                0x0000000000031118       0x34 C:/Users/FC/Desktop/adc/nrfxlib/nrf_modem/lib/cortex-m33/soft-float/libmodem.a(ip_interface.c.obj)
                0x0000000000031118                ip_interface_freeaddrinfo
 .text.rpc_ip_event_handler
                0x000000000003114c      0x490 C:/Users/FC/Desktop/adc/nrfxlib/nrf_modem/lib/cortex-m33/soft-float/libmodem.a(ip_interface.c.obj)
                0x000000000003114c                rpc_ip_event_handler
 .text.secure_socket_dtls_timeout_check
                0x00000000000315dc       0x38 C:/Users/FC/Desktop/adc/nrfxlib/nrf_modem/lib/cortex-m33/soft-float/libmodem.a(tls_interface.c.obj)
 .text.hostname_free
                0x0000000000031614       0x24 C:/Users/FC/Desktop/adc/nrfxlib/nrf_modem/lib/cortex-m33/soft-float/libmodem.a(tls_interface.c.obj)
 .text.secure_socket_attach_initiate
                0x0000000000031638       0x94 C:/Users/FC/Desktop/adc/nrfxlib/nrf_modem/lib/cortex-m33/soft-float/libmodem.a(tls_interface.c.obj)
 .text.tls_interface_init
                0x00000000000316cc       0x10 C:/Users/FC/Desktop/adc/nrfxlib/nrf_modem/lib/cortex-m33/soft-float/libmodem.a(tls_interface.c.obj)
                0x00000000000316cc                tls_interface_init
 .text.tls_interface_open
                0x00000000000316dc       0x88 C:/Users/FC/Desktop/adc/nrfxlib/nrf_modem/lib/cortex-m33/soft-float/libmodem.a(tls_interface.c.obj)
                0x00000000000316dc                tls_interface_open
 .text.tls_interface_sendto
                0x0000000000031764      0x10c C:/Users/FC/Desktop/adc/nrfxlib/nrf_modem/lib/cortex-m33/soft-float/libmodem.a(tls_interface.c.obj)
                0x0000000000031764                tls_interface_sendto
 .text.tls_interface_recvfrom
                0x0000000000031870       0x74 C:/Users/FC/Desktop/adc/nrfxlib/nrf_modem/lib/cortex-m33/soft-float/libmodem.a(tls_interface.c.obj)
                0x0000000000031870                tls_interface_recvfrom
 .text.tls_interface_bind
                0x00000000000318e4       0x54 C:/Users/FC/Desktop/adc/nrfxlib/nrf_modem/lib/cortex-m33/soft-float/libmodem.a(tls_interface.c.obj)
                0x00000000000318e4                tls_interface_bind
 .text.tls_interface_connect
                0x0000000000031938       0x5c C:/Users/FC/Desktop/adc/nrfxlib/nrf_modem/lib/cortex-m33/soft-float/libmodem.a(tls_interface.c.obj)
                0x0000000000031938                tls_interface_connect
 .text.tls_interface_listen
                0x0000000000031994       0x84 C:/Users/FC/Desktop/adc/nrfxlib/nrf_modem/lib/cortex-m33/soft-float/libmodem.a(tls_interface.c.obj)
                0x0000000000031994                tls_interface_listen
 .text.tls_interface_accept
                0x0000000000031a18       0xb4 C:/Users/FC/Desktop/adc/nrfxlib/nrf_modem/lib/cortex-m33/soft-float/libmodem.a(tls_interface.c.obj)
                0x0000000000031a18                tls_interface_accept
 .text.tls_interface_setopt
                0x0000000000031acc      0x15c C:/Users/FC/Desktop/adc/nrfxlib/nrf_modem/lib/cortex-m33/soft-float/libmodem.a(tls_interface.c.obj)
                0x0000000000031acc                tls_interface_setopt
 .text.tls_interface_getopt
                0x0000000000031c28       0xf8 C:/Users/FC/Desktop/adc/nrfxlib/nrf_modem/lib/cortex-m33/soft-float/libmodem.a(tls_interface.c.obj)
                0x0000000000031c28                tls_interface_getopt
 .text.tls_rpc_ip_event_handler
                0x0000000000031d20       0xec C:/Users/FC/Desktop/adc/nrfxlib/nrf_modem/lib/cortex-m33/soft-float/libmodem.a(tls_interface.c.obj)
                0x0000000000031d20                tls_rpc_ip_event_handler
 .text.at_interface_init
                0x0000000000031e0c       0x10 C:/Users/FC/Desktop/adc/nrfxlib/nrf_modem/lib/cortex-m33/soft-float/libmodem.a(at_interface.c.obj)
                0x0000000000031e0c                at_interface_init
 .text.at_interface_open
                0x0000000000031e1c       0x78 C:/Users/FC/Desktop/adc/nrfxlib/nrf_modem/lib/cortex-m33/soft-float/libmodem.a(at_interface.c.obj)
                0x0000000000031e1c                at_interface_open
 .text.at_cmd_send
                0x0000000000031e94       0x44 C:/Users/FC/Desktop/adc/nrfxlib/nrf_modem/lib/cortex-m33/soft-float/libmodem.a(at2_interface.c.obj)
 .text.nrf_modem_at_init
                0x0000000000031ed8       0x34 C:/Users/FC/Desktop/adc/nrfxlib/nrf_modem/lib/cortex-m33/soft-float/libmodem.a(at2_interface.c.obj)
                0x0000000000031ed8                nrf_modem_at_init
 .text.rpc_at2_event_handler
                0x0000000000031f0c       0x70 C:/Users/FC/Desktop/adc/nrfxlib/nrf_modem/lib/cortex-m33/soft-float/libmodem.a(at2_interface.c.obj)
                0x0000000000031f0c                rpc_at2_event_handler
 .text.rpc_dfu_message_send
                0x0000000000031f7c       0xa0 C:/Users/FC/Desktop/adc/nrfxlib/nrf_modem/lib/cortex-m33/soft-float/libmodem.a(mfu_interface.c.obj)
 .text.rpc_dfu_event_handler
                0x000000000003201c       0x2c C:/Users/FC/Desktop/adc/nrfxlib/nrf_modem/lib/cortex-m33/soft-float/libmodem.a(mfu_interface.c.obj)
                0x000000000003201c                rpc_dfu_event_handler
 .text.mfu_interface_init
                0x0000000000032048       0x28 C:/Users/FC/Desktop/adc/nrfxlib/nrf_modem/lib/cortex-m33/soft-float/libmodem.a(mfu_interface.c.obj)
                0x0000000000032048                mfu_interface_init
 .text.mfu_interface_open
                0x0000000000032070       0x28 C:/Users/FC/Desktop/adc/nrfxlib/nrf_modem/lib/cortex-m33/soft-float/libmodem.a(mfu_interface.c.obj)
                0x0000000000032070                mfu_interface_open
 .text.mfu_interface_close
                0x0000000000032098       0x54 C:/Users/FC/Desktop/adc/nrfxlib/nrf_modem/lib/cortex-m33/soft-float/libmodem.a(mfu_interface.c.obj)
                0x0000000000032098                mfu_interface_close
 .text.mfu_interface_sendto
                0x00000000000320ec       0x8c C:/Users/FC/Desktop/adc/nrfxlib/nrf_modem/lib/cortex-m33/soft-float/libmodem.a(mfu_interface.c.obj)
                0x00000000000320ec                mfu_interface_sendto
 .text.mfu_interface_setopt
                0x0000000000032178       0x88 C:/Users/FC/Desktop/adc/nrfxlib/nrf_modem/lib/cortex-m33/soft-float/libmodem.a(mfu_interface.c.obj)
                0x0000000000032178                mfu_interface_setopt
 .text.mfu_interface_getopt
                0x0000000000032200       0xb4 C:/Users/FC/Desktop/adc/nrfxlib/nrf_modem/lib/cortex-m33/soft-float/libmodem.a(mfu_interface.c.obj)
                0x0000000000032200                mfu_interface_getopt
 .text.rpc_dfu2_event_handler
                0x00000000000322b4       0x30 C:/Users/FC/Desktop/adc/nrfxlib/nrf_modem/lib/cortex-m33/soft-float/libmodem.a(mfu2_interface.c.obj)
                0x00000000000322b4                rpc_dfu2_event_handler
 .text.rpc_gnss_event_handler
                0x00000000000322e4      0x180 C:/Users/FC/Desktop/adc/nrfxlib/nrf_modem/lib/cortex-m33/soft-float/libmodem.a(gnss_interface.c.obj)
                0x00000000000322e4                rpc_gnss_event_handler
 .text.send_message
                0x0000000000032464       0x90 C:/Users/FC/Desktop/adc/nrfxlib/nrf_modem/lib/cortex-m33/soft-float/libmodem.a(gnss_interface.c.obj)
 .text.gnss_interface_write
                0x00000000000324f4      0x114 C:/Users/FC/Desktop/adc/nrfxlib/nrf_modem/lib/cortex-m33/soft-float/libmodem.a(gnss_interface.c.obj)
                0x00000000000324f4                gnss_interface_write
 .text.gnss_interface_read
                0x0000000000032608      0x210 C:/Users/FC/Desktop/adc/nrfxlib/nrf_modem/lib/cortex-m33/soft-float/libmodem.a(gnss_interface.c.obj)
                0x0000000000032608                gnss_interface_read
 .text.gnss_interface_setopt
                0x0000000000032818      0x1f0 C:/Users/FC/Desktop/adc/nrfxlib/nrf_modem/lib/cortex-m33/soft-float/libmodem.a(gnss_interface.c.obj)
                0x0000000000032818                gnss_interface_setopt
 .text.gnss_interface_getopt
                0x0000000000032a08      0x128 C:/Users/FC/Desktop/adc/nrfxlib/nrf_modem/lib/cortex-m33/soft-float/libmodem.a(gnss_interface.c.obj)
                0x0000000000032a08                gnss_interface_getopt
 .text.gnss_interface_init
                0x0000000000032b30       0x48 C:/Users/FC/Desktop/adc/nrfxlib/nrf_modem/lib/cortex-m33/soft-float/libmodem.a(gnss_interface.c.obj)
                0x0000000000032b30                gnss_interface_init
 .text.gnss_interface_open
                0x0000000000032b78       0x70 C:/Users/FC/Desktop/adc/nrfxlib/nrf_modem/lib/cortex-m33/soft-float/libmodem.a(gnss_interface.c.obj)
                0x0000000000032b78                gnss_interface_open
 .text.gnss_interface_close
                0x0000000000032be8       0x60 C:/Users/FC/Desktop/adc/nrfxlib/nrf_modem/lib/cortex-m33/soft-float/libmodem.a(gnss_interface.c.obj)
                0x0000000000032be8                gnss_interface_close
 .text.handle_verify_and_covert
                0x0000000000032c48       0x38 C:/Users/FC/Desktop/adc/nrfxlib/nrf_modem/lib/cortex-m33/soft-float/libmodem.a(pdn_interface.c.obj)
 .text.command_write
                0x0000000000032c80       0x3c C:/Users/FC/Desktop/adc/nrfxlib/nrf_modem/lib/cortex-m33/soft-float/libmodem.a(pdn_interface.c.obj)
 .text.event_wait
                0x0000000000032cbc       0x80 C:/Users/FC/Desktop/adc/nrfxlib/nrf_modem/lib/cortex-m33/soft-float/libmodem.a(pdn_interface.c.obj)
 .text.pdn_state_get_parser
                0x0000000000032d3c       0x44 C:/Users/FC/Desktop/adc/nrfxlib/nrf_modem/lib/cortex-m33/soft-float/libmodem.a(pdn_interface.c.obj)
 .text.pdn_id_get_parser
                0x0000000000032d80       0x28 C:/Users/FC/Desktop/adc/nrfxlib/nrf_modem/lib/cortex-m33/soft-float/libmodem.a(pdn_interface.c.obj)
 .text.context_create_parser
                0x0000000000032da8       0x28 C:/Users/FC/Desktop/adc/nrfxlib/nrf_modem/lib/cortex-m33/soft-float/libmodem.a(pdn_interface.c.obj)
 .text.connection_free
                0x0000000000032dd0       0x1c C:/Users/FC/Desktop/adc/nrfxlib/nrf_modem/lib/cortex-m33/soft-float/libmodem.a(pdn_interface.c.obj)
 .text.pdn_id_get
                0x0000000000032dec       0x50 C:/Users/FC/Desktop/adc/nrfxlib/nrf_modem/lib/cortex-m33/soft-float/libmodem.a(pdn_interface.c.obj)
 .text.pdn_interface_init
                0x0000000000032e3c       0x40 C:/Users/FC/Desktop/adc/nrfxlib/nrf_modem/lib/cortex-m33/soft-float/libmodem.a(pdn_interface.c.obj)
                0x0000000000032e3c                pdn_interface_init
 .text.pdn_interface_open
                0x0000000000032e7c       0xb8 C:/Users/FC/Desktop/adc/nrfxlib/nrf_modem/lib/cortex-m33/soft-float/libmodem.a(pdn_interface.c.obj)
                0x0000000000032e7c                pdn_interface_open
 .text.pdn_interface_connect
                0x0000000000032f34      0x244 C:/Users/FC/Desktop/adc/nrfxlib/nrf_modem/lib/cortex-m33/soft-float/libmodem.a(pdn_interface.c.obj)
                0x0000000000032f34                pdn_interface_connect
 .text.pdn_interface_close
                0x0000000000033178       0xb8 C:/Users/FC/Desktop/adc/nrfxlib/nrf_modem/lib/cortex-m33/soft-float/libmodem.a(pdn_interface.c.obj)
                0x0000000000033178                pdn_interface_close
 .text.pdn_interface_setopt
                0x0000000000033230      0x144 C:/Users/FC/Desktop/adc/nrfxlib/nrf_modem/lib/cortex-m33/soft-float/libmodem.a(pdn_interface.c.obj)
                0x0000000000033230                pdn_interface_setopt
 .text.pdn_interface_getopt
                0x0000000000033374      0x100 C:/Users/FC/Desktop/adc/nrfxlib/nrf_modem/lib/cortex-m33/soft-float/libmodem.a(pdn_interface.c.obj)
                0x0000000000033374                pdn_interface_getopt
 .text.pdn_interface_pdn_id_get
                0x0000000000033474       0xac C:/Users/FC/Desktop/adc/nrfxlib/nrf_modem/lib/cortex-m33/soft-float/libmodem.a(pdn_interface.c.obj)
                0x0000000000033474                pdn_interface_pdn_id_get
 .text.full_dfu_ipc_irq_handler
                0x0000000000033520       0x18 C:/Users/FC/Desktop/adc/nrfxlib/nrf_modem/lib/cortex-m33/soft-float/libmodem.a(full_dfu_interface.c.obj)
                0x0000000000033520                full_dfu_ipc_irq_handler
 .text.modem_ipc_wait_for_event
                0x0000000000033538       0x3c C:/Users/FC/Desktop/adc/nrfxlib/nrf_modem/lib/cortex-m33/soft-float/libmodem.a(full_dfu_interface.c.obj)
                0x0000000000033538                modem_ipc_wait_for_event
 .text.nrf_modem_full_dfu_setup
                0x0000000000033574       0xdc C:/Users/FC/Desktop/adc/nrfxlib/nrf_modem/lib/cortex-m33/soft-float/libmodem.a(full_dfu_interface.c.obj)
                0x0000000000033574                nrf_modem_full_dfu_setup
 .text.packet_handler_create
                0x0000000000033650       0x44 C:/Users/FC/Desktop/adc/nrfxlib/nrf_modem/lib/cortex-m33/soft-float/libmodem.a(packet_handler_factory.c.obj)
                0x0000000000033650                packet_handler_create
 .text.modem_off
                0x0000000000033694       0x28 C:/Users/FC/Desktop/adc/nrfxlib/nrf_modem/lib/cortex-m33/soft-float/libmodem.a(nrf_modem.c.obj)
 .text.nrf_modem_init
                0x00000000000336bc       0x5c C:/Users/FC/Desktop/adc/nrfxlib/nrf_modem/lib/cortex-m33/soft-float/libmodem.a(nrf_modem.c.obj)
                0x00000000000336bc                nrf_modem_init
 .text.nrf_modem_platform_af_method_table_get
                0x0000000000033718       0xa4 C:/Users/FC/Desktop/adc/nrfxlib/nrf_modem/lib/cortex-m33/soft-float/libmodem.a(nrf_modem_platform.c.obj)
                0x0000000000033718                nrf_modem_platform_af_method_table_get
 .text.nrf_modem_platform_fd_method_table_get
                0x00000000000337bc       0x60 C:/Users/FC/Desktop/adc/nrfxlib/nrf_modem/lib/cortex-m33/soft-float/libmodem.a(nrf_modem_platform.c.obj)
                0x00000000000337bc                nrf_modem_platform_fd_method_table_get
 .text.nrf_modem_platform_fcntl
                0x000000000003381c       0x20 C:/Users/FC/Desktop/adc/nrfxlib/nrf_modem/lib/cortex-m33/soft-float/libmodem.a(nrf_modem_platform_util.c.obj)
                0x000000000003381c                nrf_modem_platform_fcntl
 .text.z_sys_init_run_level
                0x000000000003383c       0x40 zephyr/kernel/libkernel.a(device.c.obj)
                0x000000000003383c                z_sys_init_run_level
 .text.z_impl_device_get_binding
                0x000000000003387c       0x54 zephyr/kernel/libkernel.a(device.c.obj)
                0x000000000003387c                z_impl_device_get_binding
 .text.z_impl_z_errno
                0x00000000000338d0        0xc zephyr/kernel/libkernel.a(errno.c.obj)
                0x00000000000338d0                z_impl_z_errno
 .text.z_fatal_error
                0x00000000000338dc       0xf0 zephyr/kernel/libkernel.a(fatal.c.obj)
                0x00000000000338dc                z_fatal_error
 .text.z_bss_zero
                0x00000000000339cc       0x14 zephyr/kernel/libkernel.a(init.c.obj)
                0x00000000000339cc                z_bss_zero
 .text.bg_thread_main
                0x00000000000339e0       0x34 zephyr/kernel/libkernel.a(init.c.obj)
 .text.z_cstart
                0x0000000000033a14      0x110 zephyr/kernel/libkernel.a(init.c.obj)
                0x0000000000033a14                z_cstart
 .text.statics_init
                0x0000000000033b24       0x54 zephyr/kernel/libkernel.a(kheap.c.obj)
 .text.k_heap_aligned_alloc
                0x0000000000033b78      0x150 zephyr/kernel/libkernel.a(kheap.c.obj)
                0x0000000000033b78                k_heap_aligned_alloc
 .text.k_heap_free
                0x0000000000033cc8       0xa8 zephyr/kernel/libkernel.a(kheap.c.obj)
                0x0000000000033cc8                k_heap_free
 .text.init_mem_slab_module
                0x0000000000033d70       0x74 zephyr/kernel/libkernel.a(mem_slab.c.obj)
 .text.k_mem_slab_alloc
                0x0000000000033de4       0xd8 zephyr/kernel/libkernel.a(mem_slab.c.obj)
                0x0000000000033de4                k_mem_slab_alloc
 .text.k_mem_slab_free
                0x0000000000033ebc       0xc8 zephyr/kernel/libkernel.a(mem_slab.c.obj)
                0x0000000000033ebc                k_mem_slab_free
 .text.z_setup_new_thread
                0x0000000000033f84       0xc0 zephyr/kernel/libkernel.a(thread.c.obj)
                0x0000000000033f84                z_setup_new_thread
 .text.z_impl_k_thread_create
                0x0000000000034044       0xa0 zephyr/kernel/libkernel.a(thread.c.obj)
                0x0000000000034044                z_impl_k_thread_create
 .text.z_init_static_threads