Archive member included to satisfy reference by file (symbol)

app/libapp.a(main.c.obj)      (--whole-archive)
app/libapp.a(flash_map_extended.c.obj)
                              (--whole-archive)
app/libapp.a(os.c.obj)        (--whole-archive)
app/libapp.a(keys.c.obj)      (--whole-archive)
app/libapp.a(image_validate.c.obj)
                              (--whole-archive)
app/libapp.a(tlv.c.obj)       (--whole-archive)
app/libapp.a(encrypted.c.obj)
                              (--whole-archive)
app/libapp.a(image_rsa.c.obj)
                              (--whole-archive)
app/libapp.a(image_ec256.c.obj)
                              (--whole-archive)
app/libapp.a(image_ed25519.c.obj)
                              (--whole-archive)
app/libapp.a(bootutil_misc.c.obj)
                              (--whole-archive)
app/libapp.a(fault_injection_hardening.c.obj)
                              (--whole-archive)
app/libapp.a(loader.c.obj)    (--whole-archive)
app/libapp.a(swap_misc.c.obj)
                              (--whole-archive)
app/libapp.a(swap_scratch.c.obj)
                              (--whole-archive)
app/libapp.a(swap_move.c.obj)
                              (--whole-archive)
app/libapp.a(caps.c.obj)      (--whole-archive)
app/libapp.a(asn1parse.c.obj)
                              (--whole-archive)
app/libapp.a(platform_util.c.obj)
                              (--whole-archive)
app/libapp.a(cc310_glue.c.obj)
                              (--whole-archive)
app/libapp.a(autogen-pubkey.c.obj)
                              (--whole-archive)
app/libapp.a(nrf_cleanup.c.obj)
                              (--whole-archive)
zephyr/libzephyr.a(base64.c.obj)
                              (--whole-archive)
zephyr/libzephyr.a(cbprintf.c.obj)
                              (--whole-archive)
zephyr/libzephyr.a(cbprintf_packaged.c.obj)
                              (--whole-archive)
zephyr/libzephyr.a(crc32c_sw.c.obj)
                              (--whole-archive)
zephyr/libzephyr.a(crc32_sw.c.obj)
                              (--whole-archive)
zephyr/libzephyr.a(crc16_sw.c.obj)
                              (--whole-archive)
zephyr/libzephyr.a(crc8_sw.c.obj)
                              (--whole-archive)
zephyr/libzephyr.a(crc7_sw.c.obj)
                              (--whole-archive)
zephyr/libzephyr.a(dec.c.obj)
                              (--whole-archive)
zephyr/libzephyr.a(fdtable.c.obj)
                              (--whole-archive)
zephyr/libzephyr.a(hex.c.obj)
                              (--whole-archive)
zephyr/libzephyr.a(notify.c.obj)
                              (--whole-archive)
zephyr/libzephyr.a(printk.c.obj)
                              (--whole-archive)
zephyr/libzephyr.a(onoff.c.obj)
                              (--whole-archive)
zephyr/libzephyr.a(rb.c.obj)  (--whole-archive)
zephyr/libzephyr.a(sem.c.obj)
                              (--whole-archive)
zephyr/libzephyr.a(thread_entry.c.obj)
                              (--whole-archive)
zephyr/libzephyr.a(timeutil.c.obj)
                              (--whole-archive)
zephyr/libzephyr.a(heap.c.obj)
                              (--whole-archive)
zephyr/libzephyr.a(heap-validate.c.obj)
                              (--whole-archive)
zephyr/libzephyr.a(bitarray.c.obj)
                              (--whole-archive)
zephyr/libzephyr.a(cbprintf_nano.c.obj)
                              (--whole-archive)
zephyr/libzephyr.a(reboot.c.obj)
                              (--whole-archive)
zephyr/libzephyr.a(configs.c.obj)
                              (--whole-archive)
zephyr/libzephyr.a(soc.c.obj)
                              (--whole-archive)
zephyr/libzephyr.a(power.c.obj)
                              (--whole-archive)
zephyr/libzephyr.a(soc_nrf_common.S.obj)
                              (--whole-archive)
zephyr/libzephyr.a(validate_base_addresses.c.obj)
                              (--whole-archive)
zephyr/libzephyr.a(validate_enabled_instances.c.obj)
                              (--whole-archive)
zephyr/libzephyr.a(log_minimal.c.obj)
                              (--whole-archive)
zephyr/libzephyr.a(flash_map.c.obj)
                              (--whole-archive)
zephyr/libzephyr.a(power.c.obj)
                              (--whole-archive)
zephyr/libzephyr.a(pm_ctrl.c.obj)
                              (--whole-archive)
zephyr/libzephyr.a(policy_residency.c.obj)
                              (--whole-archive)
zephyr/libzephyr.a(tracing_none.c.obj)
                              (--whole-archive)
zephyr/libzephyr.a(clock_control_nrf.c.obj)
                              (--whole-archive)
zephyr/libzephyr.a(sys_clock_init.c.obj)
                              (--whole-archive)
zephyr/libzephyr.a(nrf_rtc_timer.c.obj)
                              (--whole-archive)
zephyr/libzephyr.a(flash_map_partition_manager.c.obj)
                              (--whole-archive)
zephyr/libzephyr.a(nrf_cc3xx_platform_abort_zephyr.c.obj)
[...]
Memory Configuration

Name             Origin             Length             Attributes
FLASH            0x0000000000000000 0x000000000000c000 xr
SRAM             0x00000000200144e8 0x000000000002bb18 xw
IDT_LIST         0x0000000020040000 0x0000000000000800 xw
*default*        0x0000000000000000 0xffffffffffffffff

Linker script and memory map

LOAD zephyr/CMakeFiles/zephyr_final.dir/misc/empty_file.c.obj
LOAD zephyr/CMakeFiles/zephyr_final.dir/isr_tables.c.obj
LOAD zephyr/CMakeFiles/zephyr_final.dir/dev_handles.c.obj
LOAD zephyr/CMakeFiles/offsets.dir/./arch/arm/core/offsets/offsets.c.obj
                0x0000000000000020                _region_min_align = 0x20

.rel.plt        0x0000000000000000        0x0
 *(SORT_BY_ALIGNMENT(.rel.plt))
                [!provide]                        PROVIDE (__rel_iplt_start = .)
 *(SORT_BY_ALIGNMENT(.rel.iplt))
 .rel.iplt      0x0000000000000000        0x0 zephyr/CMakeFiles/zephyr_final.dir/isr_tables.c.obj
                [!provide]                        PROVIDE (__rel_iplt_end = .)

.rela.plt       0x0000000000000000        0x0
 *(SORT_BY_ALIGNMENT(.rela.plt))
                [!provide]                        PROVIDE (__rela_iplt_start = .)
 *(SORT_BY_ALIGNMENT(.rela.iplt))
                [!provide]                        PROVIDE (__rela_iplt_end = .)

.rel.dyn
 *(SORT_BY_ALIGNMENT(.rel.*))

.rela.dyn
 *(SORT_BY_ALIGNMENT(.rela.*))

/DISCARD/
 *(SORT_BY_ALIGNMENT(.plt))

/DISCARD/
 *(SORT_BY_ALIGNMENT(.iplt))
                0x0000000000000000                _image_rom_start = 0x0

rom_start       0x0000000000000000      0x144
                0x0000000000000000                . = 0x0
                0x0000000000000000                . = ALIGN (0x4)
                0x0000000000000000                . = ALIGN (0x80)
                0x0000000000000000                . = ALIGN (0x200)
                0x0000000000000000                _vector_start = .
 *(SORT_BY_ALIGNMENT(.exc_vector_table))
 *(SORT_BY_ALIGNMENT(.exc_vector_table.*))
 .exc_vector_table._vector_table_section
                0x0000000000000000       0x40 zephyr/arch/arch/arm/core/aarch32/cortex_m/libarch__arm__core__aarch32__cortex_m.a(vector_table.S.obj)
                0x0000000000000000                _vector_table
 *(SORT_BY_ALIGNMENT(.gnu.linkonce.irq_vector_table*))
 .gnu.linkonce.irq_vector_table
                0x0000000000000040      0x104 zephyr/CMakeFiles/zephyr_final.dir/isr_tables.c.obj
                0x0000000000000040                _irq_vector_table
 *(SORT_BY_ALIGNMENT(.vectors))
                0x0000000000000144                _vector_end = .

text            0x0000000000000144     0x8bd8
                0x0000000000000144                _image_text_start = .
 *(SORT_BY_ALIGNMENT(.text))
 .text          0x0000000000000144       0x30 c:/users/fc/.zephyrtools/toolchain/zephyr-sdk-0.16.4/arm-zephyr-eabi/bin/../lib/gcc/arm-zephyr-eabi/12.2.0/thumb/v8-m.main+fp/hard\libgcc.a(_aeabi_uldivmod.o)
                0x0000000000000144                __aeabi_uldivmod
 .text          0x0000000000000174        0x4 c:/users/fc/.zephyrtools/toolchain/zephyr-sdk-0.16.4/arm-zephyr-eabi/bin/../lib/gcc/arm-zephyr-eabi/12.2.0/thumb/v8-m.main+fp/hard\libgcc.a(_dvmd_tls.o)
                0x0000000000000174                __aeabi_idiv0
                0x0000000000000174                __aeabi_ldiv0
 .text          0x0000000000000178      0x29c c:/users/fc/.zephyrtools/toolchain/zephyr-sdk-0.16.4/arm-zephyr-eabi/bin/../lib/gcc/arm-zephyr-eabi/12.2.0/thumb/v8-m.main+fp/hard\libgcc.a(_udivmoddi4.o)
                0x0000000000000178                __udivmoddi4
 *(SORT_BY_ALIGNMENT(.text.*))
 .text.led_init
                0x0000000000000414       0x4c app/libapp.a(main.c.obj)
                0x0000000000000414                led_init
 .text.main     0x0000000000000460      0x1bc app/libapp.a(main.c.obj)
                0x0000000000000460                main
 .text.flash_device_get_binding
                0x000000000000061c       0x18 app/libapp.a(flash_map_extended.c.obj)
                0x000000000000061c                flash_device_get_binding
 .text.flash_device_base
                0x0000000000000634       0x20 app/libapp.a(flash_map_extended.c.obj)
                0x0000000000000634                flash_device_base
 .text.flash_area_sector_from_off
                0x0000000000000654       0x24 app/libapp.a(flash_map_extended.c.obj)
                0x0000000000000654                flash_area_sector_from_off
 .text.bootutil_img_validate
                0x0000000000000678      0x224 app/libapp.a(image_validate.c.obj)
                0x0000000000000678                bootutil_img_validate
 .text.bootutil_verify_sig
                0x000000000000089c       0xf0 app/libapp.a(image_ec256.c.obj)
                0x000000000000089c                bootutil_verify_sig
 .text.boot_read_swap_size
                0x000000000000098c       0x80 app/libapp.a(bootutil_misc.c.obj)
                0x000000000000098c                boot_read_swap_size
 .text.boot_validate_slot.isra.0
                0x0000000000000a0c       0xf8 app/libapp.a(loader.c.obj)
 .text.boot_swap_image
                0x0000000000000b04       0x7c app/libapp.a(loader.c.obj)
 .text.boot_copy_region
                0x0000000000000b80       0x84 app/libapp.a(loader.c.obj)
                0x0000000000000b80                boot_copy_region
 .text.context_boot_go
                0x0000000000000c04      0x264 app/libapp.a(loader.c.obj)
                0x0000000000000c04                context_boot_go
 .text.boot_go  0x0000000000000e68       0x10 app/libapp.a(loader.c.obj)
                0x0000000000000e68                boot_go
 .text.boot_read_image_header
                0x0000000000000e78       0x9c app/libapp.a(swap_move.c.obj)
                0x0000000000000e78                boot_read_image_header
 .text.swap_read_status_bytes
                0x0000000000000f14       0xc8 app/libapp.a(swap_move.c.obj)
                0x0000000000000f14                swap_read_status_bytes
 .text.boot_slots_compatible
                0x0000000000000fdc       0x70 app/libapp.a(swap_move.c.obj)
                0x0000000000000fdc                boot_slots_compatible
 .text.swap_status_source
                0x000000000000104c       0xcc app/libapp.a(swap_move.c.obj)
                0x000000000000104c                swap_status_source
 .text.fixup_revert
                0x0000000000001118       0x98 app/libapp.a(swap_move.c.obj)
                0x0000000000001118                fixup_revert
 .text.swap_run
                0x00000000000011b0      0x1ec app/libapp.a(swap_move.c.obj)
                0x00000000000011b0                swap_run
 .text.mbedtls_platform_zeroize
                0x000000000000139c       0x10 app/libapp.a(platform_util.c.obj)
                0x000000000000139c                mbedtls_platform_zeroize
 .text.cc310_init
                0x00000000000013ac       0x30 app/libapp.a(cc310_glue.c.obj)
                0x00000000000013ac                cc310_init
 .text.cc310_ecdsa_verify_secp256r1
                0x00000000000013dc       0x3c app/libapp.a(cc310_glue.c.obj)
                0x00000000000013dc                cc310_ecdsa_verify_secp256r1
 .text.nrf_cleanup_peripheral
                0x0000000000001418       0x48 app/libapp.a(nrf_cleanup.c.obj)
                0x0000000000001418                nrf_cleanup_peripheral
 .text.base64_encode
                0x0000000000001460       0xfc zephyr/libzephyr.a(base64.c.obj)
                0x0000000000001460                base64_encode
 .text.base64_decode
                0x000000000000155c      0x140 zephyr/libzephyr.a(base64.c.obj)
                0x000000000000155c                base64_decode
 .text.char_out
                0x000000000000169c       0x10 zephyr/libzephyr.a(printk.c.obj)
 .text.vprintk  0x00000000000016ac       0x1c zephyr/libzephyr.a(printk.c.obj)
                0x00000000000016ac                vprintk
 .text.process_event
                0x00000000000016c8      0x21c zephyr/libzephyr.a(onoff.c.obj)
 .text.cbvprintf
                0x00000000000018e4      0x468 zephyr/libzephyr.a(cbprintf_nano.c.obj)
                0x00000000000018e4                cbvprintf
 .text.sys_reboot
                0x0000000000001d4c       0x30 zephyr/libzephyr.a(reboot.c.obj)
                0x0000000000001d4c                sys_reboot
 .text.nordicsemi_nrf91_init
                0x0000000000001d7c       0x28 zephyr/libzephyr.a(soc.c.obj)
 .text.arch_busy_wait
                0x0000000000001da4       0x14 zephyr/libzephyr.a(soc.c.obj)
                0x0000000000001da4                arch_busy_wait
 .text.pm_power_state_set
                0x0000000000001db8       0x28 zephyr/libzephyr.a(power.c.obj)
                0x0000000000001db8                pm_power_state_set
 .text.get_flash_area_from_id
                0x0000000000001de0       0x2c zephyr/libzephyr.a(flash_map.c.obj)
 .text.flash_area_open
                0x0000000000001e0c       0x28 zephyr/libzephyr.a(flash_map.c.obj)
                0x0000000000001e0c                flash_area_open
 .text.flash_area_get_sectors
                0x0000000000001e34       0x50 zephyr/libzephyr.a(flash_map.c.obj)
                0x0000000000001e34                flash_area_get_sectors
 .text.pm_state_notify
                0x0000000000001e84       0x44 zephyr/libzephyr.a(power.c.obj)
 .text.pm_system_resume
                0x0000000000001ec8       0x4c zephyr/libzephyr.a(power.c.obj)
                0x0000000000001ec8                pm_system_resume
 .text.pm_system_suspend
                0x0000000000001f14       0x88 zephyr/libzephyr.a(power.c.obj)
                0x0000000000001f14                pm_system_suspend
 .text.onoff_stop
                0x0000000000001f9c       0x30 zephyr/libzephyr.a(clock_control_nrf.c.obj)
 .text.onoff_start
                0x0000000000001fcc       0x44 zephyr/libzephyr.a(clock_control_nrf.c.obj)
 .text.clk_init
                0x0000000000002010       0x60 zephyr/libzephyr.a(clock_control_nrf.c.obj)
 .text.clkstarted_handle.constprop.0
                0x0000000000002070       0x34 zephyr/libzephyr.a(clock_control_nrf.c.obj)
 .text.clock_event_handler
                0x00000000000020a4       0x1c zephyr/libzephyr.a(clock_control_nrf.c.obj)
 .text.generic_hfclk_start
                0x00000000000020c0       0x64 zephyr/libzephyr.a(clock_control_nrf.c.obj)
 .text.api_blocking_start
                0x0000000000002124       0x34 zephyr/libzephyr.a(clock_control_nrf.c.obj)
 .text.generic_hfclk_stop
                0x0000000000002158       0x24 zephyr/libzephyr.a(clock_control_nrf.c.obj)
 .text.z_nrf_clock_control_lf_on
                0x000000000000217c       0xfc zephyr/libzephyr.a(clock_control_nrf.c.obj)
                0x000000000000217c                z_nrf_clock_control_lf_on
 .text.sys_clock_timeout_handler
                0x0000000000002278       0x18 zephyr/libzephyr.a(nrf_rtc_timer.c.obj)
 .text.set_absolute_alarm
                0x0000000000002290       0x98 zephyr/libzephyr.a(nrf_rtc_timer.c.obj)
 .text.rtc_nrf_isr
                0x0000000000002328       0x50 zephyr/libzephyr.a(nrf_rtc_timer.c.obj)
                0x0000000000002328                rtc_nrf_isr
 .text.sys_clock_driver_init
                0x0000000000002378       0x4c zephyr/libzephyr.a(nrf_rtc_timer.c.obj)
                0x0000000000002378                sys_clock_driver_init
 .text.sys_clock_set_timeout
                0x00000000000023c4       0x64 zephyr/libzephyr.a(nrf_rtc_timer.c.obj)
                0x00000000000023c4                sys_clock_set_timeout
 .text.sys_clock_elapsed
                0x0000000000002428       0x1c zephyr/libzephyr.a(nrf_rtc_timer.c.obj)
                0x0000000000002428                sys_clock_elapsed
 .text.nrf_cc3xx_platform_abort_init
                0x0000000000002444        0xc zephyr/libzephyr.a(nrf_cc3xx_platform_abort_zephyr.c.obj)
                0x0000000000002444                nrf_cc3xx_platform_abort_init
 .text.mutex_free_platform
                0x0000000000002450       0x48 zephyr/libzephyr.a(nrf_cc3xx_platform_mutex_zephyr.c.obj)
 .text.mutex_lock_platform
                0x0000000000002498       0x50 zephyr/libzephyr.a(nrf_cc3xx_platform_mutex_zephyr.c.obj)
 .text.mutex_unlock_platform
                0x00000000000024e8       0x44 zephyr/libzephyr.a(nrf_cc3xx_platform_mutex_zephyr.c.obj)
 .text.mutex_init_platform
                0x000000000000252c       0x70 zephyr/libzephyr.a(nrf_cc3xx_platform_mutex_zephyr.c.obj)
 .text.nrf_cc3xx_platform_mutex_init
                0x000000000000259c       0x2c zephyr/libzephyr.a(nrf_cc3xx_platform_mutex_zephyr.c.obj)
                0x000000000000259c                nrf_cc3xx_platform_mutex_init
 .text.boot_uart_fifo_callback
                0x00000000000025c8       0xb0 zephyr/libzephyr.a(serial_adapter.c.obj)
 .text.console_out
                0x0000000000002678       0x18 zephyr/libzephyr.a(serial_adapter.c.obj)
                0x0000000000002678                console_out
 .text.console_read
                0x0000000000002690       0x98 zephyr/libzephyr.a(serial_adapter.c.obj)
                0x0000000000002690                console_read
 .text.boot_console_init
                0x0000000000002728       0x90 zephyr/libzephyr.a(serial_adapter.c.obj)
                0x0000000000002728                boot_console_init
 .text.boot_serial_output
                0x00000000000027b8      0x11c zephyr/libzephyr.a(boot_serial.c.obj)
 .text.boot_serial_in_dec.constprop.0
                0x00000000000028d4       0x78 zephyr/libzephyr.a(boot_serial.c.obj)
 .text.bs_empty_rsp.constprop.0
                0x000000000000294c       0x40 zephyr/libzephyr.a(boot_serial.c.obj)
 .text.boot_serial_input
                0x000000000000298c      0x46c zephyr/libzephyr.a(boot_serial.c.obj)
                0x000000000000298c                boot_serial_input
 .text.boot_serial_start
                0x0000000000002df8       0x78 zephyr/libzephyr.a(boot_serial.c.obj)
                0x0000000000002df8                boot_serial_start
 .text.decode_Upload
                0x0000000000002e70       0x40 zephyr/libzephyr.a(serial_recovery_cbor.c.obj)
 .text.decode_Member
                0x0000000000002eb0       0xf8 zephyr/libzephyr.a(serial_recovery_cbor.c.obj)
 .text.cbor_decode_Upload
                0x0000000000002fa8       0x1c zephyr/libzephyr.a(serial_recovery_cbor.c.obj)
                0x0000000000002fa8                cbor_decode_Upload
 .text.arch_swap
                0x0000000000002fc4       0x34 zephyr/arch/arch/arm/core/aarch32/libarch__arm__core__aarch32.a(swap.c.obj)
                0x0000000000002fc4                arch_swap
 .text.z_arm_pendsv
                0x0000000000002ff8       0x94 zephyr/arch/arch/arm/core/aarch32/libarch__arm__core__aarch32.a(swap_helper.S.obj)
                0x0000000000002ff8                z_arm_pendsv
 .text.z_arm_svc
                0x000000000000308c       0x20 zephyr/arch/arch/arm/core/aarch32/libarch__arm__core__aarch32.a(swap_helper.S.obj)
                0x000000000000308c                z_arm_svc
 .text.arch_irq_enable
                0x00000000000030ac       0x1c zephyr/arch/arch/arm/core/aarch32/libarch__arm__core__aarch32.a(irq_manage.c.obj)
                0x00000000000030ac                arch_irq_enable
 .text.arch_irq_is_enabled
                0x00000000000030c8       0x1c zephyr/arch/arch/arm/core/aarch32/libarch__arm__core__aarch32.a(irq_manage.c.obj)
                0x00000000000030c8                arch_irq_is_enabled
 .text.z_arm_irq_priority_set
                0x00000000000030e4       0x2c zephyr/arch/arch/arm/core/aarch32/libarch__arm__core__aarch32.a(irq_manage.c.obj)
                0x00000000000030e4                z_arm_irq_priority_set
 .text.arch_new_thread
                0x0000000000003110       0x40 zephyr/arch/arch/arm/core/aarch32/libarch__arm__core__aarch32.a(thread.c.obj)
                0x0000000000003110                arch_new_thread
 .text.arch_switch_to_main_thread
                0x0000000000003150       0x40 zephyr/arch/arch/arm/core/aarch32/libarch__arm__core__aarch32.a(thread.c.obj)
                0x0000000000003150                arch_switch_to_main_thread
 .text.z_arm_cpu_idle_init
                0x0000000000003190        0xc zephyr/arch/arch/arm/core/aarch32/libarch__arm__core__aarch32.a(cpu_idle.S.obj)
                0x0000000000003190                z_arm_cpu_idle_init
 .text.arch_cpu_idle
                0x000000000000319c       0x1c zephyr/arch/arch/arm/core/aarch32/libarch__arm__core__aarch32.a(cpu_idle.S.obj)
                0x000000000000319c                arch_cpu_idle
 .text.arch_cpu_atomic_idle
                0x00000000000031b8       0x14 zephyr/arch/arch/arm/core/aarch32/libarch__arm__core__aarch32.a(cpu_idle.S.obj)
                0x00000000000031b8                arch_cpu_atomic_idle
 .text.z_arm_fatal_error
                0x00000000000031cc       0xcc zephyr/arch/arch/arm/core/aarch32/libarch__arm__core__aarch32.a(fatal.c.obj)
                0x00000000000031cc                z_arm_fatal_error
 .text.z_SysNmiOnReset
                0x0000000000003298        0x8 zephyr/arch/arch/arm/core/aarch32/libarch__arm__core__aarch32.a(nmi_on_reset.S.obj)
                0x0000000000003298                z_SysNmiOnReset
 .text.z_arm_prep_c
                0x00000000000032a0       0x5c zephyr/arch/arch/arm/core/aarch32/libarch__arm__core__aarch32.a(prep_c.c.obj)
                0x00000000000032a0                z_arm_prep_c
 .text._isr_wrapper
                0x00000000000032fc       0x40 zephyr/arch/arch/arm/core/aarch32/libarch__arm__core__aarch32.a(isr_wrapper.S.obj)
                0x00000000000032fc                _isr_wrapper
 .text._reset_section
                0x000000000000333c       0x60 zephyr/arch/arch/arm/core/aarch32/cortex_m/libarch__arm__core__aarch32__cortex_m.a(reset.S.obj)
                0x000000000000333c                __start
                0x000000000000333c                z_arm_reset
 .text.__fault  0x000000000000339c       0x14 zephyr/arch/arch/arm/core/aarch32/cortex_m/libarch__arm__core__aarch32__cortex_m.a(fault_s.S.obj)
                0x000000000000339c                z_arm_usage_fault
                0x000000000000339c                z_arm_mpu_fault
                0x000000000000339c                z_arm_exc_spurious
                0x000000000000339c                z_arm_debug_monitor
                0x000000000000339c                z_arm_hard_fault
                0x000000000000339c                z_arm_bus_fault
 .text.usage_fault.constprop.0
                0x00000000000033b0       0xac zephyr/arch/arch/arm/core/aarch32/cortex_m/libarch__arm__core__aarch32__cortex_m.a(fault.c.obj)
 .text.bus_fault.constprop.0
                0x000000000000345c       0xb4 zephyr/arch/arch/arm/core/aarch32/cortex_m/libarch__arm__core__aarch32__cortex_m.a(fault.c.obj)
 .text.mem_manage_fault.constprop.0
                0x0000000000003510       0xac zephyr/arch/arch/arm/core/aarch32/cortex_m/libarch__arm__core__aarch32__cortex_m.a(fault.c.obj)
 .text.z_arm_fault
                0x00000000000035bc      0x150 zephyr/arch/arch/arm/core/aarch32/cortex_m/libarch__arm__core__aarch32__cortex_m.a(fault.c.obj)
                0x00000000000035bc                z_arm_fault
 .text.z_arm_fault_init
                0x000000000000370c       0x18 zephyr/arch/arch/arm/core/aarch32/cortex_m/libarch__arm__core__aarch32__cortex_m.a(fault.c.obj)
                0x000000000000370c                z_arm_fault_init
 .text._HandlerModeExit
                0x0000000000003724       0x1c zephyr/arch/arch/arm/core/aarch32/cortex_m/libarch__arm__core__aarch32__cortex_m.a(exc_exit.S.obj)
                0x0000000000003724                z_arm_int_exit
                0x0000000000003724                z_arm_exc_exit
 .text.sys_arch_reboot
                0x0000000000003740       0x24 zephyr/arch/arch/arm/core/aarch32/cortex_m/libarch__arm__core__aarch32__cortex_m.a(scb.c.obj)
                0x0000000000003740                sys_arch_reboot
 .text.z_arm_clear_arm_mpu_config
                0x0000000000003764       0x24 zephyr/arch/arch/arm/core/aarch32/cortex_m/libarch__arm__core__aarch32__cortex_m.a(scb.c.obj)
                0x0000000000003764                z_arm_clear_arm_mpu_config
 .text.z_arm_init_arch_hw_at_boot
                0x0000000000003788       0x4c zephyr/arch/arch/arm/core/aarch32/cortex_m/libarch__arm__core__aarch32__cortex_m.a(scb.c.obj)
                0x0000000000003788                z_arm_init_arch_hw_at_boot
 .text.z_arm_interrupt_init
                0x00000000000037d4       0x18 zephyr/arch/arch/arm/core/aarch32/cortex_m/libarch__arm__core__aarch32__cortex_m.a(irq_init.c.obj)
                0x00000000000037d4                z_arm_interrupt_init
 .text.z_impl_k_thread_abort
                0x00000000000037ec       0x24 zephyr/arch/arch/arm/core/aarch32/cortex_m/libarch__arm__core__aarch32__cortex_m.a(thread_abort.c.obj)
                0x00000000000037ec                z_impl_k_thread_abort
 .text.z_arm_configure_static_mpu_regions
                0x0000000000003810       0x38 zephyr/arch/arch/arm/core/aarch32/mpu/libarch__arm__core__aarch32__mpu.a(arm_core_mpu.c.obj)
                0x0000000000003810                z_arm_configure_static_mpu_regions
 .text.region_init
                0x0000000000003848       0x34 zephyr/arch/arch/arm/core/aarch32/mpu/libarch__arm__core__aarch32__mpu.a(arm_mpu.c.obj)
 .text.mpu_configure_region
                0x000000000000387c       0x50 zephyr/arch/arch/arm/core/aarch32/mpu/libarch__arm__core__aarch32__mpu.a(arm_mpu.c.obj)
 .text.mpu_configure_regions_and_partition.constprop.0
                0x00000000000038cc      0x170 zephyr/arch/arch/arm/core/aarch32/mpu/libarch__arm__core__aarch32__mpu.a(arm_mpu.c.obj)
 .text.arm_core_mpu_enable
                0x0000000000003a3c       0x18 zephyr/arch/arch/arm/core/aarch32/mpu/libarch__arm__core__aarch32__mpu.a(arm_mpu.c.obj)
                0x0000000000003a3c                arm_core_mpu_enable
 .text.arm_core_mpu_disable
                0x0000000000003a54       0x14 zephyr/arch/arch/arm/core/aarch32/mpu/libarch__arm__core__aarch32__mpu.a(arm_mpu.c.obj)
                0x0000000000003a54                arm_core_mpu_disable
 .text.arm_core_mpu_configure_static_mpu_regions
                0x0000000000003a68       0x14 zephyr/arch/arch/arm/core/aarch32/mpu/libarch__arm__core__aarch32__mpu.a(arm_mpu.c.obj)
                0x0000000000003a68                arm_core_mpu_configure_static_mpu_regions
 .text.arm_core_mpu_mark_areas_for_dynamic_regions
                0x0000000000003a7c       0xb8 zephyr/arch/arch/arm/core/aarch32/mpu/libarch__arm__core__aarch32__mpu.a(arm_mpu.c.obj)
                0x0000000000003a7c                arm_core_mpu_mark_areas_for_dynamic_regions
 .text.z_arm_mpu_init
                0x0000000000003b34       0x4c zephyr/arch/arch/arm/core/aarch32/mpu/libarch__arm__core__aarch32__mpu.a(arm_mpu.c.obj)
                0x0000000000003b34                z_arm_mpu_init
 .text.board_circuitdojo_feather_nrf9160_init
                0x0000000000003b80       0x30 zephyr/boards/boards/arm/circuitdojo_feather_nrf9160/libboards__arm__circuitdojo_feather_nrf9160.a(board.c.obj)
 .text.nrf_gpio_cfg_sense_set
                0x0000000000003bb0       0x20 zephyr/drivers/gpio/libdrivers__gpio.a(gpio_nrfx.c.obj)
 .text.gpio_nrfx_init
                0x0000000000003bd0       0x30 zephyr/drivers/gpio/libdrivers__gpio.a(gpio_nrfx.c.obj)
 .text.gpio_nrfx_config
                0x0000000000003c00       0xb4 zephyr/drivers/gpio/libdrivers__gpio.a(gpio_nrfx.c.obj)
 .text.gpio_nrfx_pin_interrupt_configure
                0x0000000000003cb4      0x1a0 zephyr/drivers/gpio/libdrivers__gpio.a(gpio_nrfx.c.obj)
 .text.gpiote_event_handler
                0x0000000000003e54      0x12c zephyr/drivers/gpio/libdrivers__gpio.a(gpio_nrfx.c.obj)
 .text.flash_nrf_pages_layout
                0x0000000000003f80       0x10 zephyr/drivers/flash/libdrivers__flash.a(soc_flash_nrf.c.obj)
 .text.flash_nrf_get_parameters
                0x0000000000003f90        0x8 zephyr/drivers/flash/libdrivers__flash.a(soc_flash_nrf.c.obj)
 .text.flash_nrf_read
                0x0000000000003f98       0x38 zephyr/drivers/flash/libdrivers__flash.a(soc_flash_nrf.c.obj)
 .text.nrf_flash_init
                0x0000000000003fd0       0x28 zephyr/drivers/flash/libdrivers__flash.a(soc_flash_nrf.c.obj)
 .text.flash_nrf_erase
                0x0000000000003ff8       0x84 zephyr/drivers/flash/libdrivers__flash.a(soc_flash_nrf.c.obj)
 .text.flash_nrf_write
                0x000000000000407c       0x84 zephyr/drivers/flash/libdrivers__flash.a(soc_flash_nrf.c.obj)
 .text.uarte_nrfx_configure
                0x0000000000004100      0x16c zephyr/drivers/serial/libdrivers__serial.a(uart_nrfx_uarte.c.obj)
 .text.uarte_nrfx_poll_out
                0x000000000000426c       0x94 zephyr/drivers/serial/libdrivers__serial.a(uart_nrfx_uarte.c.obj)
 .text.uarte_instance_init.constprop.0
                0x0000000000004300      0x13c zephyr/drivers/serial/libdrivers__serial.a(uart_nrfx_uarte.c.obj)
 .text.uarte_2_init
                0x000000000000443c       0x30 zephyr/drivers/serial/libdrivers__serial.a(uart_nrfx_uarte.c.obj)
 .text.uarte_0_init
                0x000000000000446c       0x30 zephyr/drivers/serial/libdrivers__serial.a(uart_nrfx_uarte.c.obj)
 .text.fprotect_area
                0x000000000000449c       0x3c modules/nrf/lib/fprotect/lib..__nrf__lib__fprotect.a(fprotect_spu.c.obj)
                0x000000000000449c                fprotect_area
 .text.k_sys_fatal_error_handler
                0x00000000000044d8       0x14 modules/nrf/lib/fatal_error/lib..__nrf__lib__fatal_error.a(fatal_error.c.obj)
                0x00000000000044d8                k_sys_fatal_error_handler
 .text.boot_write_magic
                0x00000000000044ec       0x1c modules/mcuboot/boot/bootutil/zephyr/libmcuboot_util.a(bootutil_public.c.obj)
                0x00000000000044ec                boot_write_magic
 .text.boot_read_swap_state
                0x0000000000004508       0xa0 modules/mcuboot/boot/bootutil/zephyr/libmcuboot_util.a(bootutil_public.c.obj)
                0x0000000000004508                boot_read_swap_state
 .text.boot_swap_type_multi
                0x00000000000045a8       0xec modules/mcuboot/boot/bootutil/zephyr/libmcuboot_util.a(bootutil_public.c.obj)
                0x00000000000045a8                boot_swap_type_multi
 .text.SystemInit
                0x0000000000004694      0x164 modules/hal_nordic/nrfx/libmodules__hal_nordic__nrfx.a(system_nrf9160.c.obj)
                0x0000000000004694                SystemInit
 .text.nrfx_clock_init
                0x00000000000047f8       0x20 modules/hal_nordic/nrfx/libmodules__hal_nordic__nrfx.a(nrfx_clock.c.obj)
                0x00000000000047f8                nrfx_clock_init
 .text.nrfx_power_clock_irq_handler
                0x0000000000004818       0x68 modules/hal_nordic/nrfx/libmodules__hal_nordic__nrfx.a(nrfx_clock.c.obj)
                0x0000000000004818                nrfx_power_clock_irq_handler
 .text.nrfx_dppi_channel_alloc
                0x0000000000004880       0x58 modules/hal_nordic/nrfx/libmodules__hal_nordic__nrfx.a(nrfx_dppi.c.obj)
                0x0000000000004880                nrfx_dppi_channel_alloc
 .text.nrfx_gpiote_channel_free
                0x00000000000048d8       0x40 modules/hal_nordic/nrfx/libmodules__hal_nordic__nrfx.a(nrfx_gpiote.c.obj)
                0x00000000000048d8                nrfx_gpiote_channel_free
 .text.nrfx_gpiote_channel_alloc
                0x0000000000004918       0x60 modules/hal_nordic/nrfx/libmodules__hal_nordic__nrfx.a(nrfx_gpiote.c.obj)
                0x0000000000004918                nrfx_gpiote_channel_alloc
 .text.nvmc_readonly_mode_set
                0x0000000000004978       0x14 modules/hal_nordic/nrfx/libmodules__hal_nordic__nrfx.a(nrfx_nvmc.c.obj)
 .text.nvmc_word_write
                0x000000000000498c       0x18 modules/hal_nordic/nrfx/libmodules__hal_nordic__nrfx.a(nrfx_nvmc.c.obj)
 .text.nrfx_nvmc_page_erase
                0x00000000000049a4       0x3c modules/hal_nordic/nrfx/libmodules__hal_nordic__nrfx.a(nrfx_nvmc.c.obj)
                0x00000000000049a4                nrfx_nvmc_page_erase
 .text.nrfx_nvmc_word_write
                0x00000000000049e0       0x20 modules/hal_nordic/nrfx/libmodules__hal_nordic__nrfx.a(nrfx_nvmc.c.obj)
                0x00000000000049e0                nrfx_nvmc_word_write
 .text.z_sys_init_run_level
                0x0000000000004a00       0x40 zephyr/kernel/libkernel.a(device.c.obj)
                0x0000000000004a00                z_sys_init_run_level
 .text.z_impl_device_get_binding
                0x0000000000004a40       0x54 zephyr/kernel/libkernel.a(device.c.obj)
                0x0000000000004a40                z_impl_device_get_binding
 .text.z_fatal_error
                0x0000000000004a94       0x9c zephyr/kernel/libkernel.a(fatal.c.obj)
                0x0000000000004a94                z_fatal_error
 .text.z_bss_zero
                0x0000000000004b30       0x14 zephyr/kernel/libkernel.a(init.c.obj)
                0x0000000000004b30                z_bss_zero
 .text.bg_thread_main
                0x0000000000004b44       0x34 zephyr/kernel/libkernel.a(init.c.obj)
 .text.z_cstart
                0x0000000000004b78      0x10c zephyr/kernel/libkernel.a(init.c.obj)
                0x0000000000004b78                z_cstart
 .text.init_mem_slab_module
                0x0000000000004c84       0x44 zephyr/kernel/libkernel.a(mem_slab.c.obj)
 .text.k_mem_slab_alloc
                0x0000000000004cc8       0x5c zephyr/kernel/libkernel.a(mem_slab.c.obj)
                0x0000000000004cc8                k_mem_slab_alloc
 .text.z_setup_new_thread
                0x0000000000004d24       0x60 zephyr/kernel/libkernel.a(thread.c.obj)
                0x0000000000004d24                z_setup_new_thread
 .text.z_init_static_threads
                0x0000000000004d84       0xb8 zephyr/kernel/libkernel.a(thread.c.obj)
                0x0000000000004d84                z_init_static_threads
 .text.idle     0x0000000000004e3c       0x2c zephyr/kernel/libkernel.a(idle.c.obj)
                0x0000000000004e3c                idle
 .text.z_impl_k_mutex_lock
                0x0000000000004e68       0xf0 zephyr/kernel/libkernel.a(mutex.c.obj)
                0x0000000000004e68                z_impl_k_mutex_lock
 .text.z_impl_k_mutex_unlock
                0x0000000000004f58       0x84 zephyr/kernel/libkernel.a(mutex.c.obj)
                0x0000000000004f58                z_impl_k_mutex_unlock
 .text.z_impl_k_sem_give
                0x0000000000004fdc       0x40 zephyr/kernel/libkernel.a(sem.c.obj)
                0x0000000000004fdc                z_impl_k_sem_give
 .text.z_impl_k_sem_take
                0x000000000000501c       0x50 zephyr/kernel/libkernel.a(sem.c.obj)
                0x000000000000501c                z_impl_k_sem_take
 .text.z_reset_time_slice
                0x000000000000506c       0x2c zephyr/kernel/libkernel.a(sched.c.obj)
                0x000000000000506c                z_reset_time_slice
 .text.update_cache
                0x0000000000005098       0x38 zephyr/kernel/libkernel.a(sched.c.obj)
 .text.unready_thread
                0x00000000000050d0       0x30 zephyr/kernel/libkernel.a(sched.c.obj)
 .text.pend     0x0000000000005100       0x4c zephyr/kernel/libkernel.a(sched.c.obj)
 .text.move_thread_to_end_of_prio_q
                0x000000000000514c       0x74 zephyr/kernel/libkernel.a(sched.c.obj)
 .text.ready_thread
                0x00000000000051c0       0x6c zephyr/kernel/libkernel.a(sched.c.obj)
 .text.k_sched_time_slice_set
                0x000000000000522c       0x64 zephyr/kernel/libkernel.a(sched.c.obj)
                0x000000000000522c                k_sched_time_slice_set
 .text.z_time_slice
                0x0000000000005290       0x80 zephyr/kernel/libkernel.a(sched.c.obj)
                0x0000000000005290                z_time_slice
 .text.z_pend_curr
                0x0000000000005310       0x28 zephyr/kernel/libkernel.a(sched.c.obj)
                0x0000000000005310                z_pend_curr
 .text.z_set_prio
                0x0000000000005338       0x90 zephyr/kernel/libkernel.a(sched.c.obj)
                0x0000000000005338                z_set_prio
 .text.z_reschedule
                0x00000000000053c8       0x24 zephyr/kernel/libkernel.a(sched.c.obj)
                0x00000000000053c8                z_reschedule
 .text.z_sched_start
                0x00000000000053ec       0x3c zephyr/kernel/libkernel.a(sched.c.obj)
                0x00000000000053ec                z_sched_start
 .text.z_impl_k_thread_suspend
                0x0000000000005428       0x64 zephyr/kernel/libkernel.a(sched.c.obj)
                0x0000000000005428                z_impl_k_thread_suspend
 .text.k_sched_lock
                0x000000000000548c       0x28 zephyr/kernel/libkernel.a(sched.c.obj)
                0x000000000000548c                k_sched_lock
 .text.k_sched_unlock
                0x00000000000054b4       0x38 zephyr/kernel/libkernel.a(sched.c.obj)
                0x00000000000054b4                k_sched_unlock
 .text.z_sched_init
                0x00000000000054ec       0x18 zephyr/kernel/libkernel.a(sched.c.obj)
                0x00000000000054ec                z_sched_init
 .text.z_impl_k_yield
                0x0000000000005504       0x7c zephyr/kernel/libkernel.a(sched.c.obj)
                0x0000000000005504                z_impl_k_yield
 .text.z_tick_sleep
                0x0000000000005580       0x90 zephyr/kernel/libkernel.a(sched.c.obj)
 .text.z_impl_k_sleep
                0x0000000000005610       0x34 zephyr/kernel/libkernel.a(sched.c.obj)
                0x0000000000005610                z_impl_k_sleep
 .text.z_impl_k_current_get
                0x0000000000005644        0xc zephyr/kernel/libkernel.a(sched.c.obj)
                0x0000000000005644                z_impl_k_current_get
 .text.z_thread_abort
                0x0000000000005650       0xa4 zephyr/kernel/libkernel.a(sched.c.obj)
                0x0000000000005650                z_thread_abort
 .text.z_data_copy
                0x00000000000056f4       0x34 zephyr/kernel/libkernel.a(xip.c.obj)
                0x00000000000056f4                z_data_copy
 .text.elapsed  0x0000000000005728       0x14 zephyr/kernel/libkernel.a(timeout.c.obj)
 .text.next_timeout
                0x000000000000573c       0x54 zephyr/kernel/libkernel.a(timeout.c.obj)
 .text.remove_timeout
                0x0000000000005790       0x34 zephyr/kernel/libkernel.a(timeout.c.obj)
 .text.z_add_timeout
                0x00000000000057c4       0xf4 zephyr/kernel/libkernel.a(timeout.c.obj)
                0x00000000000057c4                z_add_timeout
 .text.sys_clock_announce
                0x00000000000058b8       0xb8 zephyr/kernel/libkernel.a(timeout.c.obj)
                0x00000000000058b8                sys_clock_announce
 .text.sys_clock_tick_get
                0x0000000000005970       0x30 zephyr/kernel/libkernel.a(timeout.c.obj)
                0x0000000000005970                sys_clock_tick_get
 .text.nrf_cc3xx_platform_init_no_rng
                0x00000000000059a0       0x38 C:/Users/FC/Desktop/adc/nrfxlib/crypto/nrf_cc310_platform/lib/cortex-m33/hard-float/no-interrupts/libnrf_cc310_platform_0.9.11.a(nrf_cc3xx_platform.c.obj)
                0x00000000000059a0                nrf_cc3xx_platform_init_no_rng
 .text.nrf_cc3xx_platform_abort
                0x00000000000059d8       0x24 C:/Users/FC/Desktop/adc/nrfxlib/crypto/nrf_cc310_platform/lib/cortex-m33/hard-float/no-interrupts/libnrf_cc310_platform_0.9.11.a(nrf_cc3xx_platform_abort.c.obj)
 .text.CC_PalAbort
                0x00000000000059fc       0x38 C:/Users/FC/Desktop/adc/nrfxlib/crypto/nrf_cc310_platform/lib/cortex-m33/hard-float/no-interrupts/libnrf_cc310_platform_0.9.11.a(nrf_cc3xx_platform_abort.c.obj)
                0x00000000000059fc                CC_PalAbort
 .text.nrf_cc3xx_platform_set_abort
                0x0000000000005a34       0x10 C:/Users/FC/Desktop/adc/nrfxlib/crypto/nrf_cc310_platform/lib/cortex-m33/hard-float/no-interrupts/libnrf_cc310_platform_0.9.11.a(nrf_cc3xx_platform_abort.c.obj)
                0x0000000000005a34                nrf_cc3xx_platform_set_abort
 .text.mutex_free
                0x0000000000005a44       0x28 C:/Users/FC/Desktop/adc/nrfxlib/crypto/nrf_cc310_platform/lib/cortex-m33/hard-float/no-interrupts/libnrf_cc310_platform_0.9.11.a(nrf_cc3xx_platform_mutex.c.obj)
 .text.mutex_unlock
                0x0000000000005a6c       0x2c C:/Users/FC/Desktop/adc/nrfxlib/crypto/nrf_cc310_platform/lib/cortex-m33/hard-float/no-interrupts/libnrf_cc310_platform_0.9.11.a(nrf_cc3xx_platform_mutex.c.obj)
 .text.mutex_init
                0x0000000000005a98       0x1c C:/Users/FC/Desktop/adc/nrfxlib/crypto/nrf_cc310_platform/lib/cortex-m33/hard-float/no-interrupts/libnrf_cc310_platform_0.9.11.a(nrf_cc3xx_platform_mutex.c.obj)
 .text.mutex_lock
                0x0000000000005ab4       0x3c C:/Users/FC/Desktop/adc/nrfxlib/crypto/nrf_cc310_platform/lib/cortex-m33/hard-float/no-interrupts/libnrf_cc310_platform_0.9.11.a(nrf_cc3xx_platform_mutex.c.obj)
 .text.nrf_cc3xx_platform_set_mutexes
                0x0000000000005af0       0x64 C:/Users/FC/Desktop/adc/nrfxlib/crypto/nrf_cc310_platform/lib/cortex-m33/hard-float/no-interrupts/libnrf_cc310_platform_0.9.11.a(nrf_cc3xx_platform_mutex.c.obj)
                0x0000000000005af0                nrf_cc3xx_platform_set_mutexes
 .text.CC_LibInitNoRng
                0x0000000000005b54       0x6c C:/Users/FC/Desktop/adc/nrfxlib/crypto/nrf_cc310_platform/lib/cortex-m33/hard-float/no-interrupts/libnrf_cc310_platform_0.9.11.a(cc_lib.c.obj)
                0x0000000000005b54                CC_LibInitNoRng
 .text.CC_HalInit
                0x0000000000005bc0        0x4 C:/Users/FC/Desktop/adc/nrfxlib/crypto/nrf_cc310_platform/lib/cortex-m33/hard-float/no-interrupts/libnrf_cc310_platform_0.9.11.a(cc_hal.c.obj)
                0x0000000000005bc0                CC_HalInit
 .text.CC_HalTerminate
                0x0000000000005bc4        0x4 C:/Users/FC/Desktop/adc/nrfxlib/crypto/nrf_cc310_platform/lib/cortex-m33/hard-float/no-interrupts/libnrf_cc310_platform_0.9.11.a(cc_hal.c.obj)
                0x0000000000005bc4                CC_HalTerminate
 .text.CC_HalMaskInterrupt
                0x0000000000005bc8        0xc C:/Users/FC/Desktop/adc/nrfxlib/crypto/nrf_cc310_platform/lib/cortex-m33/hard-float/no-interrupts/libnrf_cc310_platform_0.9.11.a(cc_hal.c.obj)
                0x0000000000005bc8                CC_HalMaskInterrupt
 .text.CC_PalInit
                0x0000000000005bd4       0x5c C:/Users/FC/Desktop/adc/nrfxlib/crypto/nrf_cc310_platform/lib/cortex-m33/hard-float/no-interrupts/libnrf_cc310_platform_0.9.11.a(cc_pal.c.obj)
                0x0000000000005bd4                CC_PalInit
 .text.CC_PalTerminate
                0x0000000000005c30       0x34 C:/Users/FC/Desktop/adc/nrfxlib/crypto/nrf_cc310_platform/lib/cortex-m33/hard-float/no-interrupts/libnrf_cc310_platform_0.9.11.a(cc_pal.c.obj)
                0x0000000000005c30                CC_PalTerminate
 .text.CC_PalDmaInit
                0x0000000000005c64        0x4 C:/Users/FC/Desktop/adc/nrfxlib/crypto/nrf_cc310_platform/lib/cortex-m33/hard-float/no-interrupts/libnrf_cc310_platform_0.9.11.a(cc_pal_dma.c.obj)
                0x0000000000005c64                CC_PalDmaInit
 .text.CC_PalDmaTerminate
                0x0000000000005c68        0x4 C:/Users/FC/Desktop/adc/nrfxlib/crypto/nrf_cc310_platform/lib/cortex-m33/hard-float/no-interrupts/libnrf_cc310_platform_0.9.11.a(cc_pal_dma.c.obj)
                0x0000000000005c68                CC_PalDmaTerminate
 .text.CC_PalMutexCreate
                0x0000000000005c6c       0x14 C:/Users/FC/Desktop/adc/nrfxlib/crypto/nrf_cc310_platform/lib/cortex-m33/hard-float/no-interrupts/libnrf_cc310_platform_0.9.11.a(cc_pal_mutex.c.obj)
                0x0000000000005c6c                CC_PalMutexCreate
 .text.CC_PalMutexDestroy
                0x0000000000005c80       0x14 C:/Users/FC/Desktop/adc/nrfxlib/crypto/nrf_cc310_platform/lib/cortex-m33/hard-float/no-interrupts/libnrf_cc310_platform_0.9.11.a(cc_pal_mutex.c.obj)
                0x0000000000005c80                CC_PalMutexDestroy
 .text.CC_PalPowerSaveModeInit
                0x0000000000005c94       0x3c C:/Users/FC/Desktop/adc/nrfxlib/crypto/nrf_cc310_platform/lib/cortex-m33/hard-float/no-interrupts/libnrf_cc310_platform_0.9.11.a(cc_pal_pm.c.obj)
                0x0000000000005c94                CC_PalPowerSaveModeInit
 .text.CC_PalPowerSaveModeSelect
                0x0000000000005cd0       0x84 C:/Users/FC/Desktop/adc/nrfxlib/crypto/nrf_cc310_platform/lib/cortex-m33/hard-float/no-interrupts/libnrf_cc310_platform_0.9.11.a(cc_pal_pm.c.obj)
                0x0000000000005cd0                CC_PalPowerSaveModeSelect
 .text.verify_context_ecdsa_verify_secp256r1
                0x0000000000005d54       0x20 C:/Users/FC/Desktop/adc/nrfxlib/crypto/nrf_cc310_bl/lib/cortex-m33/hard-float/no-interrupts/libnrf_cc310_bl_0.9.12.a(nrf_cc310_bl_ecdsa_verify_secp256r1.c.obj)
 .text.nrf_cc310_bl_ecdsa_verify_init_secp256r1
                0x0000000000005d74       0x4c C:/Users/FC/Desktop/adc/nrfxlib/crypto/nrf_cc310_bl/lib/cortex-m33/hard-float/no-interrupts/libnrf_cc310_bl_0.9.12.a(nrf_cc310_bl_ecdsa_verify_secp256r1.c.obj)
                0x0000000000005d74                nrf_cc310_bl_ecdsa_verify_init_secp256r1
 .text.nrf_cc310_bl_ecdsa_verify_hash_secp256r1
                0x0000000000005dc0      0x168 C:/Users/FC/Desktop/adc/nrfxlib/crypto/nrf_cc310_bl/lib/cortex-m33/hard-float/no-interrupts/libnrf_cc310_bl_0.9.12.a(nrf_cc310_bl_ecdsa_verify_secp256r1.c.obj)
                0x0000000000005dc0                nrf_cc310_bl_ecdsa_verify_hash_secp256r1
 .text.set_digest_in_hw_sha256
                0x0000000000005f28       0x38 C:/Users/FC/Desktop/adc/nrfxlib/crypto/nrf_cc310_bl/lib/cortex-m33/hard-float/no-interrupts/libnrf_cc310_bl_0.9.12.a(nrf_cc310_bl_hash_sha256.c.obj)
 .text.read_digest_in_hw_sha256
                0x0000000000005f60       0x54 C:/Users/FC/Desktop/adc/nrfxlib/crypto/nrf_cc310_bl/lib/cortex-m33/hard-float/no-interrupts/libnrf_cc310_bl_0.9.12.a(nrf_cc310_bl_hash_sha256.c.obj)
 .text.verify_context_hash_sha256
                0x0000000000005fb4       0x20 C:/Users/FC/Desktop/adc/nrfxlib/crypto/nrf_cc310_bl/lib/cortex-m33/hard-float/no-interrupts/libnrf_cc310_bl_0.9.12.a(nrf_cc310_bl_hash_sha256.c.obj)
 .text.nrf_cc310_bl_hash_sha256_init
                0x0000000000005fd4       0x34 C:/Users/FC/Desktop/adc/nrfxlib/crypto/nrf_cc310_bl/lib/cortex-m33/hard-float/no-interrupts/libnrf_cc310_bl_0.9.12.a(nrf_cc310_bl_hash_sha256.c.obj)
                0x0000000000005fd4                nrf_cc310_bl_hash_sha256_init
 .text.nrf_cc310_bl_hash_sha256_update
                0x0000000000006008       0xb0 C:/Users/FC/Desktop/adc/nrfxlib/crypto/nrf_cc310_bl/lib/cortex-m33/hard-float/no-interrupts/libnrf_cc310_bl_0.9.12.a(nrf_cc310_bl_hash_sha256.c.obj)
                0x0000000000006008                nrf_cc310_bl_hash_sha256_update
 .text.nrf_cc310_bl_hash_sha256_finalize
                0x00000000000060b8       0x60 C:/Users/FC/Desktop/adc/nrfxlib/crypto/nrf_cc310_bl/lib/cortex-m33/hard-float/no-interrupts/libnrf_cc310_bl_0.9.12.a(nrf_cc310_bl_hash_sha256.c.obj)
                0x00000000000060b8                nrf_cc310_bl_hash_sha256_finalize
 .text.nrf_cc310_bl_init
                0x0000000000006118       0x34 C:/Users/FC/Desktop/adc/nrfxlib/crypto/nrf_cc310_bl/lib/cortex-m33/hard-float/no-interrupts/libnrf_cc310_bl_0.9.12.a(nrf_cc310_bl_init.c.obj)
                0x0000000000006118                nrf_cc310_bl_init
 .text.PkaSetRegsMapTab
                0x000000000000614c       0x48 C:/Users/FC/Desktop/adc/nrfxlib/crypto/nrf_cc310_bl/lib/cortex-m33/hard-float/no-interrupts/libnrf_cc310_bl_0.9.12.a(pka.c.obj)
                0x000000000000614c                PkaSetRegsMapTab
 .text.PkaGetRegEffectiveSizeInBits
                0x0000000000006194       0x8c C:/Users/FC/Desktop/adc/nrfxlib/crypto/nrf_cc310_bl/lib/cortex-m33/hard-float/no-interrupts/libnrf_cc310_bl_0.9.12.a(pka.c.obj)
                0x0000000000006194                PkaGetRegEffectiveSizeInBits
 .text.PkaGetNextMsBit
                0x0000000000006220       0x7c C:/Users/FC/Desktop/adc/nrfxlib/crypto/nrf_cc310_bl/lib/cortex-m33/hard-float/no-interrupts/libnrf_cc310_bl_0.9.12.a(pka.c.obj)
                0x0000000000006220                PkaGetNextMsBit
 .text.PkaSetRegsSizesTab
                0x000000000000629c       0x3c C:/Users/FC/Desktop/adc/nrfxlib/crypto/nrf_cc310_bl/lib/cortex-m33/hard-float/no-interrupts/libnrf_cc310_bl_0.9.12.a(pka.c.obj)
                0x000000000000629c                PkaSetRegsSizesTab
 .text.PkaInitPka
                0x00000000000062d8       0x74 C:/Users/FC/Desktop/adc/nrfxlib/crypto/nrf_cc310_bl/lib/cortex-m33/hard-float/no-interrupts/libnrf_cc310_bl_0.9.12.a(pka.c.obj)
                0x00000000000062d8                PkaInitPka
 .text.PkaClearBlockOfRegs
                0x000000000000634c      0x134 C:/Users/FC/Desktop/adc/nrfxlib/crypto/nrf_cc310_bl/lib/cortex-m33/hard-float/no-interrupts/libnrf_cc310_bl_0.9.12.a(pka.c.obj)
                0x000000000000634c                PkaClearBlockOfRegs
 .text.PkaFinishAndMutexUnlock
                0x0000000000006480       0x24 C:/Users/FC/Desktop/adc/nrfxlib/crypto/nrf_cc310_bl/lib/cortex-m33/hard-float/no-interrupts/libnrf_cc310_bl_0.9.12.a(pka.c.obj)
                0x0000000000006480                PkaFinishAndMutexUnlock
 .text.PkaCopyDataIntoPkaReg
                0x00000000000064a4       0xb8 C:/Users/FC/Desktop/adc/nrfxlib/crypto/nrf_cc310_bl/lib/cortex-m33/hard-float/no-interrupts/libnrf_cc310_bl_0.9.12.a(pka.c.obj)
                0x00000000000064a4                PkaCopyDataIntoPkaReg
 .text.PkaEcdsaVerify
                0x000000000000655c      0x284 C:/Users/FC/Desktop/adc/nrfxlib/crypto/nrf_cc310_bl/lib/cortex-m33/hard-float/no-interrupts/libnrf_cc310_bl_0.9.12.a(pka_ec_wrst_dsa_verify.c.obj)
                0x000000000000655c                PkaEcdsaVerify
 .text.nrf_cc310_bl_hash_update_internal
                0x00000000000067e0       0xf0 C:/Users/FC/Desktop/adc/nrfxlib/crypto/nrf_cc310_bl/lib/cortex-m33/hard-float/no-interrupts/libnrf_cc310_bl_0.9.12.a(nrf_cc310_bl_hash.c.obj)
                0x00000000000067e0                nrf_cc310_bl_hash_update_internal
 .text.PkaDoubleMdf2Mdf
                0x00000000000068d0      0x1ac C:/Users/FC/Desktop/adc/nrfxlib/crypto/nrf_cc310_bl/lib/cortex-m33/hard-float/no-interrupts/libnrf_cc310_bl_0.9.12.a(pka_ec_wrst.c.obj)
                0x00000000000068d0                PkaDoubleMdf2Mdf
 .text.PkaDoubleMdf2Jcb
                0x0000000000006a7c      0x178 C:/Users/FC/Desktop/adc/nrfxlib/crypto/nrf_cc310_bl/lib/cortex-m33/hard-float/no-interrupts/libnrf_cc310_bl_0.9.12.a(pka_ec_wrst.c.obj)
                0x0000000000006a7c                PkaDoubleMdf2Jcb
 .text.PkaAddJcbAfn2Mdf
                0x0000000000006bf4      0x194 C:/Users/FC/Desktop/adc/nrfxlib/crypto/nrf_cc310_bl/lib/cortex-m33/hard-float/no-interrupts/libnrf_cc310_bl_0.9.12.a(pka_ec_wrst.c.obj)
                0x0000000000006bf4                PkaAddJcbAfn2Mdf
 .text.PkaJcb2Afn
                0x0000000000006d88       0xb0 C:/Users/FC/Desktop/adc/nrfxlib/crypto/nrf_cc310_bl/lib/cortex-m33/hard-float/no-interrupts/libnrf_cc310_bl_0.9.12.a(pka_ec_wrst.c.obj)
                0x0000000000006d88                PkaJcb2Afn
 .text.PkaAddAff
                0x0000000000006e38      0x114 C:/Users/FC/Desktop/adc/nrfxlib/crypto/nrf_cc310_bl/lib/cortex-m33/hard-float/no-interrupts/libnrf_cc310_bl_0.9.12.a(pka_ec_wrst.c.obj)
                0x0000000000006e38                PkaAddAff
 .text.PkaSum2ScalarMullt
                0x0000000000006f4c      0x1e4 C:/Users/FC/Desktop/adc/nrfxlib/crypto/nrf_cc310_bl/lib/cortex-m33/hard-float/no-interrupts/libnrf_cc310_bl_0.9.12.a(pka_ec_wrst.c.obj)
                0x0000000000006f4c                PkaSum2ScalarMullt
 .text.SaSi_HalClearInterruptBit
                0x0000000000007130        0xc C:/Users/FC/Desktop/adc/nrfxlib/crypto/nrf_cc310_bl/lib/cortex-m33/hard-float/no-interrupts/libnrf_cc310_bl_0.9.12.a(ssi_hal.c.obj)
                0x0000000000007130                SaSi_HalClearInterruptBit
 .text.SaSi_HalMaskInterrupt
                0x000000000000713c        0xc C:/Users/FC/Desktop/adc/nrfxlib/crypto/nrf_cc310_bl/lib/cortex-m33/hard-float/no-interrupts/libnrf_cc310_bl_0.9.12.a(ssi_hal.c.obj)
                0x000000000000713c                SaSi_HalMaskInterrupt
 .text.SaSi_HalWaitInterrupt
                0x0000000000007148       0x18 C:/Users/FC/Desktop/adc/nrfxlib/crypto/nrf_cc310_bl/lib/cortex-m33/hard-float/no-interrupts/libnrf_cc310_bl_0.9.12.a(ssi_hal.c.obj)
                0x0000000000007148                SaSi_HalWaitInterrupt
 .text._OffsetAbsSyms
                0x0000000000007160        0x2 zephyr/CMakeFiles/offsets.dir/./arch/arm/core/offsets/offsets.c.obj
                0x0000000000007160                _OffsetAbsSyms
 .text.gpio_pin_get_raw
                0x0000000000007162       0x22 app/libapp.a(main.c.obj)
 .text.gpio_pin_set.constprop.0.isra.0
                0x0000000000007184       0x1c app/libapp.a(main.c.obj)
 .text.flash_area_id_from_multi_image_slot
                0x00000000000071a0       0x12 app/libapp.a(flash_map_extended.c.obj)
                0x00000000000071a0                flash_area_id_from_multi_image_slot
 .text.os_heap_init
                0x00000000000071b2        0x2 app/libapp.a(os.c.obj)
                0x00000000000071b2                os_heap_init
 .text.bootutil_tlv_iter_begin
                0x00000000000071b4       0x98 app/libapp.a(tlv.c.obj)
                0x00000000000071b4                bootutil_tlv_iter_begin
 .text.bootutil_tlv_iter_next
                0x000000000000724c       0x96 app/libapp.a(tlv.c.obj)
                0x000000000000724c                bootutil_tlv_iter_next
 .text.bootutil_read_bigint
                0x00000000000072e2       0x58 app/libapp.a(image_ec256.c.obj)
 .text.boot_fih_memequal
                0x000000000000733a        0x4 app/libapp.a(bootutil_misc.c.obj)
                0x000000000000733a                boot_fih_memequal
 .text.boot_trailer_sz
                0x000000000000733e        0xa app/libapp.a(bootutil_misc.c.obj)
                0x000000000000733e                boot_trailer_sz
 .text.boot_status_entries
                0x0000000000007348       0x1a app/libapp.a(bootutil_misc.c.obj)
                0x0000000000007348                boot_status_entries
 .text.boot_status_off
                0x0000000000007362       0x16 app/libapp.a(bootutil_misc.c.obj)
                0x0000000000007362                boot_status_off
 .text.boot_write_copy_done
                0x0000000000007378        0xa app/libapp.a(bootutil_misc.c.obj)
                0x0000000000007378                boot_write_copy_done
 .text.boot_write_swap_size
                0x0000000000007382       0x1e app/libapp.a(bootutil_misc.c.obj)
                0x0000000000007382                boot_write_swap_size
 .text.boot_read_image_headers
                0x00000000000073a0       0x2c app/libapp.a(loader.c.obj)
 .text.boot_read_image_size.constprop.0.isra.0
                0x00000000000073cc       0x82 app/libapp.a(loader.c.obj)
 .text.boot_read_sectors
                0x000000000000744e       0x44 app/libapp.a(loader.c.obj)
 .text.boot_status_reset
                0x0000000000007492       0x12 app/libapp.a(loader.c.obj)
                0x0000000000007492                boot_status_reset
 .text.boot_status_is_reset
                0x00000000000074a4       0x1a app/libapp.a(loader.c.obj)
                0x00000000000074a4                boot_status_is_reset
 .text.boot_write_status
                0x00000000000074be       0x64 app/libapp.a(loader.c.obj)
                0x00000000000074be                boot_write_status
 .text.boot_erase_region
                0x0000000000007522        0x4 app/libapp.a(loader.c.obj)
                0x0000000000007522                boot_erase_region
 .text.swap_erase_trailer_sectors
                0x0000000000007526       0x6c app/libapp.a(swap_misc.c.obj)
                0x0000000000007526                swap_erase_trailer_sectors
 .text.swap_status_init
                0x0000000000007592       0x3e app/libapp.a(swap_misc.c.obj)
                0x0000000000007592                swap_status_init
 .text.swap_read_status
                0x00000000000075d0       0x78 app/libapp.a(swap_misc.c.obj)
                0x00000000000075d0                swap_read_status
 .text.swap_set_copy_done
                0x0000000000007648       0x24 app/libapp.a(swap_misc.c.obj)
                0x0000000000007648                swap_set_copy_done
 .text.swap_set_image_ok
                0x000000000000766c       0x3c app/libapp.a(swap_misc.c.obj)
                0x000000000000766c                swap_set_image_ok
 .text.boot_status_internal_off
                0x00000000000076a8       0x26 app/libapp.a(swap_move.c.obj)
                0x00000000000076a8                boot_status_internal_off
 .text.mbedtls_asn1_get_len
                0x00000000000076ce       0x90 app/libapp.a(asn1parse.c.obj)
                0x00000000000076ce                mbedtls_asn1_get_len
 .text.mbedtls_asn1_get_tag
                0x000000000000775e       0x28 app/libapp.a(asn1parse.c.obj)
                0x000000000000775e                mbedtls_asn1_get_tag
 .text.mbedtls_asn1_get_bitstring_null
                0x0000000000007786       0x28 app/libapp.a(asn1parse.c.obj)
                0x0000000000007786                mbedtls_asn1_get_bitstring_null
 .text.mbedtls_asn1_get_alg
                0x00000000000077ae       0x94 app/libapp.a(asn1parse.c.obj)
                0x00000000000077ae                mbedtls_asn1_get_alg
 .text.cc310_sha256_update
                0x0000000000007842       0x36 app/libapp.a(cc310_glue.c.obj)
                0x0000000000007842                cc310_sha256_update
 .text.crc16    0x0000000000007878       0x52 zephyr/libzephyr.a(crc16_sw.c.obj)
                0x0000000000007878                crc16
 .text.sys_notify_validate
                0x00000000000078ca       0x22 zephyr/libzephyr.a(notify.c.obj)
                0x00000000000078ca                sys_notify_validate
 .text.sys_notify_finalize
                0x00000000000078ec       0x1a zephyr/libzephyr.a(notify.c.obj)
                0x00000000000078ec                sys_notify_finalize
 .text.arch_printk_char_out
                0x0000000000007906        0x4 zephyr/libzephyr.a(printk.c.obj)
                0x0000000000007906                arch_printk_char_out
 .text.printk   0x000000000000790a       0x1a zephyr/libzephyr.a(printk.c.obj)
                0x000000000000790a                printk
 .text.process_recheck
                0x0000000000007924       0x38 zephyr/libzephyr.a(onoff.c.obj)
 .text.validate_args
                0x000000000000795c       0x20 zephyr/libzephyr.a(onoff.c.obj)
 .text.notify_one
                0x000000000000797c       0x2c zephyr/libzephyr.a(onoff.c.obj)
 .text.transition_complete
                0x00000000000079a8       0x1e zephyr/libzephyr.a(onoff.c.obj)
 .text.onoff_manager_init
                0x00000000000079c6       0x26 zephyr/libzephyr.a(onoff.c.obj)
                0x00000000000079c6                onoff_manager_init
 .text.onoff_request
                0x00000000000079ec       0xb0 zephyr/libzephyr.a(onoff.c.obj)
                0x00000000000079ec                onoff_request
 .text.z_thread_entry
                0x0000000000007a9c       0x14 zephyr/libzephyr.a(thread_entry.c.obj)
                0x0000000000007a9c                z_thread_entry
 .text._ConfigAbsSyms
                0x0000000000007ab0        0x2 zephyr/libzephyr.a(configs.c.obj)
                0x0000000000007ab0                _ConfigAbsSyms
 .text.pm_power_state_exit_post_ops
                0x0000000000007ab2       0x16 zephyr/libzephyr.a(power.c.obj)
                0x0000000000007ab2                pm_power_state_exit_post_ops
 .text.z_log_minimal_printk
                0x0000000000007ac8       0x1a zephyr/libzephyr.a(log_minimal.c.obj)
                0x0000000000007ac8                z_log_minimal_printk
 .text.device_get_binding
                0x0000000000007ae2        0x4 zephyr/libzephyr.a(flash_map.c.obj)
 .text.get_sectors_cb
                0x0000000000007ae6       0x40 zephyr/libzephyr.a(flash_map.c.obj)
 .text.flash_area_close
                0x0000000000007b26        0x2 zephyr/libzephyr.a(flash_map.c.obj)
                0x0000000000007b26                flash_area_close
 .text.flash_area_read
                0x0000000000007b28       0x38 zephyr/libzephyr.a(flash_map.c.obj)
                0x0000000000007b28                flash_area_read
 .text.flash_area_write
                0x0000000000007b60       0x66 zephyr/libzephyr.a(flash_map.c.obj)
                0x0000000000007b60                flash_area_write
 .text.flash_area_erase
                0x0000000000007bc6       0x5e zephyr/libzephyr.a(flash_map.c.obj)
                0x0000000000007bc6                flash_area_erase
 .text.flash_area_align
                0x0000000000007c24       0x12 zephyr/libzephyr.a(flash_map.c.obj)
                0x0000000000007c24                flash_area_align
 .text.flash_area_erased_val
                0x0000000000007c36       0x12 zephyr/libzephyr.a(flash_map.c.obj)
                0x0000000000007c36                flash_area_erased_val
 .text.pm_policy_next_state
                0x0000000000007c48        0xa zephyr/libzephyr.a(policy_residency.c.obj)
                0x0000000000007c48                pm_policy_next_state
 .text.get_status
                0x0000000000007c52       0x12 zephyr/libzephyr.a(clock_control_nrf.c.obj)
 .text.set_on_state
                0x0000000000007c64       0x26 zephyr/libzephyr.a(clock_control_nrf.c.obj)
 .text.stop     0x0000000000007c8a       0x52 zephyr/libzephyr.a(clock_control_nrf.c.obj)
 .text.api_stop
                0x0000000000007cdc        0x6 zephyr/libzephyr.a(clock_control_nrf.c.obj)
 .text.async_start
                0x0000000000007ce2       0x5c zephyr/libzephyr.a(clock_control_nrf.c.obj)
 .text.api_start
                0x0000000000007d3e        0xe zephyr/libzephyr.a(clock_control_nrf.c.obj)
 .text.onoff_started_callback
                0x0000000000007d4c       0x14 zephyr/libzephyr.a(clock_control_nrf.c.obj)
 .text.lfclk_start
                0x0000000000007d60        0x6 zephyr/libzephyr.a(clock_control_nrf.c.obj)
 .text.lfclk_stop
                0x0000000000007d66        0x6 zephyr/libzephyr.a(clock_control_nrf.c.obj)
 .text.blocking_start_callback
                0x0000000000007d6c        0x6 zephyr/libzephyr.a(clock_control_nrf.c.obj)
 .text.sys_clock_isr
                0x0000000000007d72        0x2 zephyr/libzephyr.a(sys_clock_init.c.obj)
                0x0000000000007d72                sys_clock_isr
 .text.sys_clock_idle_exit
                0x0000000000007d74        0x2 zephyr/libzephyr.a(sys_clock_init.c.obj)
                0x0000000000007d74                sys_clock_idle_exit
 .text.sys_clock_disable
                0x0000000000007d76        0x2 zephyr/libzephyr.a(sys_clock_init.c.obj)
                0x0000000000007d76                sys_clock_disable
 .text.abort_function
                0x0000000000007d78        0x6 zephyr/libzephyr.a(nrf_cc3xx_platform_abort_zephyr.c.obj)
 .text.console_write
                0x0000000000007d7e       0x1c zephyr/libzephyr.a(serial_adapter.c.obj)
                0x0000000000007d7e                console_write
 .text.u32toa   0x0000000000007d9a       0x44 zephyr/libzephyr.a(boot_serial.c.obj)
 .text.value_extract
                0x0000000000007dde       0x76 zephyr/libzephyr.a(cbor_decode.c.obj)
 .text.strx_start_decode
                0x0000000000007e54       0x38 zephyr/libzephyr.a(cbor_decode.c.obj)
 .text.list_map_start_decode
                0x0000000000007e8c       0x34 zephyr/libzephyr.a(cbor_decode.c.obj)
 .text.intx32_decode
                0x0000000000007ec0       0x3e zephyr/libzephyr.a(cbor_decode.c.obj)
                0x0000000000007ec0                intx32_decode
 .text.strx_decode
                0x0000000000007efe       0x16 zephyr/libzephyr.a(cbor_decode.c.obj)
                0x0000000000007efe                strx_decode
 .text.strx_expect
                0x0000000000007f14       0x38 zephyr/libzephyr.a(cbor_decode.c.obj)
                0x0000000000007f14                strx_expect
 .text.bstrx_decode
                0x0000000000007f4c        0x6 zephyr/libzephyr.a(cbor_decode.c.obj)
                0x0000000000007f4c                bstrx_decode
 .text.tstrx_expect
                0x0000000000007f52        0x6 zephyr/libzephyr.a(cbor_decode.c.obj)
                0x0000000000007f52                tstrx_expect
 .text.map_start_decode
                0x0000000000007f58       0x14 zephyr/libzephyr.a(cbor_decode.c.obj)
                0x0000000000007f58                map_start_decode
 .text.list_map_end_decode
                0x0000000000007f6c        0x8 zephyr/libzephyr.a(cbor_decode.c.obj)
                0x0000000000007f6c                list_map_end_decode
 .text.map_end_decode
                0x0000000000007f74        0x4 zephyr/libzephyr.a(cbor_decode.c.obj)
                0x0000000000007f74                map_end_decode
 .text.multi_decode
                0x0000000000007f78       0x4c zephyr/libzephyr.a(cbor_decode.c.obj)
                0x0000000000007f78                multi_decode
 .text.get_result_len
                0x0000000000007fc4       0x3c zephyr/libzephyr.a(cbor_encode.c.obj)
 .text.get_additional
                0x0000000000008000       0x2a zephyr/libzephyr.a(cbor_encode.c.obj)
                0x0000000000008000                get_additional
 .text.value_encode
                0x000000000000802a       0x60 zephyr/libzephyr.a(cbor_encode.c.obj)
 .text.strx_encode
                0x000000000000808a       0x58 zephyr/libzephyr.a(cbor_encode.c.obj)
 .text.uintx32_put
                0x00000000000080e2       0x16 zephyr/libzephyr.a(cbor_encode.c.obj)
                0x00000000000080e2                uintx32_put
 .text.tstrx_encode
                0x00000000000080f8        0x6 zephyr/libzephyr.a(cbor_encode.c.obj)
                0x00000000000080f8                tstrx_encode
 .text.list_start_encode
                0x00000000000080fe       0x18 zephyr/libzephyr.a(cbor_encode.c.obj)
                0x00000000000080fe                list_start_encode
 .text.map_start_encode
                0x0000000000008116       0x18 zephyr/libzephyr.a(cbor_encode.c.obj)
                0x0000000000008116                map_start_encode
 .text.list_end_encode
                0x000000000000812e       0x18 zephyr/libzephyr.a(cbor_encode.c.obj)
                0x000000000000812e                list_end_encode
 .text.map_end_encode
                0x0000000000008146        0x4 zephyr/libzephyr.a(cbor_encode.c.obj)
                0x0000000000008146                map_end_encode
 .text.new_backup
                0x000000000000814a       0x2c zephyr/libzephyr.a(cbor_common.c.obj)
                0x000000000000814a                new_backup
 .text.restore_backup
                0x0000000000008176       0x4a zephyr/libzephyr.a(cbor_common.c.obj)
                0x0000000000008176                restore_backup
 .text.union_start_code
                0x00000000000081c0        0x6 zephyr/libzephyr.a(cbor_common.c.obj)
                0x00000000000081c0                union_start_code
 .text.union_elem_code
                0x00000000000081c6        0x8 zephyr/libzephyr.a(cbor_common.c.obj)
                0x00000000000081c6                union_elem_code
 .text.union_end_code
                0x00000000000081ce        0x8 zephyr/libzephyr.a(cbor_common.c.obj)
                0x00000000000081ce                union_end_code
 .text.entry_function
                0x00000000000081d6       0x64 zephyr/libzephyr.a(cbor_common.c.obj)
                0x00000000000081d6                entry_function
 .text.z_irq_spurious
                0x000000000000823a        0x8 zephyr/arch/arch/arm/core/aarch32/libarch__arm__core__aarch32.a(irq_manage.c.obj)
                0x000000000000823a                z_irq_spurious
 .text.configure_builtin_stack_guard
                0x0000000000008242        0x8 zephyr/arch/arch/arm/core/aarch32/libarch__arm__core__aarch32.a(thread.c.obj)
                0x0000000000008242                configure_builtin_stack_guard
 .text.z_do_kernel_oops
                0x000000000000824a        0x8 zephyr/arch/arch/arm/core/aarch32/libarch__arm__core__aarch32.a(fatal.c.obj)
                0x000000000000824a                z_do_kernel_oops
 .text.z_arm_nmi
                0x0000000000008252        0xe zephyr/arch/arch/arm/core/aarch32/libarch__arm__core__aarch32.a(nmi.c.obj)
                0x0000000000008252                z_arm_nmi
 .text.arm_cmse_mpu_region_get
                0x0000000000008260       0x12 zephyr/arch/arch/arm/core/aarch32/cortex_m/cmse/libarch__arm__core__aarch32__cortex_m__cmse.a(arm_core_cmse.c.obj)
                0x0000000000008260                arm_cmse_mpu_region_get
 .text.strlen   0x0000000000008272        0xe zephyr/lib/libc/minimal/liblib__libc__minimal.a(string.c.obj)
                0x0000000000008272                strlen
 .text.strcmp   0x0000000000008280       0x18 zephyr/lib/libc/minimal/liblib__libc__minimal.a(string.c.obj)
                0x0000000000008280                strcmp
 .text.memcmp   0x0000000000008298       0x20 zephyr/lib/libc/minimal/liblib__libc__minimal.a(string.c.obj)
                0x0000000000008298                memcmp
 .text.memmove  0x00000000000082b8       0x2e zephyr/lib/libc/minimal/liblib__libc__minimal.a(string.c.obj)
                0x00000000000082b8                memmove
 .text.memcpy   0x00000000000082e6       0x16 zephyr/lib/libc/minimal/liblib__libc__minimal.a(string.c.obj)
                0x00000000000082e6                memcpy
 .text.memset   0x00000000000082fc       0x12 zephyr/lib/libc/minimal/liblib__libc__minimal.a(string.c.obj)
                0x00000000000082fc                memset
 .text.gpio_nrfx_port_get_raw
                0x000000000000830e        0xc zephyr/drivers/gpio/libdrivers__gpio.a(gpio_nrfx.c.obj)
 .text.gpio_nrfx_port_set_masked_raw
                0x000000000000831a       0x12 zephyr/drivers/gpio/libdrivers__gpio.a(gpio_nrfx.c.obj)
 .text.gpio_nrfx_port_set_bits_raw
                0x000000000000832c        0xa zephyr/drivers/gpio/libdrivers__gpio.a(gpio_nrfx.c.obj)
 .text.gpio_nrfx_port_clear_bits_raw
                0x0000000000008336        0xa zephyr/drivers/gpio/libdrivers__gpio.a(gpio_nrfx.c.obj)
 .text.gpio_nrfx_port_toggle_bits
                0x0000000000008340        0xe zephyr/drivers/gpio/libdrivers__gpio.a(gpio_nrfx.c.obj)
 .text.gpio_nrfx_manage_callback
                0x000000000000834e       0x54 zephyr/drivers/gpio/libdrivers__gpio.a(gpio_nrfx.c.obj)
 .text.is_regular_addr_valid
                0x00000000000083a2       0x26 zephyr/drivers/flash/libdrivers__flash.a(soc_flash_nrf.c.obj)
 .text.flash_get_page_info
                0x00000000000083c8       0x6e zephyr/drivers/flash/libdrivers__flash.a(flash_page_layout.c.obj)
 .text.z_impl_flash_get_page_info_by_offs
                0x0000000000008436        0x8 zephyr/drivers/flash/libdrivers__flash.a(flash_page_layout.c.obj)
                0x0000000000008436                z_impl_flash_get_page_info_by_offs
 .text.flash_page_foreach
                0x000000000000843e       0x58 zephyr/drivers/flash/libdrivers__flash.a(flash_page_layout.c.obj)
                0x000000000000843e                flash_page_foreach
 .text.uarte_nrfx_config_get
                0x0000000000008496       0x10 zephyr/drivers/serial/libdrivers__serial.a(uart_nrfx_uarte.c.obj)
 .text.uarte_nrfx_err_check
                0x00000000000084a6        0xe zephyr/drivers/serial/libdrivers__serial.a(uart_nrfx_uarte.c.obj)
 .text.uarte_nrfx_poll_in
                0x00000000000084b4       0x26 zephyr/drivers/serial/libdrivers__serial.a(uart_nrfx_uarte.c.obj)
 .text.uarte_nrfx_fifo_read
                0x00000000000084da       0x2c zephyr/drivers/serial/libdrivers__serial.a(uart_nrfx_uarte.c.obj)
 .text.uarte_nrfx_irq_tx_enable
                0x0000000000008506       0x2e zephyr/drivers/serial/libdrivers__serial.a(uart_nrfx_uarte.c.obj)
 .text.uarte_nrfx_irq_tx_disable
                0x0000000000008534        0xa zephyr/drivers/serial/libdrivers__serial.a(uart_nrfx_uarte.c.obj)
 .text.uarte_nrfx_irq_tx_ready_complete
                0x000000000000853e       0x2a zephyr/drivers/serial/libdrivers__serial.a(uart_nrfx_uarte.c.obj)
 .text.uarte_nrfx_irq_rx_ready
                0x0000000000008568       0x10 zephyr/drivers/serial/libdrivers__serial.a(uart_nrfx_uarte.c.obj)
 .text.uarte_nrfx_irq_rx_enable
                0x0000000000008578        0xc zephyr/drivers/serial/libdrivers__serial.a(uart_nrfx_uarte.c.obj)
 .text.uarte_nrfx_irq_rx_disable
                0x0000000000008584        0xc zephyr/drivers/serial/libdrivers__serial.a(uart_nrfx_uarte.c.obj)
 .text.uarte_nrfx_irq_err_enable
                0x0000000000008590        0xe zephyr/drivers/serial/libdrivers__serial.a(uart_nrfx_uarte.c.obj)
 .text.uarte_nrfx_irq_err_disable
                0x000000000000859e        0xe zephyr/drivers/serial/libdrivers__serial.a(uart_nrfx_uarte.c.obj)
 .text.uarte_nrfx_irq_is_pending
                0x00000000000085ac       0x36 zephyr/drivers/serial/libdrivers__serial.a(uart_nrfx_uarte.c.obj)
 .text.uarte_nrfx_irq_update
                0x00000000000085e2        0x4 zephyr/drivers/serial/libdrivers__serial.a(uart_nrfx_uarte.c.obj)
 .text.uarte_nrfx_irq_callback_set
                0x00000000000085e6        0xa zephyr/drivers/serial/libdrivers__serial.a(uart_nrfx_uarte.c.obj)
 .text.tx_start.isra.0
                0x00000000000085f0       0x36 zephyr/drivers/serial/libdrivers__serial.a(uart_nrfx_uarte.c.obj)
 .text.is_tx_ready.isra.0
                0x0000000000008626       0x20 zephyr/drivers/serial/libdrivers__serial.a(uart_nrfx_uarte.c.obj)
 .text.uarte_nrfx_fifo_fill
                0x0000000000008646       0x78 zephyr/drivers/serial/libdrivers__serial.a(uart_nrfx_uarte.c.obj)
 .text.uarte_nrfx_isr_int
                0x00000000000086be       0xc0 zephyr/drivers/serial/libdrivers__serial.a(uart_nrfx_uarte.c.obj)
 .text.hw_cc3xx_init_internal
                0x000000000000877e        0x4 modules/nrf/drivers/hw_cc310/lib..__nrf__drivers__hw_cc310.a(hw_cc310.c.obj)
 .text.hw_cc3xx_init
                0x0000000000008782       0x12 modules/nrf/drivers/hw_cc310/lib..__nrf__drivers__hw_cc310.a(hw_cc310.c.obj)
 .text.boot_swap_info_off
                0x0000000000008794        0x6 modules/mcuboot/boot/bootutil/zephyr/libmcuboot_util.a(bootutil_public.c.obj)
                0x0000000000008794                boot_swap_info_off
 .text.boot_magic_compatible_check
                0x000000000000879a       0x1c modules/mcuboot/boot/bootutil/zephyr/libmcuboot_util.a(bootutil_public.c.obj)
                0x000000000000879a                boot_magic_compatible_check
 .text.bootutil_buffer_is_erased
                0x00000000000087b6       0x26 modules/mcuboot/boot/bootutil/zephyr/libmcuboot_util.a(bootutil_public.c.obj)
                0x00000000000087b6                bootutil_buffer_is_erased
 .text.boot_read_flag
                0x00000000000087dc       0x38 modules/mcuboot/boot/bootutil/zephyr/libmcuboot_util.a(bootutil_public.c.obj)
 .text.boot_write_trailer
                0x0000000000008814       0x5a modules/mcuboot/boot/bootutil/zephyr/libmcuboot_util.a(bootutil_public.c.obj)
                0x0000000000008814                boot_write_trailer
 .text.boot_write_trailer_flag
                0x000000000000886e       0x14 modules/mcuboot/boot/bootutil/zephyr/libmcuboot_util.a(bootutil_public.c.obj)
                0x000000000000886e                boot_write_trailer_flag
 .text.boot_write_image_ok
                0x0000000000008882        0xa modules/mcuboot/boot/bootutil/zephyr/libmcuboot_util.a(bootutil_public.c.obj)
                0x0000000000008882                boot_write_image_ok
 .text.boot_read_image_ok
                0x000000000000888c        0x8 modules/mcuboot/boot/bootutil/zephyr/libmcuboot_util.a(bootutil_public.c.obj)
                0x000000000000888c                boot_read_image_ok
 .text.boot_read_swap_state_by_id
                0x0000000000008894       0x28 modules/mcuboot/boot/bootutil/zephyr/libmcuboot_util.a(bootutil_public.c.obj)
                0x0000000000008894                boot_read_swap_state_by_id
 .text.boot_write_swap_info
                0x00000000000088bc       0x1e modules/mcuboot/boot/bootutil/zephyr/libmcuboot_util.a(bootutil_public.c.obj)
                0x00000000000088bc                boot_write_swap_info
 .text.nrf91_errata_14
                0x00000000000088da       0x1c modules/hal_nordic/nrfx/libmodules__hal_nordic__nrfx.a(system_nrf9160.c.obj)
 .text.nrfx_isr
                0x00000000000088f6        0x2 modules/hal_nordic/nrfx/libmodules__hal_nordic__nrfx.a(nrfx_glue.c.obj)
                0x00000000000088f6                nrfx_isr
 .text.nrfx_busy_wait
                0x00000000000088f8        0x4 modules/hal_nordic/nrfx/libmodules__hal_nordic__nrfx.a(nrfx_glue.c.obj)
                0x00000000000088f8                nrfx_busy_wait
 .text.nrfx_clock_enable
                0x00000000000088fc       0x16 modules/hal_nordic/nrfx/libmodules__hal_nordic__nrfx.a(nrfx_clock.c.obj)
                0x00000000000088fc                nrfx_clock_enable
 .text.nrfx_clock_start
                0x0000000000008912       0x60 modules/hal_nordic/nrfx/libmodules__hal_nordic__nrfx.a(nrfx_clock.c.obj)
                0x0000000000008912                nrfx_clock_start
 .text.nrfx_clock_stop
                0x0000000000008972       0x70 modules/hal_nordic/nrfx/libmodules__hal_nordic__nrfx.a(nrfx_clock.c.obj)
                0x0000000000008972                nrfx_clock_stop
 .text.nrfx_nvmc_flash_size_get
                0x00000000000089e2        0x6 modules/hal_nordic/nrfx/libmodules__hal_nordic__nrfx.a(nrfx_nvmc.c.obj)
                0x00000000000089e2                nrfx_nvmc_flash_size_get
 .text.nrfx_nvmc_flash_page_size_get
                0x00000000000089e8        0x6 modules/hal_nordic/nrfx/libmodules__hal_nordic__nrfx.a(nrfx_nvmc.c.obj)
                0x00000000000089e8                nrfx_nvmc_flash_page_size_get
 .text.nrfx_nvmc_flash_page_count_get
                0x00000000000089ee        0x6 modules/hal_nordic/nrfx/libmodules__hal_nordic__nrfx.a(nrfx_nvmc.c.obj)
                0x00000000000089ee                nrfx_nvmc_flash_page_count_get
 .text.z_device_state_init
                0x00000000000089f4        0x2 zephyr/kernel/libkernel.a(device.c.obj)
                0x00000000000089f4                z_device_state_init
 .text.z_device_ready
                0x00000000000089f6       0x14 zephyr/kernel/libkernel.a(device.c.obj)
                0x00000000000089f6                z_device_ready
 .text.k_mem_slab_init
                0x0000000000008a0a       0x36 zephyr/kernel/libkernel.a(mem_slab.c.obj)
                0x0000000000008a0a                k_mem_slab_init
 .text.k_mem_slab_free
                0x0000000000008a40       0x52 zephyr/kernel/libkernel.a(mem_slab.c.obj)
                0x0000000000008a40                k_mem_slab_free
 .text.k_is_in_isr
                0x0000000000008a92        0xc zephyr/kernel/libkernel.a(thread.c.obj)
                0x0000000000008a92                k_is_in_isr
 .text.k_thread_name_get
                0x0000000000008a9e        0x4 zephyr/kernel/libkernel.a(thread.c.obj)
                0x0000000000008a9e                k_thread_name_get
 .text.z_pm_save_idle_exit
                0x0000000000008aa2        0xe zephyr/kernel/libkernel.a(idle.c.obj)
                0x0000000000008aa2                z_pm_save_idle_exit
 .text.adjust_owner_prio.isra.0
                0x0000000000008ab0       0x10 zephyr/kernel/libkernel.a(mutex.c.obj)
 .text.z_impl_k_mutex_init
                0x0000000000008ac0        0xe zephyr/kernel/libkernel.a(mutex.c.obj)
                0x0000000000008ac0                z_impl_k_mutex_init
 .text.z_impl_k_sem_init
                0x0000000000008ace       0x18 zephyr/kernel/libkernel.a(sem.c.obj)
                0x0000000000008ace                z_impl_k_sem_init
 .text.sys_dlist_remove
                0x0000000000008ae6       0x10 zephyr/kernel/libkernel.a(sched.c.obj)
 .text.unpend_thread_no_timeout
                0x0000000000008af6       0x14 zephyr/kernel/libkernel.a(sched.c.obj)
 .text.add_to_waitq_locked
                0x0000000000008b0a       0x52 zephyr/kernel/libkernel.a(sched.c.obj)
 .text.z_thread_timeout
                0x0000000000008b5c       0x44 zephyr/kernel/libkernel.a(sched.c.obj)
                0x0000000000008b5c                z_thread_timeout
 .text.z_ready_thread
                0x0000000000008ba0       0x20 zephyr/kernel/libkernel.a(sched.c.obj)
                0x0000000000008ba0                z_ready_thread
 .text.z_unpend_first_thread
                0x0000000000008bc0       0x38 zephyr/kernel/libkernel.a(sched.c.obj)
                0x0000000000008bc0                z_unpend_first_thread
 .text.z_reschedule_irqlock
                0x0000000000008bf8       0x18 zephyr/kernel/libkernel.a(sched.c.obj)
                0x0000000000008bf8                z_reschedule_irqlock
 .text.z_reschedule_unlocked
                0x0000000000008c10       0x14 zephyr/kernel/libkernel.a(sched.c.obj)
 .text.z_abort_timeout
                0x0000000000008c24       0x2c zephyr/kernel/libkernel.a(timeout.c.obj)
                0x0000000000008c24                z_abort_timeout
 .text.z_get_next_timeout_expiry
                0x0000000000008c50       0x20 zephyr/kernel/libkernel.a(timeout.c.obj)
                0x0000000000008c50                z_get_next_timeout_expiry
 .text.z_set_timeout_expiry
                0x0000000000008c70       0x38 zephyr/kernel/libkernel.a(timeout.c.obj)
                0x0000000000008c70                z_set_timeout_expiry
 .text.sys_clock_tick_get_32
                0x0000000000008ca8        0x8 zephyr/kernel/libkernel.a(timeout.c.obj)
                0x0000000000008ca8                sys_clock_tick_get_32
 .text.z_impl_k_uptime_ticks
                0x0000000000008cb0        0x4 zephyr/kernel/libkernel.a(timeout.c.obj)
                0x0000000000008cb0                z_impl_k_uptime_ticks
 .text.z_impl_k_busy_wait
                0x0000000000008cb4        0x8 zephyr/kernel/libkernel.a(timeout.c.obj)
                0x0000000000008cb4                z_impl_k_busy_wait
 .text.boot_banner
                0x0000000000008cbc        0x2 zephyr/kernel/libkernel.a(banner.c.obj)
                0x0000000000008cbc                boot_banner
 .text.nrf_cc310_bl_ecdsa_verify_secp256r1
                0x0000000000008cbe       0x26 C:/Users/FC/Desktop/adc/nrfxlib/crypto/nrf_cc310_bl/lib/cortex-m33/hard-float/no-interrupts/libnrf_cc310_bl_0.9.12.a(nrf_cc310_bl_ecdsa_verify_secp256r1.c.obj)
                0x0000000000008cbe                nrf_cc310_bl_ecdsa_verify_secp256r1
 .text.PkaInitAndMutexLock
                0x0000000000008ce4        0x8 C:/Users/FC/Desktop/adc/nrfxlib/crypto/nrf_cc310_bl/lib/cortex-m33/hard-float/no-interrupts/libnrf_cc310_bl_0.9.12.a(pka.c.obj)
                0x0000000000008ce4                PkaInitAndMutexLock
 .text.SaSi_PalMemCopy
                0x0000000000008cec        0x4 C:/Users/FC/Desktop/adc/nrfxlib/crypto/nrf_cc310_bl/lib/cortex-m33/hard-float/no-interrupts/libnrf_cc310_bl_0.9.12.a(ssi_pal_mem.c.obj)
                0x0000000000008cec                SaSi_PalMemCopy
 .text.SaSi_PalMemSet
                0x0000000000008cf0        0x4 C:/Users/FC/Desktop/adc/nrfxlib/crypto/nrf_cc310_bl/lib/cortex-m33/hard-float/no-interrupts/libnrf_cc310_bl_0.9.12.a(ssi_pal_mem.c.obj)
                0x0000000000008cf0                SaSi_PalMemSet
 .text.SaSi_PalMemSetZero
                0x0000000000008cf4        0x8 C:/Users/FC/Desktop/adc/nrfxlib/crypto/nrf_cc310_bl/lib/cortex-m33/hard-float/no-interrupts/libnrf_cc310_bl_0.9.12.a(ssi_pal_mem.c.obj)
                0x0000000000008cf4                SaSi_PalMemSetZero
 .text.CRYS_COMMON_ReverseMemcpy32
                0x0000000000008cfc       0x1a C:/Users/FC/Desktop/adc/nrfxlib/crypto/nrf_cc310_bl/lib/cortex-m33/hard-float/no-interrupts/libnrf_cc310_bl_0.9.12.a(crys_common_conv_endian.c.obj)
                0x0000000000008cfc                CRYS_COMMON_ReverseMemcpy32
 *(SORT_BY_ALIGNMENT(.TEXT.*))
 *fill*         0x0000000000008d16        0x2 
 .TEXT.z_platform_init
                0x0000000000008d18        0x4 zephyr/libzephyr.a(soc_nrf_common.S.obj)
                0x0000000000008d18                z_platform_init
 *(SORT_BY_ALIGNMENT(.gnu.linkonce.t.*))
 *(SORT_BY_ALIGNMENT(.glue_7t))
 .glue_7t       0x0000000000008d1c        0x0 linker stubs
 *(SORT_BY_ALIGNMENT(.glue_7))
 .glue_7        0x0000000000008d1c        0x0 linker stubs
 *(SORT_BY_ALIGNMENT(.vfp11_veneer))
 .vfp11_veneer  0x0000000000008d1c        0x0 linker stubs
 *(SORT_BY_ALIGNMENT(.v4_bx))
 .v4_bx         0x0000000000008d1c        0x0 linker stubs
                0x0000000000008d1c                _image_text_end = .

.ARM.exidx      0x0000000000008d1c        0x8
                0x0000000000008d1c                __exidx_start = .
 *(SORT_BY_ALIGNMENT(.ARM.exidx*) SORT_BY_ALIGNMENT(gnu.linkonce.armexidx.*))
 .ARM.exidx     0x0000000000008d1c        0x8 c:/users/fc/.zephyrtools/toolchain/zephyr-sdk-0.16.4/arm-zephyr-eabi/bin/../lib/gcc/arm-zephyr-eabi/12.2.0/thumb/v8-m.main+fp/hard\libgcc.a(_udivmoddi4.o)
                0x0000000000008d24                __exidx_end = .
                0x0000000000008d24                _image_rodata_start = .

initlevel       0x0000000000008d24       0x58
                0x0000000000008d24                __init_start = .
                0x0000000000008d24                __init_PRE_KERNEL_1_start = .
 *(SORT_BY_NAME(SORT_BY_ALIGNMENT(.z_init_PRE_KERNEL_1[0-9]_*)))
 .z_init_PRE_KERNEL_10_
                0x0000000000008d24        0x8 zephyr/libzephyr.a(soc.c.obj)
 *(SORT_BY_NAME(SORT_BY_ALIGNMENT(.z_init_PRE_KERNEL_1[1-9][0-9]_*)))
 .z_init_PRE_KERNEL_130_
                0x0000000000008d2c        0x8 zephyr/kernel/libkernel.a(mem_slab.c.obj)
 .z_init_PRE_KERNEL_140_
                0x0000000000008d34        0x8 modules/nrf/drivers/hw_cc310/lib..__nrf__drivers__hw_cc310.a(hw_cc310.c.obj)
 .z_init_PRE_KERNEL_150_
                0x0000000000008d3c        0x8 zephyr/libzephyr.a(clock_control_nrf.c.obj)
 .z_init_PRE_KERNEL_150_
                0x0000000000008d44       0x10 zephyr/drivers/serial/libdrivers__serial.a(uart_nrfx_uarte.c.obj)
                0x0000000000008d54                __init_PRE_KERNEL_2_start = .
 *(SORT_BY_NAME(SORT_BY_ALIGNMENT(.z_init_PRE_KERNEL_2[0-9]_*)))
 .z_init_PRE_KERNEL_20_
                0x0000000000008d54        0x8 zephyr/libzephyr.a(sys_clock_init.c.obj)
 *(SORT_BY_NAME(SORT_BY_ALIGNMENT(.z_init_PRE_KERNEL_2[1-9][0-9]_*)))
                0x0000000000008d5c                __init_POST_KERNEL_start = .
 *(SORT_BY_NAME(SORT_BY_ALIGNMENT(.z_init_POST_KERNEL[0-9]_*)))
 *(SORT_BY_NAME(SORT_BY_ALIGNMENT(.z_init_POST_KERNEL[1-9][0-9]_*)))
 .z_init_POST_KERNEL40_
                0x0000000000008d5c        0x8 zephyr/boards/boards/arm/circuitdojo_feather_nrf9160/libboards__arm__circuitdojo_feather_nrf9160.a(board.c.obj)
 .z_init_POST_KERNEL40_
                0x0000000000008d64        0x8 zephyr/drivers/gpio/libdrivers__gpio.a(gpio_nrfx.c.obj)
 .z_init_POST_KERNEL40_
                0x0000000000008d6c        0x8 modules/nrf/drivers/hw_cc310/lib..__nrf__drivers__hw_cc310.a(hw_cc310.c.obj)
 .z_init_POST_KERNEL50_
                0x0000000000008d74        0x8 zephyr/drivers/flash/libdrivers__flash.a(soc_flash_nrf.c.obj)
                0x0000000000008d7c                __init_APPLICATION_start = .
 *(SORT_BY_NAME(SORT_BY_ALIGNMENT(.z_init_APPLICATION[0-9]_*)))
 *(SORT_BY_NAME(SORT_BY_ALIGNMENT(.z_init_APPLICATION[1-9][0-9]_*)))
                0x0000000000008d7c                __init_SMP_start = .
 *(SORT_BY_NAME(SORT_BY_ALIGNMENT(.z_init_SMP[0-9]_*)))
 *(SORT_BY_NAME(SORT_BY_ALIGNMENT(.z_init_SMP[1-9][0-9]_*)))
                0x0000000000008d7c                __init_end = .

devices         0x0000000000008d7c       0x90
                0x0000000000008d7c                __device_start = .
                0x0000000000008d7c                __device_PRE_KERNEL_1_start = .
 *(SORT_BY_NAME(SORT_BY_ALIGNMENT(.z_device_PRE_KERNEL_1[0-9]_*)))
 *(SORT_BY_NAME(SORT_BY_ALIGNMENT(.z_device_PRE_KERNEL_1[1-9][0-9]_*)))
 .z_device_PRE_KERNEL_150_
                0x0000000000008d7c       0x18 zephyr/libzephyr.a(clock_control_nrf.c.obj)
                0x0000000000008d7c                __device_dts_ord_32
 .z_device_PRE_KERNEL_150_
                0x0000000000008d94       0x30 zephyr/drivers/serial/libdrivers__serial.a(uart_nrfx_uarte.c.obj)
                0x0000000000008d94                __device_dts_ord_61
                0x0000000000008dac                __device_dts_ord_59
                0x0000000000008dc4                __device_PRE_KERNEL_2_start = .
 *(SORT_BY_NAME(SORT_BY_ALIGNMENT(.z_device_PRE_KERNEL_2[0-9]_*)))
 .z_device_PRE_KERNEL_20_
                0x0000000000008dc4       0x18 zephyr/libzephyr.a(sys_clock_init.c.obj)
 *(SORT_BY_NAME(SORT_BY_ALIGNMENT(.z_device_PRE_KERNEL_2[1-9][0-9]_*)))
                0x0000000000008ddc                __device_POST_KERNEL_start = .
 *(SORT_BY_NAME(SORT_BY_ALIGNMENT(.z_device_POST_KERNEL[0-9]_*)))
 *(SORT_BY_NAME(SORT_BY_ALIGNMENT(.z_device_POST_KERNEL[1-9][0-9]_*)))
 .z_device_POST_KERNEL40_
                0x0000000000008ddc       0x18 zephyr/drivers/gpio/libdrivers__gpio.a(gpio_nrfx.c.obj)
                0x0000000000008ddc                __device_dts_ord_8
 .z_device_POST_KERNEL50_
                0x0000000000008df4       0x18 zephyr/drivers/flash/libdrivers__flash.a(soc_flash_nrf.c.obj)
                0x0000000000008df4                __device_dts_ord_65
                0x0000000000008e0c                __device_APPLICATION_start = .
 *(SORT_BY_NAME(SORT_BY_ALIGNMENT(.z_device_APPLICATION[0-9]_*)))
 *(SORT_BY_NAME(SORT_BY_ALIGNMENT(.z_device_APPLICATION[1-9][0-9]_*)))
                0x0000000000008e0c                __device_SMP_start = .
 *(SORT_BY_NAME(SORT_BY_ALIGNMENT(.z_device_SMP[0-9]_*)))
 *(SORT_BY_NAME(SORT_BY_ALIGNMENT(.z_device_SMP[1-9][0-9]_*)))
                0x0000000000008e0c                __device_end = .

sw_isr_table    0x0000000000008e0c      0x208
                0x0000000000008e0c                . = ALIGN (0x0)
 *(SORT_BY_ALIGNMENT(.gnu.linkonce.sw_isr_table*))
 .gnu.linkonce.sw_isr_table
                0x0000000000008e0c      0x208 zephyr/CMakeFiles/zephyr_final.dir/isr_tables.c.obj
                0x0000000000008e0c                _sw_isr_table

initlevel_error
                0x0000000000008d24        0x0
 *(SORT_BY_NAME(SORT_BY_ALIGNMENT(.z_init_[_A-Z0-9]*)))
                0x0000000000000001                ASSERT ((SIZEOF (initlevel_error) == 0x0), Undefined initialization levels used.)

app_shmem_regions
                0x0000000000009014        0x0
                0x0000000000009014                __app_shmem_regions_start = .
 *(SORT_BY_NAME(SORT_BY_ALIGNMENT(.app_regions.*)))
                0x0000000000009014                __app_shmem_regions_end = .

bt_l2cap_fixed_chan_area
                0x0000000000009014        0x0
                0x0000000000009014                _bt_l2cap_fixed_chan_list_start = .
 *(SORT_BY_NAME(SORT_BY_ALIGNMENT(._bt_l2cap_fixed_chan.static.*)))
                0x0000000000009014                _bt_l2cap_fixed_chan_list_end = .

bt_gatt_service_static_area
                0x0000000000009014        0x0
                0x0000000000009014                _bt_gatt_service_static_list_start = .
 *(SORT_BY_NAME(SORT_BY_ALIGNMENT(._bt_gatt_service_static.static.*)))
                0x0000000000009014                _bt_gatt_service_static_list_end = .

k_p4wq_initparam_area
                0x0000000000009014        0x0
                0x0000000000009014                _k_p4wq_initparam_list_start = .
 *(SORT_BY_NAME(SORT_BY_ALIGNMENT(._k_p4wq_initparam.static.*)))
                0x0000000000009014                _k_p4wq_initparam_list_end = .

log_strings_sections
                0x0000000000009014        0x0
                0x0000000000009014                __log_strings_start = .
 *(SORT_BY_NAME(SORT_BY_ALIGNMENT(.log_strings*)))
                0x0000000000009014                __log_strings_end = .

log_const_sections
                0x0000000000009014       0x50
                0x0000000000009014                __log_const_start = .
 *(SORT_BY_NAME(SORT_BY_ALIGNMENT(.log_const_*)))
 .log_const_clock_control
                0x0000000000009014        0x8 zephyr/libzephyr.a(clock_control_nrf.c.obj)
                0x0000000000009014                log_const_clock_control
 .log_const_fatal_error
                0x000000000000901c        0x8 modules/nrf/lib/fatal_error/lib..__nrf__lib__fatal_error.a(fatal_error.c.obj)
                0x000000000000901c                log_const_fatal_error
 .log_const_flash_nrf
                0x0000000000009024        0x8 zephyr/drivers/flash/libdrivers__flash.a(soc_flash_nrf.c.obj)
                0x0000000000009024                log_const_flash_nrf
 .log_const_mcuboot
                0x000000000000902c        0x8 app/libapp.a(main.c.obj)
                0x000000000000902c                log_const_mcuboot
 .log_const_mpu
                0x0000000000009034        0x8 zephyr/arch/arch/arm/core/aarch32/mpu/libarch__arm__core__aarch32__mpu.a(arm_core_mpu.c.obj)
                0x0000000000009034                log_const_mpu
 .log_const_os  0x000000000000903c        0x8 zephyr/kernel/libkernel.a(init.c.obj)
                0x000000000000903c                log_const_os
 .log_const_power
                0x0000000000009044        0x8 zephyr/libzephyr.a(power.c.obj)
                0x0000000000009044                log_const_power
 .log_const_serial_adapter
                0x000000000000904c        0x8 zephyr/libzephyr.a(serial_adapter.c.obj)
                0x000000000000904c                log_const_serial_adapter
 .log_const_soc
                0x0000000000009054        0x8 zephyr/libzephyr.a(soc.c.obj)
                0x0000000000009054                log_const_soc
 .log_const_uart_nrfx_uarte
                0x000000000000905c        0x8 zephyr/drivers/serial/libdrivers__serial.a(uart_nrfx_uarte.c.obj)
                0x000000000000905c                log_const_uart_nrfx_uarte
                0x0000000000009064                __log_const_end = .

log_backends_sections
                0x0000000000009064        0x0
                0x0000000000009064                __log_backends_start = .
 *(SORT_BY_ALIGNMENT(._log_backend.*))
                0x0000000000009064                __log_backends_end = .

shell_area      0x0000000000009064        0x0
                0x0000000000009064                _shell_list_start = .
 *(SORT_BY_NAME(SORT_BY_ALIGNMENT(._shell.static.*)))
                0x0000000000009064                _shell_list_end = .

shell_root_cmds_sections
                0x0000000000009064        0x0
                0x0000000000009064                __shell_root_cmds_start = .
 *(SORT_BY_NAME(SORT_BY_ALIGNMENT(.shell_root_cmd_*)))
                0x0000000000009064                __shell_root_cmds_end = .

font_entry_sections
                0x0000000000009064        0x0
                0x0000000000009064                __font_entry_start = .
 *(SORT_BY_NAME(SORT_BY_ALIGNMENT(._cfb_font.*)))
                0x0000000000009064                __font_entry_end = .

tracing_backend_area
                0x0000000000009064        0x0
                0x0000000000009064                _tracing_backend_list_start = .
 *(SORT_BY_NAME(SORT_BY_ALIGNMENT(._tracing_backend.static.*)))
                0x0000000000009064                _tracing_backend_list_end = .

zephyr_dbg_info
 *(SORT_BY_ALIGNMENT(.dbg_thread_info))

device_handles  0x0000000000009064       0x34
                0x0000000000009064                __device_handles_start = .
 *(SORT_BY_NAME(SORT_BY_ALIGNMENT(.__device_handles_pass2*)))
 .__device_handles_pass2
                0x0000000000009064       0x34 zephyr/CMakeFiles/zephyr_final.dir/dev_handles.c.obj
                0x0000000000009064                __devicehdl_DT_N_S_soc_S_peripheral_50000000_S_flash_controller_39000
                0x000000000000906c                __devicehdl_DT_N_S_soc_S_peripheral_50000000_S_gpio_842500
                0x0000000000009074                __devicehdl_sys_init_sys_clock_driver_init0
                0x000000000000907a                __devicehdl_DT_N_S_soc_S_peripheral_50000000_S_uart_8000
                0x0000000000009084                __devicehdl_DT_N_S_soc_S_peripheral_50000000_S_uart_a000
                0x000000000000908e                __devicehdl_DT_N_S_soc_S_peripheral_50000000_S_clock_5000
                0x0000000000009098                __device_handles_end = .

rodata          0x00000000000090a0     0x130c
 *(SORT_BY_ALIGNMENT(.rodata))
 .rodata        0x00000000000090a0        0x8 zephyr/libzephyr.a(boot_serial.c.obj)
 .rodata        0x00000000000090a8       0x20 zephyr/drivers/serial/libdrivers__serial.a(uart_nrfx_uarte.c.obj)
 .rodata        0x00000000000090c8       0x10 C:/Users/FC/Desktop/adc/nrfxlib/crypto/nrf_cc310_bl/lib/cortex-m33/hard-float/no-interrupts/libnrf_cc310_bl_0.9.12.a(nrf_cc310_bl_hash_sha256.c.obj)
 *(SORT_BY_ALIGNMENT(.rodata.*))
 *fill*         0x00000000000090d8        0x8 
 .rodata.delay_machine_code.0
                0x00000000000090e0        0x6 zephyr/libzephyr.a(soc.c.obj)
 *fill*         0x00000000000090e6        0x2 
 .rodata.boot_funcs
                0x00000000000090e8        0x8 app/libapp.a(main.c.obj)
                0x00000000000090e8                boot_funcs
 .rodata.bootutil_key_cnt
                0x00000000000090f0        0x4 app/libapp.a(keys.c.obj)
                0x00000000000090f0                bootutil_key_cnt
 .rodata.bootutil_keys
                0x00000000000090f4        0x8 app/libapp.a(keys.c.obj)
                0x00000000000090f4                bootutil_keys
 .rodata.ecdsa_pub_key_len