Archive member included to satisfy reference by file (symbol)

app/libapp.a(main.c.obj)      (--whole-archive)
zephyr/libzephyr.a(cbprintf.c.obj)
                              (--whole-archive)
zephyr/libzephyr.a(cbprintf_packaged.c.obj)
                              (--whole-archive)
zephyr/libzephyr.a(crc32c_sw.c.obj)
                              (--whole-archive)
zephyr/libzephyr.a(crc32_sw.c.obj)
                              (--whole-archive)
zephyr/libzephyr.a(crc16_sw.c.obj)
                              (--whole-archive)
zephyr/libzephyr.a(crc8_sw.c.obj)
                              (--whole-archive)
zephyr/libzephyr.a(crc7_sw.c.obj)
                              (--whole-archive)
zephyr/libzephyr.a(dec.c.obj)
                              (--whole-archive)
zephyr/libzephyr.a(fdtable.c.obj)
                              (--whole-archive)
zephyr/libzephyr.a(hex.c.obj)
                              (--whole-archive)
zephyr/libzephyr.a(notify.c.obj)
                              (--whole-archive)
zephyr/libzephyr.a(printk.c.obj)
                              (--whole-archive)
zephyr/libzephyr.a(onoff.c.obj)
                              (--whole-archive)
zephyr/libzephyr.a(rb.c.obj)  (--whole-archive)
zephyr/libzephyr.a(sem.c.obj)
                              (--whole-archive)
zephyr/libzephyr.a(thread_entry.c.obj)
                              (--whole-archive)
zephyr/libzephyr.a(timeutil.c.obj)
                              (--whole-archive)
zephyr/libzephyr.a(heap.c.obj)
                              (--whole-archive)
zephyr/libzephyr.a(heap-validate.c.obj)
                              (--whole-archive)
zephyr/libzephyr.a(bitarray.c.obj)
                              (--whole-archive)
zephyr/libzephyr.a(cbprintf_complete.c.obj)
                              (--whole-archive)
zephyr/libzephyr.a(assert.c.obj)
                              (--whole-archive)
zephyr/libzephyr.a(mpsc_pbuf.c.obj)
                              (--whole-archive)
zephyr/libzephyr.a(reboot.c.obj)
                              (--whole-archive)
zephyr/libzephyr.a(configs.c.obj)
                              (--whole-archive)
zephyr/libzephyr.a(soc.c.obj)
                              (--whole-archive)
zephyr/libzephyr.a(power.c.obj)
                              (--whole-archive)
zephyr/libzephyr.a(soc_nrf_common.S.obj)
                              (--whole-archive)
zephyr/libzephyr.a(validate_base_addresses.c.obj)
                              (--whole-archive)
zephyr/libzephyr.a(validate_enabled_instances.c.obj)
                              (--whole-archive)
zephyr/libzephyr.a(log_minimal.c.obj)
                              (--whole-archive)
zephyr/libzephyr.a(power.c.obj)
                              (--whole-archive)
zephyr/libzephyr.a(pm_ctrl.c.obj)
                              (--whole-archive)
zephyr/libzephyr.a(policy_residency.c.obj)
                              (--whole-archive)
zephyr/libzephyr.a(tracing_none.c.obj)
                              (--whole-archive)
zephyr/libzephyr.a(uart_console.c.obj)
                              (--whole-archive)
zephyr/libzephyr.a(clock_control_nrf.c.obj)
                              (--whole-archive)
zephyr/libzephyr.a(sys_clock_init.c.obj)
                              (--whole-archive)
zephyr/libzephyr.a(nrf_rtc_timer.c.obj)
                              (--whole-archive)
zephyr/libzephyr.a(spm.c.obj)
                              (--whole-archive)
zephyr/libzephyr.a(secure_services.c.obj)
                              (--whole-archive)
zephyr/libzephyr.a(flash_map_partition_manager.c.obj)
                              (--whole-archive)
zephyr/libzephyr.a(nrf_cc3xx_platform_abort_zephyr.c.obj)
                              (--whole-archive)
zephyr/libzephyr.a(nrf_cc3xx_platform_mutex_zephyr.c.obj)
                              (--whole-archive)
zephyr/arch/common/libarch__common.a(sw_isr_common.c.obj)
                              (--whole-archive)
zephyr/arch/arch/arm/core/aarch32/libarch__arm__core__aarch32.a(swap.c.obj)
                              (--whole-archive)
zephyr/arch/arch/arm/core/aarch32/libarch__arm__core__aarch32.a(swap_helper.S.obj)
                              (--whole-archive)
zephyr/arch/arch/arm/core/aarch32/libarch__arm__core__aarch32.a(irq_manage.c.obj)
                              (--whole-archive)
zephyr/arch/arch/arm/core/aarch32/libarch__arm__core__aarch32.a(thread.c.obj)
                              (--whole-archive)
zephyr/arch/arch/arm/core/aarch32/libarch__arm__core__aarch32.a(cpu_idle.S.obj)
                              (--whole-archive)
zephyr/arch/arch/arm/core/aarch32/libarch__arm__core__aarch32.a(fatal.c.obj)
                              (--whole-archive)
zephyr/arch/arch/arm/core/aarch32/libarch__arm__core__aarch32.a(nmi.c.obj)
                              (--whole-archive)
zephyr/arch/arch/arm/core/aarch32/libarch__arm__core__aarch32.a(nmi_on_reset.S.obj)
                              (--whole-archive)
[...]
Memory Configuration

Name             Origin             Length             Attributes
FLASH            0x0000000000010200 0x0000000000010000 xr
SRAM             0x0000000020000000 0x0000000000010000 xw
IDT_LIST         0x0000000020010000 0x0000000000000800 xw
*default*        0x0000000000000000 0xffffffffffffffff

Linker script and memory map

LOAD zephyr/CMakeFiles/zephyr_final.dir/misc/empty_file.c.obj
LOAD zephyr/CMakeFiles/zephyr_final.dir/isr_tables.c.obj
LOAD zephyr/CMakeFiles/zephyr_final.dir/dev_handles.c.obj
LOAD zephyr/CMakeFiles/offsets.dir/./arch/arm/core/offsets/offsets.c.obj
                0x0000000000000020                _region_min_align = 0x20

.rel.plt        0x0000000000010200        0x0
 *(SORT_BY_ALIGNMENT(.rel.plt))
                [!provide]                        PROVIDE (__rel_iplt_start = .)
 *(SORT_BY_ALIGNMENT(.rel.iplt))
 .rel.iplt      0x0000000000010200        0x0 zephyr/CMakeFiles/zephyr_final.dir/isr_tables.c.obj
                [!provide]                        PROVIDE (__rel_iplt_end = .)

.rela.plt       0x0000000000000000        0x0
 *(SORT_BY_ALIGNMENT(.rela.plt))
                [!provide]                        PROVIDE (__rela_iplt_start = .)
 *(SORT_BY_ALIGNMENT(.rela.iplt))
                [!provide]                        PROVIDE (__rela_iplt_end = .)

.rel.dyn
 *(SORT_BY_ALIGNMENT(.rel.*))

.rela.dyn
 *(SORT_BY_ALIGNMENT(.rela.*))

/DISCARD/
 *(SORT_BY_ALIGNMENT(.plt))

/DISCARD/
 *(SORT_BY_ALIGNMENT(.iplt))
                0x0000000000010200                _image_rom_start = 0x10200

rom_start       0x0000000000010200      0x23c
                0x0000000000000000                . = 0x0
                0x0000000000000000                . = ALIGN (0x4)
                0x0000000000000000                . = ALIGN (0x80)
                0x0000000000000000                . = ALIGN (0x200)
                0x0000000000010200                _vector_start = .
 *(SORT_BY_ALIGNMENT(.exc_vector_table))
 *(SORT_BY_ALIGNMENT(.exc_vector_table.*))
 .exc_vector_table._vector_table_section
                0x0000000000010200       0x40 zephyr/arch/arch/arm/core/aarch32/cortex_m/libarch__arm__core__aarch32__cortex_m.a(vector_table.S.obj)
                0x0000000000010200                _vector_table
 *(SORT_BY_ALIGNMENT(.gnu.linkonce.irq_vector_table*))
 .gnu.linkonce.irq_vector_table
                0x0000000000010240      0x104 zephyr/CMakeFiles/zephyr_final.dir/isr_tables.c.obj
                0x0000000000010240                _irq_vector_table
 *(SORT_BY_ALIGNMENT(.vectors))
                0x0000000000010344                _vector_end = .
                0x0000000000000200                . = 0x200
 *fill*         0x0000000000010344       0xbc 
                0x0000000000010400                _fw_info_start = .
 *(SORT_BY_NAME(SORT_BY_ALIGNMENT(.firmware_info*)))
 .firmware_info
                0x0000000000010400       0x3c modules/nrf/subsys/fw_info/lib..__nrf__subsys__fw_info.a(fw_info.c.obj)
                0x0000000000010400                m_firmware_info
                0x000000000000003c                _fw_info_size = ABSOLUTE ((. - _fw_info_start))

text            0x000000000001043c     0x8624
                0x000000000001043c                _image_text_start = .
 *(SORT_BY_ALIGNMENT(.text))
 .text          0x000000000001043c       0x30 c:/users/fc/.zephyrtools/toolchain/zephyr-sdk-0.16.4/arm-zephyr-eabi/bin/../lib/gcc/arm-zephyr-eabi/12.2.0/thumb/v8-m.main/nofp\libgcc.a(_aeabi_uldivmod.o)
                0x000000000001043c                __aeabi_uldivmod
 .text          0x000000000001046c        0x4 c:/users/fc/.zephyrtools/toolchain/zephyr-sdk-0.16.4/arm-zephyr-eabi/bin/../lib/gcc/arm-zephyr-eabi/12.2.0/thumb/v8-m.main/nofp\libgcc.a(_dvmd_tls.o)
                0x000000000001046c                __aeabi_idiv0
                0x000000000001046c                __aeabi_ldiv0
 .text          0x0000000000010470       0x38 c:/users/fc/.zephyrtools/toolchain/zephyr-sdk-0.16.4/arm-zephyr-eabi/bin/../lib/gcc/arm-zephyr-eabi/12.2.0/thumb/v8-m.main/nofp\libgcc.a(cmse_nonsecure_call.o)
                0x0000000000010470                __gnu_cmse_nonsecure_call
 .text          0x00000000000104a8      0x29c c:/users/fc/.zephyrtools/toolchain/zephyr-sdk-0.16.4/arm-zephyr-eabi/bin/../lib/gcc/arm-zephyr-eabi/12.2.0/thumb/v8-m.main/nofp\libgcc.a(_udivmoddi4.o)
                0x00000000000104a8                __udivmoddi4
 *(SORT_BY_ALIGNMENT(.text.*))
 .text.sys_notify_finalize
                0x0000000000010744       0x3c zephyr/libzephyr.a(notify.c.obj)
                0x0000000000010744                sys_notify_finalize
 .text.char_out
                0x0000000000010780       0x10 zephyr/libzephyr.a(printk.c.obj)
 .text.__printk_hook_install
                0x0000000000010790        0xc zephyr/libzephyr.a(printk.c.obj)
                0x0000000000010790                __printk_hook_install
 .text.vprintk  0x000000000001079c       0x1c zephyr/libzephyr.a(printk.c.obj)
                0x000000000001079c                vprintk
 .text.process_event
                0x00000000000107b8      0x3cc zephyr/libzephyr.a(onoff.c.obj)
 .text.transition_complete
                0x0000000000010b84       0x54 zephyr/libzephyr.a(onoff.c.obj)
 .text.onoff_request
                0x0000000000010bd8      0x10c zephyr/libzephyr.a(onoff.c.obj)
                0x0000000000010bd8                onoff_request
 .text.cbvprintf
                0x0000000000010ce4      0x764 zephyr/libzephyr.a(cbprintf_complete.c.obj)
                0x0000000000010ce4                cbvprintf
 .text.sys_reboot
                0x0000000000011448       0x30 zephyr/libzephyr.a(reboot.c.obj)
                0x0000000000011448                sys_reboot
 .text.nordicsemi_nrf91_init
                0x0000000000011478       0x28 zephyr/libzephyr.a(soc.c.obj)
 .text.arch_busy_wait
                0x00000000000114a0       0x14 zephyr/libzephyr.a(soc.c.obj)
                0x00000000000114a0                arch_busy_wait
 .text.pm_power_state_set
                0x00000000000114b4       0x28 zephyr/libzephyr.a(power.c.obj)
                0x00000000000114b4                pm_power_state_set
 .text.pm_state_notify
                0x00000000000114dc       0x88 zephyr/libzephyr.a(power.c.obj)
 .text.pm_system_resume
                0x0000000000011564       0x4c zephyr/libzephyr.a(power.c.obj)
                0x0000000000011564                pm_system_resume
 .text.pm_system_suspend
                0x00000000000115b0       0xa8 zephyr/libzephyr.a(power.c.obj)
                0x00000000000115b0                pm_system_suspend
 .text.uart_console_init
                0x0000000000011658       0x2c zephyr/libzephyr.a(uart_console.c.obj)
 .text.console_out
                0x0000000000011684       0x28 zephyr/libzephyr.a(uart_console.c.obj)
 .text.onoff_start
                0x00000000000116ac       0x3c zephyr/libzephyr.a(clock_control_nrf.c.obj)
 .text.get_status
                0x00000000000116e8       0x34 zephyr/libzephyr.a(clock_control_nrf.c.obj)
 .text.stop     0x000000000001171c       0x78 zephyr/libzephyr.a(clock_control_nrf.c.obj)
 .text.onoff_stop
                0x0000000000011794       0x28 zephyr/libzephyr.a(clock_control_nrf.c.obj)
 .text.clk_init
                0x00000000000117bc       0x60 zephyr/libzephyr.a(clock_control_nrf.c.obj)
 .text.clkstarted_handle.constprop.0
                0x000000000001181c       0x34 zephyr/libzephyr.a(clock_control_nrf.c.obj)
 .text.clock_event_handler
                0x0000000000011850       0x58 zephyr/libzephyr.a(clock_control_nrf.c.obj)
 .text.generic_hfclk_start
                0x00000000000118a8       0x64 zephyr/libzephyr.a(clock_control_nrf.c.obj)
 .text.api_blocking_start
                0x000000000001190c       0x34 zephyr/libzephyr.a(clock_control_nrf.c.obj)
 .text.generic_hfclk_stop
                0x0000000000011940       0x24 zephyr/libzephyr.a(clock_control_nrf.c.obj)
 .text.z_nrf_clock_control_lf_on
                0x0000000000011964      0x138 zephyr/libzephyr.a(clock_control_nrf.c.obj)
                0x0000000000011964                z_nrf_clock_control_lf_on
 .text.sys_clock_isr
                0x0000000000011a9c       0x24 zephyr/libzephyr.a(sys_clock_init.c.obj)
                0x0000000000011a9c                sys_clock_isr
 .text.sys_clock_timeout_handler
                0x0000000000011ac0       0x18 zephyr/libzephyr.a(nrf_rtc_timer.c.obj)
 .text.set_absolute_alarm
                0x0000000000011ad8       0x98 zephyr/libzephyr.a(nrf_rtc_timer.c.obj)
 .text.rtc_nrf_isr
                0x0000000000011b70       0x50 zephyr/libzephyr.a(nrf_rtc_timer.c.obj)
                0x0000000000011b70                rtc_nrf_isr
 .text.sys_clock_driver_init
                0x0000000000011bc0       0x4c zephyr/libzephyr.a(nrf_rtc_timer.c.obj)
                0x0000000000011bc0                sys_clock_driver_init
 .text.sys_clock_set_timeout
                0x0000000000011c0c       0x64 zephyr/libzephyr.a(nrf_rtc_timer.c.obj)
                0x0000000000011c0c                sys_clock_set_timeout
 .text.sys_clock_elapsed
                0x0000000000011c70       0x1c zephyr/libzephyr.a(nrf_rtc_timer.c.obj)
                0x0000000000011c70                sys_clock_elapsed
 .text.config_regions
                0x0000000000011c8c       0xc0 zephyr/libzephyr.a(spm.c.obj)
 .text.config_peripheral.constprop.0
                0x0000000000011d4c       0x64 zephyr/libzephyr.a(spm.c.obj)
 .text.spm_jump
                0x0000000000011db0       0x9c zephyr/libzephyr.a(spm.c.obj)
                0x0000000000011db0                spm_jump
 .text.spm_config
                0x0000000000011e4c      0x198 zephyr/libzephyr.a(spm.c.obj)
                0x0000000000011e4c                spm_config
 .text.spm_secure_services_init
                0x0000000000011fe4       0x10 zephyr/libzephyr.a(secure_services.c.obj)
                0x0000000000011fe4                spm_secure_services_init
 .text.spm_request_read_nse
                0x0000000000011ff4       0x70 zephyr/libzephyr.a(secure_services.c.obj)
                0x0000000000011ff4                __acle_se_spm_request_read_nse
 .text.spm_request_random_number_nse
                0x0000000000012064       0x48 zephyr/libzephyr.a(secure_services.c.obj)
                0x0000000000012064                __acle_se_spm_request_random_number_nse
 .text.spm_firmware_info_nse
                0x00000000000120ac       0x88 zephyr/libzephyr.a(secure_services.c.obj)
                0x00000000000120ac                __acle_se_spm_firmware_info_nse
 .text.nrf_cc3xx_platform_abort_init
                0x0000000000012134        0xc zephyr/libzephyr.a(nrf_cc3xx_platform_abort_zephyr.c.obj)
                0x0000000000012134                nrf_cc3xx_platform_abort_init
 .text.mutex_free_platform
                0x0000000000012140       0x48 zephyr/libzephyr.a(nrf_cc3xx_platform_mutex_zephyr.c.obj)
 .text.mutex_lock_platform
                0x0000000000012188       0x50 zephyr/libzephyr.a(nrf_cc3xx_platform_mutex_zephyr.c.obj)
 .text.mutex_unlock_platform
                0x00000000000121d8       0x44 zephyr/libzephyr.a(nrf_cc3xx_platform_mutex_zephyr.c.obj)
 .text.mutex_init_platform
                0x000000000001221c       0x70 zephyr/libzephyr.a(nrf_cc3xx_platform_mutex_zephyr.c.obj)
 .text.nrf_cc3xx_platform_mutex_init
                0x000000000001228c       0x2c zephyr/libzephyr.a(nrf_cc3xx_platform_mutex_zephyr.c.obj)
                0x000000000001228c                nrf_cc3xx_platform_mutex_init
 .text.arch_swap
                0x00000000000122b8       0x34 zephyr/arch/arch/arm/core/aarch32/libarch__arm__core__aarch32.a(swap.c.obj)
                0x00000000000122b8                arch_swap
 .text.z_arm_pendsv
                0x00000000000122ec       0x58 zephyr/arch/arch/arm/core/aarch32/libarch__arm__core__aarch32.a(swap_helper.S.obj)
                0x00000000000122ec                z_arm_pendsv
 .text.z_arm_svc
                0x0000000000012344       0x20 zephyr/arch/arch/arm/core/aarch32/libarch__arm__core__aarch32.a(swap_helper.S.obj)
                0x0000000000012344                z_arm_svc
 .text.arch_irq_enable
                0x0000000000012364       0x1c zephyr/arch/arch/arm/core/aarch32/libarch__arm__core__aarch32.a(irq_manage.c.obj)
                0x0000000000012364                arch_irq_enable
 .text.arch_irq_is_enabled
                0x0000000000012380       0x1c zephyr/arch/arch/arm/core/aarch32/libarch__arm__core__aarch32.a(irq_manage.c.obj)
                0x0000000000012380                arch_irq_is_enabled
 .text.z_arm_irq_priority_set
                0x000000000001239c       0x4c zephyr/arch/arch/arm/core/aarch32/libarch__arm__core__aarch32.a(irq_manage.c.obj)
                0x000000000001239c                z_arm_irq_priority_set
 .text.arch_new_thread
                0x00000000000123e8       0x38 zephyr/arch/arch/arm/core/aarch32/libarch__arm__core__aarch32.a(thread.c.obj)
                0x00000000000123e8                arch_new_thread
 .text.arch_switch_to_main_thread
                0x0000000000012420       0x28 zephyr/arch/arch/arm/core/aarch32/libarch__arm__core__aarch32.a(thread.c.obj)
                0x0000000000012420                arch_switch_to_main_thread
 .text.z_arm_cpu_idle_init
                0x0000000000012448        0xc zephyr/arch/arch/arm/core/aarch32/libarch__arm__core__aarch32.a(cpu_idle.S.obj)
                0x0000000000012448                z_arm_cpu_idle_init
 .text.arch_cpu_idle
                0x0000000000012454       0x1c zephyr/arch/arch/arm/core/aarch32/libarch__arm__core__aarch32.a(cpu_idle.S.obj)
                0x0000000000012454                arch_cpu_idle
 .text.arch_cpu_atomic_idle
                0x0000000000012470       0x14 zephyr/arch/arch/arm/core/aarch32/libarch__arm__core__aarch32.a(cpu_idle.S.obj)
                0x0000000000012470                arch_cpu_atomic_idle
 .text.z_arm_fatal_error
                0x0000000000012484       0x5c zephyr/arch/arch/arm/core/aarch32/libarch__arm__core__aarch32.a(fatal.c.obj)
                0x0000000000012484                z_arm_fatal_error
 .text.z_SysNmiOnReset
                0x00000000000124e0        0x8 zephyr/arch/arch/arm/core/aarch32/libarch__arm__core__aarch32.a(nmi_on_reset.S.obj)
                0x00000000000124e0                z_SysNmiOnReset
 .text.z_arm_prep_c
                0x00000000000124e8       0x38 zephyr/arch/arch/arm/core/aarch32/libarch__arm__core__aarch32.a(prep_c.c.obj)
                0x00000000000124e8                z_arm_prep_c
 .text._isr_wrapper
                0x0000000000012520       0x40 zephyr/arch/arch/arm/core/aarch32/libarch__arm__core__aarch32.a(isr_wrapper.S.obj)
                0x0000000000012520                _isr_wrapper
 .text._reset_section
                0x0000000000012560       0x60 zephyr/arch/arch/arm/core/aarch32/cortex_m/libarch__arm__core__aarch32__cortex_m.a(reset.S.obj)
                0x0000000000012560                __start
                0x0000000000012560                z_arm_reset
 .text.__fault  0x00000000000125c0       0x14 zephyr/arch/arch/arm/core/aarch32/cortex_m/libarch__arm__core__aarch32__cortex_m.a(fault_s.S.obj)
                0x00000000000125c0                z_arm_bus_fault
                0x00000000000125c0                z_arm_usage_fault
                0x00000000000125c0                z_arm_mpu_fault
                0x00000000000125c0                z_arm_exc_spurious
                0x00000000000125c0                z_arm_debug_monitor
                0x00000000000125c0                z_arm_hard_fault
                0x00000000000125c0                z_arm_secure_fault
 .text.secure_fault.constprop.0
                0x00000000000125d4       0xbc zephyr/arch/arch/arm/core/aarch32/cortex_m/libarch__arm__core__aarch32__cortex_m.a(fault.c.obj)
 .text.usage_fault.constprop.0
                0x0000000000012690       0xac zephyr/arch/arch/arm/core/aarch32/cortex_m/libarch__arm__core__aarch32__cortex_m.a(fault.c.obj)
 .text.bus_fault.constprop.0
                0x000000000001273c       0xb4 zephyr/arch/arch/arm/core/aarch32/cortex_m/libarch__arm__core__aarch32__cortex_m.a(fault.c.obj)
 .text.mem_manage_fault.constprop.0
                0x00000000000127f0       0xd8 zephyr/arch/arch/arm/core/aarch32/cortex_m/libarch__arm__core__aarch32__cortex_m.a(fault.c.obj)
 .text.z_arm_fault
                0x00000000000128c8      0x1b4 zephyr/arch/arch/arm/core/aarch32/cortex_m/libarch__arm__core__aarch32__cortex_m.a(fault.c.obj)
                0x00000000000128c8                z_arm_fault
 .text.z_arm_fault_init
                0x0000000000012a7c       0x18 zephyr/arch/arch/arm/core/aarch32/cortex_m/libarch__arm__core__aarch32__cortex_m.a(fault.c.obj)
                0x0000000000012a7c                z_arm_fault_init
 .text._HandlerModeExit
                0x0000000000012a94       0x1c zephyr/arch/arch/arm/core/aarch32/cortex_m/libarch__arm__core__aarch32__cortex_m.a(exc_exit.S.obj)
                0x0000000000012a94                z_arm_int_exit
                0x0000000000012a94                z_arm_exc_exit
 .text.sys_arch_reboot
                0x0000000000012ab0       0x24 zephyr/arch/arch/arm/core/aarch32/cortex_m/libarch__arm__core__aarch32__cortex_m.a(scb.c.obj)
                0x0000000000012ab0                sys_arch_reboot
 .text.z_arm_clear_arm_mpu_config
                0x0000000000012ad4       0x24 zephyr/arch/arch/arm/core/aarch32/cortex_m/libarch__arm__core__aarch32__cortex_m.a(scb.c.obj)
                0x0000000000012ad4                z_arm_clear_arm_mpu_config
 .text.z_arm_init_arch_hw_at_boot
                0x0000000000012af8       0x4c zephyr/arch/arch/arm/core/aarch32/cortex_m/libarch__arm__core__aarch32__cortex_m.a(scb.c.obj)
                0x0000000000012af8                z_arm_init_arch_hw_at_boot
 .text.z_arm_interrupt_init
                0x0000000000012b44       0x18 zephyr/arch/arch/arm/core/aarch32/cortex_m/libarch__arm__core__aarch32__cortex_m.a(irq_init.c.obj)
                0x0000000000012b44                z_arm_interrupt_init
 .text.z_impl_k_thread_abort
                0x0000000000012b5c       0x24 zephyr/arch/arch/arm/core/aarch32/cortex_m/libarch__arm__core__aarch32__cortex_m.a(thread_abort.c.obj)
                0x0000000000012b5c                z_impl_k_thread_abort
 .text.tz_nonsecure_state_setup
                0x0000000000012b80       0x38 zephyr/arch/arch/arm/core/aarch32/cortex_m/tz/libarch__arm__core__aarch32__cortex_m__tz.a(arm_core_tz.c.obj)
                0x0000000000012b80                tz_nonsecure_state_setup
 .text.tz_nbanked_exception_target_state_set
                0x0000000000012bb8       0x28 zephyr/arch/arch/arm/core/aarch32/cortex_m/tz/libarch__arm__core__aarch32__cortex_m__tz.a(arm_core_tz.c.obj)
                0x0000000000012bb8                tz_nbanked_exception_target_state_set
 .text.tz_nonsecure_exception_prio_config
                0x0000000000012be0       0x28 zephyr/arch/arch/arm/core/aarch32/cortex_m/tz/libarch__arm__core__aarch32__cortex_m__tz.a(arm_core_tz.c.obj)
                0x0000000000012be0                tz_nonsecure_exception_prio_config
 .text.tz_nonsecure_system_reset_req_block
                0x0000000000012c08       0x28 zephyr/arch/arch/arm/core/aarch32/cortex_m/tz/libarch__arm__core__aarch32__cortex_m__tz.a(arm_core_tz.c.obj)
                0x0000000000012c08                tz_nonsecure_system_reset_req_block
 .text.tz_nonsecure_fpu_access_enable
                0x0000000000012c30       0x14 zephyr/arch/arch/arm/core/aarch32/cortex_m/tz/libarch__arm__core__aarch32__cortex_m__tz.a(arm_core_tz.c.obj)
                0x0000000000012c30                tz_nonsecure_fpu_access_enable
 .text.tz_sau_configure
                0x0000000000012c44       0x30 zephyr/arch/arch/arm/core/aarch32/cortex_m/tz/libarch__arm__core__aarch32__cortex_m__tz.a(arm_core_tz.c.obj)
                0x0000000000012c44                tz_sau_configure
 .text.z_arm_configure_static_mpu_regions
                0x0000000000012c74       0x38 zephyr/arch/arch/arm/core/aarch32/mpu/libarch__arm__core__aarch32__mpu.a(arm_core_mpu.c.obj)
                0x0000000000012c74                z_arm_configure_static_mpu_regions
 .text.region_init
                0x0000000000012cac       0x34 zephyr/arch/arch/arm/core/aarch32/mpu/libarch__arm__core__aarch32__mpu.a(arm_mpu.c.obj)
 .text.mpu_configure_region
                0x0000000000012ce0       0x50 zephyr/arch/arch/arm/core/aarch32/mpu/libarch__arm__core__aarch32__mpu.a(arm_mpu.c.obj)
 .text.mpu_configure_regions_and_partition.constprop.0
                0x0000000000012d30      0x170 zephyr/arch/arch/arm/core/aarch32/mpu/libarch__arm__core__aarch32__mpu.a(arm_mpu.c.obj)
 .text.arm_core_mpu_enable
                0x0000000000012ea0       0x18 zephyr/arch/arch/arm/core/aarch32/mpu/libarch__arm__core__aarch32__mpu.a(arm_mpu.c.obj)
                0x0000000000012ea0                arm_core_mpu_enable
 .text.arm_core_mpu_disable
                0x0000000000012eb8       0x14 zephyr/arch/arch/arm/core/aarch32/mpu/libarch__arm__core__aarch32__mpu.a(arm_mpu.c.obj)
                0x0000000000012eb8                arm_core_mpu_disable
 .text.arm_core_mpu_configure_static_mpu_regions
                0x0000000000012ecc       0x38 zephyr/arch/arch/arm/core/aarch32/mpu/libarch__arm__core__aarch32__mpu.a(arm_mpu.c.obj)
                0x0000000000012ecc                arm_core_mpu_configure_static_mpu_regions
 .text.arm_core_mpu_mark_areas_for_dynamic_regions
                0x0000000000012f04       0xdc zephyr/arch/arch/arm/core/aarch32/mpu/libarch__arm__core__aarch32__mpu.a(arm_mpu.c.obj)
                0x0000000000012f04                arm_core_mpu_mark_areas_for_dynamic_regions
 .text.z_arm_mpu_init
                0x0000000000012fe0       0x90 zephyr/arch/arch/arm/core/aarch32/mpu/libarch__arm__core__aarch32__mpu.a(arm_mpu.c.obj)
                0x0000000000012fe0                z_arm_mpu_init
 .text.__stdout_hook_install
                0x0000000000013070        0xc zephyr/lib/libc/minimal/liblib__libc__minimal.a(stdout_console.c.obj)
                0x0000000000013070                __stdout_hook_install
 .text.board_circuitdojo_feather_nrf9160_init
                0x000000000001307c       0x58 zephyr/boards/boards/arm/circuitdojo_feather_nrf9160/libboards__arm__circuitdojo_feather_nrf9160.a(board.c.obj)
 .text.nrf_gpio_pin_port_decode
                0x00000000000130d4       0x5c zephyr/drivers/serial/libdrivers__serial.a(uart_nrfx_uarte.c.obj)
 .text.uarte_nrfx_configure
                0x0000000000013130      0x16c zephyr/drivers/serial/libdrivers__serial.a(uart_nrfx_uarte.c.obj)
 .text.uarte_nrfx_poll_out
                0x000000000001329c       0xc4 zephyr/drivers/serial/libdrivers__serial.a(uart_nrfx_uarte.c.obj)
 .text.uarte_instance_init.constprop.0
                0x0000000000013360      0x1a4 zephyr/drivers/serial/libdrivers__serial.a(uart_nrfx_uarte.c.obj)
 .text.uarte_2_init
                0x0000000000013504       0x30 zephyr/drivers/serial/libdrivers__serial.a(uart_nrfx_uarte.c.obj)
 .text.uarte_0_init
                0x0000000000013534       0x30 zephyr/drivers/serial/libdrivers__serial.a(uart_nrfx_uarte.c.obj)
 .text.entropy_cc3xx_rng_get_entropy
                0x0000000000013564       0x74 zephyr/drivers/entropy/libdrivers__entropy.a(entropy_cc310.c.obj)
 .text.k_sys_fatal_error_handler
                0x00000000000135d8       0x14 modules/nrf/lib/fatal_error/lib..__nrf__lib__fatal_error.a(fatal_error.c.obj)
                0x00000000000135d8                k_sys_fatal_error_handler
 .text.check_ext_api_requests
                0x00000000000135ec       0x98 modules/nrf/subsys/fw_info/lib..__nrf__subsys__fw_info.a(fw_info.c.obj)
 .text.SystemInit
                0x0000000000013684      0x15c modules/hal_nordic/nrfx/libmodules__hal_nordic__nrfx.a(system_nrf9160.c.obj)
                0x0000000000013684                SystemInit
 .text.nrfx_clock_init
                0x00000000000137e0       0x40 modules/hal_nordic/nrfx/libmodules__hal_nordic__nrfx.a(nrfx_clock.c.obj)
                0x00000000000137e0                nrfx_clock_init
 .text.nrfx_clock_enable
                0x0000000000013820       0x3c modules/hal_nordic/nrfx/libmodules__hal_nordic__nrfx.a(nrfx_clock.c.obj)
                0x0000000000013820                nrfx_clock_enable
 .text.nrfx_clock_start
                0x000000000001385c       0xa4 modules/hal_nordic/nrfx/libmodules__hal_nordic__nrfx.a(nrfx_clock.c.obj)
                0x000000000001385c                nrfx_clock_start
 .text.nrfx_clock_stop
                0x0000000000013900       0xb0 modules/hal_nordic/nrfx/libmodules__hal_nordic__nrfx.a(nrfx_clock.c.obj)
                0x0000000000013900                nrfx_clock_stop
 .text.nrfx_power_clock_irq_handler
                0x00000000000139b0       0x68 modules/hal_nordic/nrfx/libmodules__hal_nordic__nrfx.a(nrfx_clock.c.obj)
                0x00000000000139b0                nrfx_power_clock_irq_handler
 .text.nrfx_dppi_channel_alloc
                0x0000000000013a18       0x58 modules/hal_nordic/nrfx/libmodules__hal_nordic__nrfx.a(nrfx_dppi.c.obj)
                0x0000000000013a18                nrfx_dppi_channel_alloc
 .text.z_sys_init_run_level
                0x0000000000013a70       0x40 zephyr/kernel/libkernel.a(device.c.obj)
                0x0000000000013a70                z_sys_init_run_level
 .text.z_impl_device_get_binding
                0x0000000000013ab0       0x54 zephyr/kernel/libkernel.a(device.c.obj)
                0x0000000000013ab0                z_impl_device_get_binding
 .text.z_fatal_error
                0x0000000000013b04       0xb8 zephyr/kernel/libkernel.a(fatal.c.obj)
                0x0000000000013b04                z_fatal_error
 .text.z_bss_zero
                0x0000000000013bbc       0x14 zephyr/kernel/libkernel.a(init.c.obj)
                0x0000000000013bbc                z_bss_zero
 .text.bg_thread_main
                0x0000000000013bd0       0x34 zephyr/kernel/libkernel.a(init.c.obj)
 .text.z_cstart
                0x0000000000013c04      0x12c zephyr/kernel/libkernel.a(init.c.obj)
                0x0000000000013c04                z_cstart
 .text.init_mem_slab_module
                0x0000000000013d30       0x64 zephyr/kernel/libkernel.a(mem_slab.c.obj)
 .text.k_mem_slab_alloc
                0x0000000000013d94       0xb4 zephyr/kernel/libkernel.a(mem_slab.c.obj)
                0x0000000000013d94                k_mem_slab_alloc
 .text.k_mem_slab_free
                0x0000000000013e48       0xa4 zephyr/kernel/libkernel.a(mem_slab.c.obj)
                0x0000000000013e48                k_mem_slab_free
 .text.z_setup_new_thread
                0x0000000000013eec       0xa8 zephyr/kernel/libkernel.a(thread.c.obj)
                0x0000000000013eec                z_setup_new_thread
 .text.z_init_static_threads
                0x0000000000013f94       0xf8 zephyr/kernel/libkernel.a(thread.c.obj)
                0x0000000000013f94                z_init_static_threads
 .text.z_spin_lock_valid
                0x000000000001408c       0x1c zephyr/kernel/libkernel.a(thread.c.obj)
                0x000000000001408c                z_spin_lock_valid
 .text.z_spin_unlock_valid
                0x00000000000140a8       0x1c zephyr/kernel/libkernel.a(thread.c.obj)
                0x00000000000140a8                z_spin_unlock_valid
 .text.z_spin_lock_set_owner
                0x00000000000140c4       0x10 zephyr/kernel/libkernel.a(thread.c.obj)
                0x00000000000140c4                z_spin_lock_set_owner
 .text.idle     0x00000000000140d4       0x50 zephyr/kernel/libkernel.a(idle.c.obj)
                0x00000000000140d4                idle
 .text.z_impl_k_mutex_lock
                0x0000000000014124      0x1a4 zephyr/kernel/libkernel.a(mutex.c.obj)
                0x0000000000014124                z_impl_k_mutex_lock
 .text.z_impl_k_mutex_unlock
                0x00000000000142c8      0x130 zephyr/kernel/libkernel.a(mutex.c.obj)
                0x00000000000142c8                z_impl_k_mutex_unlock
 .text.z_impl_k_sem_give
                0x00000000000143f8       0x6c zephyr/kernel/libkernel.a(sem.c.obj)
                0x00000000000143f8                z_impl_k_sem_give
 .text.z_impl_k_sem_take
                0x0000000000014464       0xd4 zephyr/kernel/libkernel.a(sem.c.obj)
                0x0000000000014464                z_impl_k_sem_take
 .text.z_reset_time_slice
                0x0000000000014538       0x2c zephyr/kernel/libkernel.a(sched.c.obj)
                0x0000000000014538                z_reset_time_slice
 .text.update_cache
                0x0000000000014564       0x60 zephyr/kernel/libkernel.a(sched.c.obj)
 .text.ready_thread
                0x00000000000145c4       0x98 zephyr/kernel/libkernel.a(sched.c.obj)
 .text.k_sched_time_slice_set
                0x000000000001465c       0xac zephyr/kernel/libkernel.a(sched.c.obj)
                0x000000000001465c                k_sched_time_slice_set
 .text.z_ready_thread
                0x0000000000014708       0x6c zephyr/kernel/libkernel.a(sched.c.obj)
                0x0000000000014708                z_ready_thread
 .text.z_reschedule
                0x0000000000014774       0x6c zephyr/kernel/libkernel.a(sched.c.obj)
                0x0000000000014774                z_reschedule
 .text.z_sched_start
                0x00000000000147e0       0x84 zephyr/kernel/libkernel.a(sched.c.obj)
                0x00000000000147e0                z_sched_start
 .text.k_sched_lock
                0x0000000000014864       0xa8 zephyr/kernel/libkernel.a(sched.c.obj)
                0x0000000000014864                k_sched_lock
 .text.k_sched_unlock
                0x000000000001490c       0xb8 zephyr/kernel/libkernel.a(sched.c.obj)
                0x000000000001490c                k_sched_unlock
 .text.z_priq_dumb_remove
                0x00000000000149c4       0x3c zephyr/kernel/libkernel.a(sched.c.obj)
                0x00000000000149c4                z_priq_dumb_remove
 .text.unready_thread
                0x0000000000014a00       0x38 zephyr/kernel/libkernel.a(sched.c.obj)
 .text.add_to_waitq_locked
                0x0000000000014a38       0x7c zephyr/kernel/libkernel.a(sched.c.obj)
 .text.pend     0x0000000000014ab4       0x98 zephyr/kernel/libkernel.a(sched.c.obj)
 .text.z_pend_curr
                0x0000000000014b4c       0x4c zephyr/kernel/libkernel.a(sched.c.obj)
                0x0000000000014b4c                z_pend_curr
 .text.z_impl_k_thread_suspend
                0x0000000000014b98       0xb0 zephyr/kernel/libkernel.a(sched.c.obj)
                0x0000000000014b98                z_impl_k_thread_suspend
 .text.move_thread_to_end_of_prio_q
                0x0000000000014c48       0xa4 zephyr/kernel/libkernel.a(sched.c.obj)
 .text.z_time_slice
                0x0000000000014cec       0xc8 zephyr/kernel/libkernel.a(sched.c.obj)
                0x0000000000014cec                z_time_slice
 .text.z_set_prio
                0x0000000000014db4      0x108 zephyr/kernel/libkernel.a(sched.c.obj)
                0x0000000000014db4                z_set_prio
 .text.unpend_thread_no_timeout
                0x0000000000014ebc       0x3c zephyr/kernel/libkernel.a(sched.c.obj)
 .text.z_thread_timeout
                0x0000000000014ef8       0x90 zephyr/kernel/libkernel.a(sched.c.obj)
                0x0000000000014ef8                z_thread_timeout
 .text.z_unpend_first_thread
                0x0000000000014f88       0x80 zephyr/kernel/libkernel.a(sched.c.obj)
                0x0000000000014f88                z_unpend_first_thread
 .text.z_sched_init
                0x0000000000015008       0x18 zephyr/kernel/libkernel.a(sched.c.obj)
                0x0000000000015008                z_sched_init
 .text.z_impl_k_yield
                0x0000000000015020      0x108 zephyr/kernel/libkernel.a(sched.c.obj)
                0x0000000000015020                z_impl_k_yield
 .text.z_tick_sleep
                0x0000000000015128      0x114 zephyr/kernel/libkernel.a(sched.c.obj)
 .text.z_impl_k_sleep
                0x000000000001523c       0x60 zephyr/kernel/libkernel.a(sched.c.obj)
                0x000000000001523c                z_impl_k_sleep
 .text.z_impl_k_current_get
                0x000000000001529c        0xc zephyr/kernel/libkernel.a(sched.c.obj)
                0x000000000001529c                z_impl_k_current_get
 .text.z_thread_abort
                0x00000000000152a8      0x128 zephyr/kernel/libkernel.a(sched.c.obj)
                0x00000000000152a8                z_thread_abort
 .text.z_data_copy
                0x00000000000153d0       0x34 zephyr/kernel/libkernel.a(xip.c.obj)
                0x00000000000153d0                z_data_copy
 .text.elapsed  0x0000000000015404       0x14 zephyr/kernel/libkernel.a(timeout.c.obj)
 .text.next_timeout
                0x0000000000015418       0x54 zephyr/kernel/libkernel.a(timeout.c.obj)
 .text.remove_timeout
                0x000000000001546c       0x34 zephyr/kernel/libkernel.a(timeout.c.obj)
 .text.z_add_timeout
                0x00000000000154a0      0x15c zephyr/kernel/libkernel.a(timeout.c.obj)
                0x00000000000154a0                z_add_timeout
 .text.z_abort_timeout
                0x00000000000155fc       0x78 zephyr/kernel/libkernel.a(timeout.c.obj)
                0x00000000000155fc                z_abort_timeout
 .text.z_get_next_timeout_expiry
                0x0000000000015674       0x6c zephyr/kernel/libkernel.a(timeout.c.obj)
                0x0000000000015674                z_get_next_timeout_expiry
 .text.z_set_timeout_expiry
                0x00000000000156e0       0x80 zephyr/kernel/libkernel.a(timeout.c.obj)
                0x00000000000156e0                z_set_timeout_expiry
 .text.sys_clock_announce
                0x0000000000015760      0x13c zephyr/kernel/libkernel.a(timeout.c.obj)
                0x0000000000015760                sys_clock_announce
 .text.sys_clock_tick_get
                0x000000000001589c       0x7c zephyr/kernel/libkernel.a(timeout.c.obj)
                0x000000000001589c                sys_clock_tick_get
 .text.boot_banner
                0x0000000000015918       0x18 zephyr/kernel/libkernel.a(banner.c.obj)
                0x0000000000015918                boot_banner
 .text.nrf_cc3xx_platform_init
                0x0000000000015930       0x44 C:/Users/FC/Desktop/adc/nrfxlib/crypto/nrf_cc310_platform/lib/cortex-m33/soft-float/no-interrupts/libnrf_cc310_platform_0.9.11.a(nrf_cc3xx_platform.c.obj)
                0x0000000000015930                nrf_cc3xx_platform_init
 .text.nrf_cc3xx_platform_abort
                0x0000000000015974       0x24 C:/Users/FC/Desktop/adc/nrfxlib/crypto/nrf_cc310_platform/lib/cortex-m33/soft-float/no-interrupts/libnrf_cc310_platform_0.9.11.a(nrf_cc3xx_platform_abort.c.obj)
 .text.CC_PalAbort
                0x0000000000015998       0x38 C:/Users/FC/Desktop/adc/nrfxlib/crypto/nrf_cc310_platform/lib/cortex-m33/soft-float/no-interrupts/libnrf_cc310_platform_0.9.11.a(nrf_cc3xx_platform_abort.c.obj)
                0x0000000000015998                CC_PalAbort
 .text.nrf_cc3xx_platform_set_abort
                0x00000000000159d0       0x10 C:/Users/FC/Desktop/adc/nrfxlib/crypto/nrf_cc310_platform/lib/cortex-m33/soft-float/no-interrupts/libnrf_cc310_platform_0.9.11.a(nrf_cc3xx_platform_abort.c.obj)
                0x00000000000159d0                nrf_cc3xx_platform_set_abort
 .text.nrf_cc3xx_platform_ctr_drbg_init
                0x00000000000159e0       0x68 C:/Users/FC/Desktop/adc/nrfxlib/crypto/nrf_cc310_platform/lib/cortex-m33/soft-float/no-interrupts/libnrf_cc310_platform_0.9.11.a(nrf_cc3xx_platform_ctr_drbg.c.obj)
                0x00000000000159e0                nrf_cc3xx_platform_ctr_drbg_init
 .text.nrf_cc3xx_platform_ctr_drbg_get
                0x0000000000015a48       0x44 C:/Users/FC/Desktop/adc/nrfxlib/crypto/nrf_cc310_platform/lib/cortex-m33/soft-float/no-interrupts/libnrf_cc310_platform_0.9.11.a(nrf_cc3xx_platform_ctr_drbg.c.obj)
                0x0000000000015a48                nrf_cc3xx_platform_ctr_drbg_get
 .text.mutex_free
                0x0000000000015a8c       0x28 C:/Users/FC/Desktop/adc/nrfxlib/crypto/nrf_cc310_platform/lib/cortex-m33/soft-float/no-interrupts/libnrf_cc310_platform_0.9.11.a(nrf_cc3xx_platform_mutex.c.obj)
 .text.mutex_unlock
                0x0000000000015ab4       0x2c C:/Users/FC/Desktop/adc/nrfxlib/crypto/nrf_cc310_platform/lib/cortex-m33/soft-float/no-interrupts/libnrf_cc310_platform_0.9.11.a(nrf_cc3xx_platform_mutex.c.obj)
 .text.mutex_init
                0x0000000000015ae0       0x1c C:/Users/FC/Desktop/adc/nrfxlib/crypto/nrf_cc310_platform/lib/cortex-m33/soft-float/no-interrupts/libnrf_cc310_platform_0.9.11.a(nrf_cc3xx_platform_mutex.c.obj)
 .text.mutex_lock
                0x0000000000015afc       0x3c C:/Users/FC/Desktop/adc/nrfxlib/crypto/nrf_cc310_platform/lib/cortex-m33/soft-float/no-interrupts/libnrf_cc310_platform_0.9.11.a(nrf_cc3xx_platform_mutex.c.obj)
 .text.nrf_cc3xx_platform_set_mutexes
                0x0000000000015b38       0x64 C:/Users/FC/Desktop/adc/nrfxlib/crypto/nrf_cc310_platform/lib/cortex-m33/soft-float/no-interrupts/libnrf_cc310_platform_0.9.11.a(nrf_cc3xx_platform_mutex.c.obj)
                0x0000000000015b38                nrf_cc3xx_platform_set_mutexes
 .text.entropy_update
                0x0000000000015b9c       0x7c C:/Users/FC/Desktop/adc/nrfxlib/crypto/nrf_cc310_platform/lib/cortex-m33/soft-float/no-interrupts/libnrf_cc310_platform_0.9.11.a(entropy.c.obj)
 .text.entropy_gather_internal.part.0
                0x0000000000015c18       0x78 C:/Users/FC/Desktop/adc/nrfxlib/crypto/nrf_cc310_platform/lib/cortex-m33/soft-float/no-interrupts/libnrf_cc310_platform_0.9.11.a(entropy.c.obj)
 .text.cc_mbedtls_entropy_init
                0x0000000000015c90       0x80 C:/Users/FC/Desktop/adc/nrfxlib/crypto/nrf_cc310_platform/lib/cortex-m33/soft-float/no-interrupts/libnrf_cc310_platform_0.9.11.a(entropy.c.obj)
                0x0000000000015c90                cc_mbedtls_entropy_init
 .text.cc_mbedtls_entropy_func
                0x0000000000015d10      0x10c C:/Users/FC/Desktop/adc/nrfxlib/crypto/nrf_cc310_platform/lib/cortex-m33/soft-float/no-interrupts/libnrf_cc310_platform_0.9.11.a(entropy.c.obj)
                0x0000000000015d10                cc_mbedtls_entropy_func
 .text.RndStartupTest.constprop.0
                0x0000000000015e1c       0x9c C:/Users/FC/Desktop/adc/nrfxlib/crypto/nrf_cc310_platform/lib/cortex-m33/soft-float/no-interrupts/libnrf_cc310_platform_0.9.11.a(cc_lib.c.obj)
 .text.CC_LibInit
                0x0000000000015eb8       0xb0 C:/Users/FC/Desktop/adc/nrfxlib/crypto/nrf_cc310_platform/lib/cortex-m33/soft-float/no-interrupts/libnrf_cc310_platform_0.9.11.a(cc_lib.c.obj)
                0x0000000000015eb8                CC_LibInit
 .text.CC_HalInit
                0x0000000000015f68        0x4 C:/Users/FC/Desktop/adc/nrfxlib/crypto/nrf_cc310_platform/lib/cortex-m33/soft-float/no-interrupts/libnrf_cc310_platform_0.9.11.a(cc_hal.c.obj)
                0x0000000000015f68                CC_HalInit
 .text.CC_HalTerminate
                0x0000000000015f6c        0x4 C:/Users/FC/Desktop/adc/nrfxlib/crypto/nrf_cc310_platform/lib/cortex-m33/soft-float/no-interrupts/libnrf_cc310_platform_0.9.11.a(cc_hal.c.obj)
                0x0000000000015f6c                CC_HalTerminate
 .text.CC_HalClearInterruptBit
                0x0000000000015f70       0x1c C:/Users/FC/Desktop/adc/nrfxlib/crypto/nrf_cc310_platform/lib/cortex-m33/soft-float/no-interrupts/libnrf_cc310_platform_0.9.11.a(cc_hal.c.obj)
                0x0000000000015f70                CC_HalClearInterruptBit
 .text.CC_HalMaskInterrupt
                0x0000000000015f8c        0xc C:/Users/FC/Desktop/adc/nrfxlib/crypto/nrf_cc310_platform/lib/cortex-m33/soft-float/no-interrupts/libnrf_cc310_platform_0.9.11.a(cc_hal.c.obj)
                0x0000000000015f8c                CC_HalMaskInterrupt
 .text.CC_HalWaitInterrupt
                0x0000000000015f98        0xc C:/Users/FC/Desktop/adc/nrfxlib/crypto/nrf_cc310_platform/lib/cortex-m33/soft-float/no-interrupts/libnrf_cc310_platform_0.9.11.a(cc_hal.c.obj)
                0x0000000000015f98                CC_HalWaitInterrupt
 .text.CC_HalWaitInterruptRND
                0x0000000000015fa4        0xc C:/Users/FC/Desktop/adc/nrfxlib/crypto/nrf_cc310_platform/lib/cortex-m33/soft-float/no-interrupts/libnrf_cc310_platform_0.9.11.a(cc_hal.c.obj)
                0x0000000000015fa4                CC_HalWaitInterruptRND
 .text.CC_PalInit
                0x0000000000015fb0       0x5c C:/Users/FC/Desktop/adc/nrfxlib/crypto/nrf_cc310_platform/lib/cortex-m33/soft-float/no-interrupts/libnrf_cc310_platform_0.9.11.a(cc_pal.c.obj)
                0x0000000000015fb0                CC_PalInit
 .text.CC_PalTerminate
                0x000000000001600c       0x34 C:/Users/FC/Desktop/adc/nrfxlib/crypto/nrf_cc310_platform/lib/cortex-m33/soft-float/no-interrupts/libnrf_cc310_platform_0.9.11.a(cc_pal.c.obj)
                0x000000000001600c                CC_PalTerminate
 .text.CC_PalDmaInit
                0x0000000000016040        0x4 C:/Users/FC/Desktop/adc/nrfxlib/crypto/nrf_cc310_platform/lib/cortex-m33/soft-float/no-interrupts/libnrf_cc310_platform_0.9.11.a(cc_pal_dma.c.obj)
                0x0000000000016040                CC_PalDmaInit
 .text.CC_PalDmaTerminate
                0x0000000000016044        0x4 C:/Users/FC/Desktop/adc/nrfxlib/crypto/nrf_cc310_platform/lib/cortex-m33/soft-float/no-interrupts/libnrf_cc310_platform_0.9.11.a(cc_pal_dma.c.obj)
                0x0000000000016044                CC_PalDmaTerminate
 .text.CC_PalWaitInterruptRND
                0x0000000000016048       0x30 C:/Users/FC/Desktop/adc/nrfxlib/crypto/nrf_cc310_platform/lib/cortex-m33/soft-float/no-interrupts/libnrf_cc310_platform_0.9.11.a(cc_pal_interrupt_ctrl.c.obj)
                0x0000000000016048                CC_PalWaitInterruptRND
 .text.CC_PalWaitInterrupt
                0x0000000000016078       0x1c C:/Users/FC/Desktop/adc/nrfxlib/crypto/nrf_cc310_platform/lib/cortex-m33/soft-float/no-interrupts/libnrf_cc310_platform_0.9.11.a(cc_pal_interrupt_ctrl.c.obj)
                0x0000000000016078                CC_PalWaitInterrupt
 .text.CC_PalMutexCreate
                0x0000000000016094       0x14 C:/Users/FC/Desktop/adc/nrfxlib/crypto/nrf_cc310_platform/lib/cortex-m33/soft-float/no-interrupts/libnrf_cc310_platform_0.9.11.a(cc_pal_mutex.c.obj)
                0x0000000000016094                CC_PalMutexCreate
 .text.CC_PalMutexDestroy
                0x00000000000160a8       0x14 C:/Users/FC/Desktop/adc/nrfxlib/crypto/nrf_cc310_platform/lib/cortex-m33/soft-float/no-interrupts/libnrf_cc310_platform_0.9.11.a(cc_pal_mutex.c.obj)
                0x00000000000160a8                CC_PalMutexDestroy
 .text.CC_PalMutexLock
                0x00000000000160bc       0x10 C:/Users/FC/Desktop/adc/nrfxlib/crypto/nrf_cc310_platform/lib/cortex-m33/soft-float/no-interrupts/libnrf_cc310_platform_0.9.11.a(cc_pal_mutex.c.obj)
                0x00000000000160bc                CC_PalMutexLock
 .text.CC_PalMutexUnlock
                0x00000000000160cc       0x14 C:/Users/FC/Desktop/adc/nrfxlib/crypto/nrf_cc310_platform/lib/cortex-m33/soft-float/no-interrupts/libnrf_cc310_platform_0.9.11.a(cc_pal_mutex.c.obj)
                0x00000000000160cc                CC_PalMutexUnlock
 .text.CC_PalPowerSaveModeInit
                0x00000000000160e0       0x3c C:/Users/FC/Desktop/adc/nrfxlib/crypto/nrf_cc310_platform/lib/cortex-m33/soft-float/no-interrupts/libnrf_cc310_platform_0.9.11.a(cc_pal_pm.c.obj)
                0x00000000000160e0                CC_PalPowerSaveModeInit
 .text.CC_PalPowerSaveModeSelect
                0x000000000001611c       0x84 C:/Users/FC/Desktop/adc/nrfxlib/crypto/nrf_cc310_platform/lib/cortex-m33/soft-float/no-interrupts/libnrf_cc310_platform_0.9.11.a(cc_pal_pm.c.obj)
                0x000000000001611c                CC_PalPowerSaveModeSelect
 .text.mutex_init
                0x00000000000161a0        0xc C:/Users/FC/Desktop/adc/nrfxlib/crypto/nrf_cc310_platform/lib/cortex-m33/soft-float/no-interrupts/libnrf_cc310_platform_0.9.11.a(threading_alt.c.obj)
                0x00000000000161a0                mutex_init
 .text.mutex_lock
                0x00000000000161ac        0xc C:/Users/FC/Desktop/adc/nrfxlib/crypto/nrf_cc310_platform/lib/cortex-m33/soft-float/no-interrupts/libnrf_cc310_platform_0.9.11.a(threading_alt.c.obj)
                0x00000000000161ac                mutex_lock
 .text.mutex_unlock
                0x00000000000161b8        0xc C:/Users/FC/Desktop/adc/nrfxlib/crypto/nrf_cc310_platform/lib/cortex-m33/soft-float/no-interrupts/libnrf_cc310_platform_0.9.11.a(threading_alt.c.obj)
                0x00000000000161b8                mutex_unlock
 .text.startTrngHW
                0x00000000000161c4      0x150 C:/Users/FC/Desktop/adc/nrfxlib/crypto/nrf_cc310_platform/lib/cortex-m33/soft-float/no-interrupts/libnrf_cc310_platform_0.9.11.a(llf_rnd_trng90b.c.obj)
 .text.LLF_RND_RepetitionCounterTest.part.0
                0x0000000000016314       0x58 C:/Users/FC/Desktop/adc/nrfxlib/crypto/nrf_cc310_platform/lib/cortex-m33/soft-float/no-interrupts/libnrf_cc310_platform_0.9.11.a(llf_rnd_trng90b.c.obj)
 .text.LLF_RND_AdaptiveProportionTest
                0x000000000001636c       0xcc C:/Users/FC/Desktop/adc/nrfxlib/crypto/nrf_cc310_platform/lib/cortex-m33/soft-float/no-interrupts/libnrf_cc310_platform_0.9.11.a(llf_rnd_trng90b.c.obj)
                0x000000000001636c                LLF_RND_AdaptiveProportionTest
 .text.getTrngSource
                0x0000000000016438      0x2d4 C:/Users/FC/Desktop/adc/nrfxlib/crypto/nrf_cc310_platform/lib/cortex-m33/soft-float/no-interrupts/libnrf_cc310_platform_0.9.11.a(llf_rnd_trng90b.c.obj)
 .text.LLF_RND_GetTrngSource
                0x000000000001670c       0x18 C:/Users/FC/Desktop/adc/nrfxlib/crypto/nrf_cc310_platform/lib/cortex-m33/soft-float/no-interrupts/libnrf_cc310_platform_0.9.11.a(llf_rnd_trng90b.c.obj)
                0x000000000001670c                LLF_RND_GetTrngSource
 .text.LLF_RND_RunTrngStartupTest
                0x0000000000016724       0x1c C:/Users/FC/Desktop/adc/nrfxlib/crypto/nrf_cc310_platform/lib/cortex-m33/soft-float/no-interrupts/libnrf_cc310_platform_0.9.11.a(llf_rnd_trng90b.c.obj)
                0x0000000000016724                LLF_RND_RunTrngStartupTest
 .text.mbedtls_platform_zeroize
                0x0000000000016740       0x14 C:/Users/FC/Desktop/adc/nrfxlib/crypto/nrf_cc310_platform/lib/cortex-m33/soft-float/no-interrupts/libnrf_cc310_platform_0.9.11.a(mbedtls_common.c.obj)
                0x0000000000016740                mbedtls_platform_zeroize
 .text.mbedtls_hardware_poll
                0x0000000000016754      0x104 C:/Users/FC/Desktop/adc/nrfxlib/crypto/nrf_cc310_platform/lib/cortex-m33/soft-float/no-interrupts/libnrf_cc310_platform_0.9.11.a(trng_api.c.obj)
                0x0000000000016754                mbedtls_hardware_poll
 .text.cc_mbedtls_sha256_init
                0x0000000000016858       0x28 C:/Users/FC/Desktop/adc/nrfxlib/crypto/nrf_cc310_platform/lib/cortex-m33/soft-float/no-interrupts/libnrf_cc310_platform_0.9.11.a(sha256_alt.c.obj)
                0x0000000000016858                cc_mbedtls_sha256_init
 .text.cc_mbedtls_sha256_free
                0x0000000000016880        0xc C:/Users/FC/Desktop/adc/nrfxlib/crypto/nrf_cc310_platform/lib/cortex-m33/soft-float/no-interrupts/libnrf_cc310_platform_0.9.11.a(sha256_alt.c.obj)
                0x0000000000016880                cc_mbedtls_sha256_free
 .text.cc_mbedtls_sha256_starts_ret
                0x000000000001688c       0x28 C:/Users/FC/Desktop/adc/nrfxlib/crypto/nrf_cc310_platform/lib/cortex-m33/soft-float/no-interrupts/libnrf_cc310_platform_0.9.11.a(sha256_alt.c.obj)
                0x000000000001688c                cc_mbedtls_sha256_starts_ret
 .text.cc_mbedtls_sha256_update_ret
                0x00000000000168b4       0x10 C:/Users/FC/Desktop/adc/nrfxlib/crypto/nrf_cc310_platform/lib/cortex-m33/soft-float/no-interrupts/libnrf_cc310_platform_0.9.11.a(sha256_alt.c.obj)
                0x00000000000168b4                cc_mbedtls_sha256_update_ret
 .text.cc_mbedtls_sha256_finish_ret
                0x00000000000168c4       0x48 C:/Users/FC/Desktop/adc/nrfxlib/crypto/nrf_cc310_platform/lib/cortex-m33/soft-float/no-interrupts/libnrf_cc310_platform_0.9.11.a(sha256_alt.c.obj)
                0x00000000000168c4                cc_mbedtls_sha256_finish_ret
 .text.mbedtls_sha_starts_internal
                0x000000000001690c       0x28 C:/Users/FC/Desktop/adc/nrfxlib/crypto/nrf_cc310_platform/lib/cortex-m33/soft-float/no-interrupts/libnrf_cc310_platform_0.9.11.a(mbedtls_hash_common.c.obj)
                0x000000000001690c                mbedtls_sha_starts_internal
 .text.mbedtls_sha_finish_internal
                0x0000000000016934       0x5c C:/Users/FC/Desktop/adc/nrfxlib/crypto/nrf_cc310_platform/lib/cortex-m33/soft-float/no-interrupts/libnrf_cc310_platform_0.9.11.a(mbedtls_hash_common.c.obj)
                0x0000000000016934                mbedtls_sha_finish_internal
 .text.mbedtls_sha_update_internal
                0x0000000000016990       0xe4 C:/Users/FC/Desktop/adc/nrfxlib/crypto/nrf_cc310_platform/lib/cortex-m33/soft-float/no-interrupts/libnrf_cc310_platform_0.9.11.a(mbedtls_hash_common.c.obj)
                0x0000000000016990                mbedtls_sha_update_internal
 .text.block_cipher_df
                0x0000000000016a74      0x280 C:/Users/FC/Desktop/adc/nrfxlib/crypto/nrf_cc310_platform/lib/cortex-m33/soft-float/no-interrupts/libnrf_cc310_platform_0.9.11.a(ctr_drbg.c.obj)
 .text.ctr_drbg_update_internal
                0x0000000000016cf4      0x148 C:/Users/FC/Desktop/adc/nrfxlib/crypto/nrf_cc310_platform/lib/cortex-m33/soft-float/no-interrupts/libnrf_cc310_platform_0.9.11.a(ctr_drbg.c.obj)
 .text.mbedtls_ctr_drbg_reseed_internal
                0x0000000000016e3c       0xc8 C:/Users/FC/Desktop/adc/nrfxlib/crypto/nrf_cc310_platform/lib/cortex-m33/soft-float/no-interrupts/libnrf_cc310_platform_0.9.11.a(ctr_drbg.c.obj)
 .text.cc_mbedtls_ctr_drbg_init
                0x0000000000016f04       0x24 C:/Users/FC/Desktop/adc/nrfxlib/crypto/nrf_cc310_platform/lib/cortex-m33/soft-float/no-interrupts/libnrf_cc310_platform_0.9.11.a(ctr_drbg.c.obj)
                0x0000000000016f04                cc_mbedtls_ctr_drbg_init
 .text.cc_mbedtls_ctr_drbg_seed
                0x0000000000016f28       0xa0 C:/Users/FC/Desktop/adc/nrfxlib/crypto/nrf_cc310_platform/lib/cortex-m33/soft-float/no-interrupts/libnrf_cc310_platform_0.9.11.a(ctr_drbg.c.obj)
                0x0000000000016f28                cc_mbedtls_ctr_drbg_seed
 .text.cc_mbedtls_ctr_drbg_random_with_add
                0x0000000000016fc8      0x1e8 C:/Users/FC/Desktop/adc/nrfxlib/crypto/nrf_cc310_platform/lib/cortex-m33/soft-float/no-interrupts/libnrf_cc310_platform_0.9.11.a(ctr_drbg.c.obj)
                0x0000000000016fc8                cc_mbedtls_ctr_drbg_random_with_add
 .text.cc_mbedtls_sha256_ret
                0x00000000000171b0       0x50 C:/Users/FC/Desktop/adc/nrfxlib/crypto/nrf_cc310_platform/lib/cortex-m33/soft-float/no-interrupts/libnrf_cc310_platform_0.9.11.a(sha256.c.obj)
                0x00000000000171b0                cc_mbedtls_sha256_ret
 .text.RNG_PLAT_SetUserRngParameters
                0x0000000000017200       0x7c C:/Users/FC/Desktop/adc/nrfxlib/crypto/nrf_cc310_platform/lib/cortex-m33/soft-float/no-interrupts/libnrf_cc310_platform_0.9.11.a(cc_rng_plat.c.obj)
                0x0000000000017200                RNG_PLAT_SetUserRngParameters
 .text.CC_PalMemCopyPlat
                0x000000000001727c        0x4 C:/Users/FC/Desktop/adc/nrfxlib/crypto/nrf_cc310_platform/lib/cortex-m33/soft-float/no-interrupts/libnrf_cc310_platform_0.9.11.a(cc_pal_mem.c.obj)
                0x000000000001727c                CC_PalMemCopyPlat
 .text.CC_PalMemSetPlat
                0x0000000000017280        0x4 C:/Users/FC/Desktop/adc/nrfxlib/crypto/nrf_cc310_platform/lib/cortex-m33/soft-float/no-interrupts/libnrf_cc310_platform_0.9.11.a(cc_pal_mem.c.obj)
                0x0000000000017280                CC_PalMemSetPlat
 .text.CC_PalMemSetZeroPlat
                0x0000000000017284        0x8 C:/Users/FC/Desktop/adc/nrfxlib/crypto/nrf_cc310_platform/lib/cortex-m33/soft-float/no-interrupts/libnrf_cc310_platform_0.9.11.a(cc_pal_mem.c.obj)
                0x0000000000017284                CC_PalMemSetZeroPlat
 .text.CC_PalTrngParamGet
                0x000000000001728c      0x110 C:/Users/FC/Desktop/adc/nrfxlib/crypto/nrf_cc310_platform/lib/cortex-m33/soft-float/no-interrupts/libnrf_cc310_platform_0.9.11.a(cc_pal_trng.c.obj)
                0x000000000001728c                CC_PalTrngParamGet
 .text.LLF_RND_WaitRngInterrupt
                0x000000000001739c       0x20 C:/Users/FC/Desktop/adc/nrfxlib/crypto/nrf_cc310_platform/lib/cortex-m33/soft-float/no-interrupts/libnrf_cc310_platform_0.9.11.a(llf_rnd.c.obj)
                0x000000000001739c                LLF_RND_WaitRngInterrupt
 .text.LLF_RND_GetRoscSampleCnt
                0x00000000000173bc       0x3c C:/Users/FC/Desktop/adc/nrfxlib/crypto/nrf_cc310_platform/lib/cortex-m33/soft-float/no-interrupts/libnrf_cc310_platform_0.9.11.a(llf_rnd.c.obj)
                0x00000000000173bc                LLF_RND_GetRoscSampleCnt
 .text.LLF_RND_GetFastestRosc
                0x00000000000173f8       0x20 C:/Users/FC/Desktop/adc/nrfxlib/crypto/nrf_cc310_platform/lib/cortex-m33/soft-float/no-interrupts/libnrf_cc310_platform_0.9.11.a(llf_rnd.c.obj)
                0x00000000000173f8                LLF_RND_GetFastestRosc
 .text.LLF_RND_TurnOffTrng
                0x0000000000017418       0x1c C:/Users/FC/Desktop/adc/nrfxlib/crypto/nrf_cc310_platform/lib/cortex-m33/soft-float/no-interrupts/libnrf_cc310_platform_0.9.11.a(llf_rnd.c.obj)
                0x0000000000017418                LLF_RND_TurnOffTrng
 .text.SetDataBuffersInfo
                0x0000000000017434       0x70 C:/Users/FC/Desktop/adc/nrfxlib/crypto/nrf_cc310_platform/lib/cortex-m33/soft-float/no-interrupts/libnrf_cc310_platform_0.9.11.a(driver_common.c.obj)
                0x0000000000017434                SetDataBuffersInfo
 .text.InitHashDrv
                0x00000000000174a4       0x54 C:/Users/FC/Desktop/adc/nrfxlib/crypto/nrf_cc310_platform/lib/cortex-m33/soft-float/no-interrupts/libnrf_cc310_platform_0.9.11.a(hash_driver.c.obj)
                0x00000000000174a4                InitHashDrv
 .text.ProcessHashDrv
                0x00000000000174f8      0x254 C:/Users/FC/Desktop/adc/nrfxlib/crypto/nrf_cc310_platform/lib/cortex-m33/soft-float/no-interrupts/libnrf_cc310_platform_0.9.11.a(hash_driver.c.obj)
                0x00000000000174f8                ProcessHashDrv
 .text.FinishHashDrv
                0x000000000001774c       0x80 C:/Users/FC/Desktop/adc/nrfxlib/crypto/nrf_cc310_platform/lib/cortex-m33/soft-float/no-interrupts/libnrf_cc310_platform_0.9.11.a(hash_driver.c.obj)
                0x000000000001774c                FinishHashDrv
 .text.cc_mbedtls_aes_init
                0x00000000000177cc       0x20 C:/Users/FC/Desktop/adc/nrfxlib/crypto/nrf_cc310_platform/lib/cortex-m33/soft-float/no-interrupts/libnrf_cc310_platform_0.9.11.a(aes_alt.c.obj)
                0x00000000000177cc                cc_mbedtls_aes_init
 .text.cc_mbedtls_aes_free
                0x00000000000177ec        0xc C:/Users/FC/Desktop/adc/nrfxlib/crypto/nrf_cc310_platform/lib/cortex-m33/soft-float/no-interrupts/libnrf_cc310_platform_0.9.11.a(aes_alt.c.obj)
                0x00000000000177ec                cc_mbedtls_aes_free
 .text.cc_mbedtls_aes_setkey_enc
                0x00000000000177f8       0x34 C:/Users/FC/Desktop/adc/nrfxlib/crypto/nrf_cc310_platform/lib/cortex-m33/soft-float/no-interrupts/libnrf_cc310_platform_0.9.11.a(aes_alt.c.obj)
                0x00000000000177f8                cc_mbedtls_aes_setkey_enc
 .text.cc_mbedtls_aes_crypt_ecb
                0x000000000001782c       0x54 C:/Users/FC/Desktop/adc/nrfxlib/crypto/nrf_cc310_platform/lib/cortex-m33/soft-float/no-interrupts/libnrf_cc310_platform_0.9.11.a(aes_alt.c.obj)
                0x000000000001782c                cc_mbedtls_aes_crypt_ecb
 .text.CC_PalDataBufferAttrGet
                0x0000000000017880        0x8 C:/Users/FC/Desktop/adc/nrfxlib/crypto/nrf_cc310_platform/lib/cortex-m33/soft-float/no-interrupts/libnrf_cc310_platform_0.9.11.a(cc_pal_buff_attr.c.obj)
                0x0000000000017880                CC_PalDataBufferAttrGet
 .text.LoadAesKey
                0x0000000000017888       0xe4 C:/Users/FC/Desktop/adc/nrfxlib/crypto/nrf_cc310_platform/lib/cortex-m33/soft-float/no-interrupts/libnrf_cc310_platform_0.9.11.a(aes_driver.c.obj)
 .text.InitAes.part.0
                0x000000000001796c       0xf8 C:/Users/FC/Desktop/adc/nrfxlib/crypto/nrf_cc310_platform/lib/cortex-m33/soft-float/no-interrupts/libnrf_cc310_platform_0.9.11.a(aes_driver.c.obj)
 .text.ProcessAesDrv
                0x0000000000017a64      0x3ac C:/Users/FC/Desktop/adc/nrfxlib/crypto/nrf_cc310_platform/lib/cortex-m33/soft-float/no-interrupts/libnrf_cc310_platform_0.9.11.a(aes_driver.c.obj)
                0x0000000000017a64                ProcessAesDrv
 .text.FinishAesDrv
                0x0000000000017e10      0x24c C:/Users/FC/Desktop/adc/nrfxlib/crypto/nrf_cc310_platform/lib/cortex-m33/soft-float/no-interrupts/libnrf_cc310_platform_0.9.11.a(aes_driver.c.obj)
                0x0000000000017e10                FinishAesDrv
 .text.kmu_validate_slot_and_size
                0x000000000001805c       0x2c C:/Users/FC/Desktop/adc/nrfxlib/crypto/nrf_cc310_platform/lib/cortex-m33/soft-float/no-interrupts/libnrf_cc310_platform_0.9.11.a(kmu_shared.c.obj)
                0x000000000001805c                kmu_validate_slot_and_size
 .text.kmu_validate_slot_and_size_no_kdr
                0x0000000000018088       0x7c C:/Users/FC/Desktop/adc/nrfxlib/crypto/nrf_cc310_platform/lib/cortex-m33/soft-float/no-interrupts/libnrf_cc310_platform_0.9.11.a(kmu_shared.c.obj)
                0x0000000000018088                kmu_validate_slot_and_size_no_kdr
 .text.kmu_validate_kdr_slot_and_size
                0x0000000000018104       0x48 C:/Users/FC/Desktop/adc/nrfxlib/crypto/nrf_cc310_platform/lib/cortex-m33/soft-float/no-interrupts/libnrf_cc310_platform_0.9.11.a(kmu_shared.c.obj)
                0x0000000000018104                kmu_validate_kdr_slot_and_size
 .text.kmu_use_kdr_key
                0x000000000001814c       0x18 C:/Users/FC/Desktop/adc/nrfxlib/crypto/nrf_cc310_platform/lib/cortex-m33/soft-float/no-interrupts/libnrf_cc310_platform_0.9.11.a(kmu_shared.c.obj)
                0x000000000001814c                kmu_use_kdr_key
 .text.kmu_load_key_aes
                0x0000000000018164       0xe4 C:/Users/FC/Desktop/adc/nrfxlib/crypto/nrf_cc310_platform/lib/cortex-m33/soft-float/no-interrupts/libnrf_cc310_platform_0.9.11.a(kmu_shared.c.obj)
                0x0000000000018164                kmu_load_key_aes
 .text.kmu_derive_cmac
                0x0000000000018248      0x14c C:/Users/FC/Desktop/adc/nrfxlib/crypto/nrf_cc310_platform/lib/cortex-m33/soft-float/no-interrupts/libnrf_cc310_platform_0.9.11.a(kmu_shared.c.obj)
                0x0000000000018248                kmu_derive_cmac
 .text.UtilCmacBuildDataForDerivation
                0x0000000000018394       0xb8 C:/Users/FC/Desktop/adc/nrfxlib/crypto/nrf_cc310_platform/lib/cortex-m33/soft-float/no-interrupts/libnrf_cc310_platform_0.9.11.a(cc_util_cmac.c.obj)
                0x0000000000018394                UtilCmacBuildDataForDerivation
 .text._OffsetAbsSyms
                0x000000000001844c        0x2 zephyr/CMakeFiles/offsets.dir/./arch/arm/core/offsets/offsets.c.obj
                0x000000000001844c                _OffsetAbsSyms
 .text.main     0x000000000001844e        0xe app/libapp.a(main.c.obj)
                0x000000000001844e                main
 .text.sys_notify_validate
                0x000000000001845c       0x22 zephyr/libzephyr.a(notify.c.obj)
                0x000000000001845c                sys_notify_validate
 .text.arch_printk_char_out
                0x000000000001847e        0x4 zephyr/libzephyr.a(printk.c.obj)
                0x000000000001847e                arch_printk_char_out
 .text.printk   0x0000000000018482       0x1a zephyr/libzephyr.a(printk.c.obj)
                0x0000000000018482                printk
 .text.process_recheck
                0x000000000001849c       0x38 zephyr/libzephyr.a(onoff.c.obj)
 .text.validate_args
                0x00000000000184d4       0x20 zephyr/libzephyr.a(onoff.c.obj)
 .text.notify_one
                0x00000000000184f4       0x2c zephyr/libzephyr.a(onoff.c.obj)
 .text.onoff_manager_init
                0x0000000000018520       0x26 zephyr/libzephyr.a(onoff.c.obj)
                0x0000000000018520                onoff_manager_init
 .text.z_thread_entry
                0x0000000000018546       0x14 zephyr/libzephyr.a(thread_entry.c.obj)
                0x0000000000018546                z_thread_entry
 .text.encode_uint
                0x000000000001855a       0x8c zephyr/libzephyr.a(cbprintf_complete.c.obj)
 .text.outs     0x00000000000185e6       0x2e zephyr/libzephyr.a(cbprintf_complete.c.obj)
 .text.assert_post_action
                0x0000000000018614        0xe zephyr/libzephyr.a(assert.c.obj)
                0x0000000000018614                assert_post_action
 .text._ConfigAbsSyms
                0x0000000000018622        0x2 zephyr/libzephyr.a(configs.c.obj)
                0x0000000000018622                _ConfigAbsSyms
 .text.pm_power_state_exit_post_ops
                0x0000000000018624       0x16 zephyr/libzephyr.a(power.c.obj)
                0x0000000000018624                pm_power_state_exit_post_ops
 .text.z_log_minimal_printk
                0x000000000001863a       0x1a zephyr/libzephyr.a(log_minimal.c.obj)
                0x000000000001863a                z_log_minimal_printk
 .text.pm_policy_next_state
                0x0000000000018654        0xa zephyr/libzephyr.a(policy_residency.c.obj)
                0x0000000000018654                pm_policy_next_state
 .text.set_on_state
                0x000000000001865e       0x26 zephyr/libzephyr.a(clock_control_nrf.c.obj)
 .text.async_start
                0x0000000000018684       0x5c zephyr/libzephyr.a(clock_control_nrf.c.obj)
 .text.api_start
                0x00000000000186e0        0xe zephyr/libzephyr.a(clock_control_nrf.c.obj)
 .text.onoff_started_callback
                0x00000000000186ee        0xc zephyr/libzephyr.a(clock_control_nrf.c.obj)
 .text.lfclk_start
                0x00000000000186fa        0x6 zephyr/libzephyr.a(clock_control_nrf.c.obj)
 .text.lfclk_stop
                0x0000000000018700        0x6 zephyr/libzephyr.a(clock_control_nrf.c.obj)
 .text.api_stop
                0x0000000000018706        0x6 zephyr/libzephyr.a(clock_control_nrf.c.obj)
 .text.blocking_start_callback
                0x000000000001870c        0x6 zephyr/libzephyr.a(clock_control_nrf.c.obj)
 .text.sys_clock_idle_exit
                0x0000000000018712        0x2 zephyr/libzephyr.a(sys_clock_init.c.obj)
                0x0000000000018712                sys_clock_idle_exit
 .text.sys_clock_disable
                0x0000000000018714        0x2 zephyr/libzephyr.a(sys_clock_init.c.obj)
                0x0000000000018714                sys_clock_disable
 .text.abort_function
                0x0000000000018716        0x6 zephyr/libzephyr.a(nrf_cc3xx_platform_abort_zephyr.c.obj)
 .text.z_irq_spurious
                0x000000000001871c        0x8 zephyr/arch/arch/arm/core/aarch32/libarch__arm__core__aarch32.a(irq_manage.c.obj)
                0x000000000001871c                z_irq_spurious
 .text.irq_target_state_set
                0x0000000000018724       0x5c zephyr/arch/arch/arm/core/aarch32/libarch__arm__core__aarch32.a(irq_manage.c.obj)
                0x0000000000018724                irq_target_state_set
 .text.configure_builtin_stack_guard
                0x0000000000018780        0x8 zephyr/arch/arch/arm/core/aarch32/libarch__arm__core__aarch32.a(thread.c.obj)
                0x0000000000018780                configure_builtin_stack_guard
 .text.z_do_kernel_oops
                0x0000000000018788        0x8 zephyr/arch/arch/arm/core/aarch32/libarch__arm__core__aarch32.a(fatal.c.obj)
                0x0000000000018788                z_do_kernel_oops
 .text.z_arm_nmi
                0x0000000000018790        0xe zephyr/arch/arch/arm/core/aarch32/libarch__arm__core__aarch32.a(nmi.c.obj)
                0x0000000000018790                z_arm_nmi
 .text.arm_cmse_mpu_region_get
                0x000000000001879e       0x12 zephyr/arch/arch/arm/core/aarch32/cortex_m/cmse/libarch__arm__core__aarch32__cortex_m__cmse.a(arm_core_cmse.c.obj)
                0x000000000001879e                arm_cmse_mpu_region_get
 .text.arm_cmse_addr_is_secure
                0x00000000000187b0        0xa zephyr/arch/arch/arm/core/aarch32/cortex_m/cmse/libarch__arm__core__aarch32__cortex_m__cmse.a(arm_core_cmse.c.obj)
                0x00000000000187b0                arm_cmse_addr_is_secure
 .text.strlen   0x00000000000187ba        0xe zephyr/lib/libc/minimal/liblib__libc__minimal.a(string.c.obj)
                0x00000000000187ba                strlen
 .text.strnlen  0x00000000000187c8       0x12 zephyr/lib/libc/minimal/liblib__libc__minimal.a(string.c.obj)
                0x00000000000187c8                strnlen
 .text.strcmp   0x00000000000187da       0x18 zephyr/lib/libc/minimal/liblib__libc__minimal.a(string.c.obj)
                0x00000000000187da                strcmp
 .text.memcmp   0x00000000000187f2       0x20 zephyr/lib/libc/minimal/liblib__libc__minimal.a(string.c.obj)
                0x00000000000187f2                memcmp
 .text.memmove  0x0000000000018812       0x2e zephyr/lib/libc/minimal/liblib__libc__minimal.a(string.c.obj)
                0x0000000000018812                memmove
 .text.memcpy   0x0000000000018840       0x16 zephyr/lib/libc/minimal/liblib__libc__minimal.a(string.c.obj)
                0x0000000000018840                memcpy
 .text.memset   0x0000000000018856       0x12 zephyr/lib/libc/minimal/liblib__libc__minimal.a(string.c.obj)
                0x0000000000018856                memset
 .text._stdout_hook_default
                0x0000000000018868        0x6 zephyr/lib/libc/minimal/liblib__libc__minimal.a(stdout_console.c.obj)
 .text.uarte_nrfx_config_get
                0x000000000001886e       0x10 zephyr/drivers/serial/libdrivers__serial.a(uart_nrfx_uarte.c.obj)
 .text.uarte_nrfx_err_check
                0x000000000001887e        0xe zephyr/drivers/serial/libdrivers__serial.a(uart_nrfx_uarte.c.obj)
 .text.uarte_nrfx_poll_in
                0x000000000001888c       0x26 zephyr/drivers/serial/libdrivers__serial.a(uart_nrfx_uarte.c.obj)
 .text.is_tx_ready.isra.0
                0x00000000000188b2       0x20 zephyr/drivers/serial/libdrivers__serial.a(uart_nrfx_uarte.c.obj)
 .text.uarte_nrfx_isr_int
                0x00000000000188d2       0x74 zephyr/drivers/serial/libdrivers__serial.a(uart_nrfx_uarte.c.obj)
 .text.entropy_cc3xx_rng_init
                0x0000000000018946       0x16 zephyr/drivers/entropy/libdrivers__entropy.a(entropy_cc310.c.obj)
 .text.hw_cc3xx_init_internal
                0x000000000001895c        0x4 modules/nrf/drivers/hw_cc310/lib..__nrf__drivers__hw_cc310.a(hw_cc310.c.obj)
 .text.hw_cc3xx_init
                0x0000000000018960       0x12 modules/nrf/drivers/hw_cc310/lib..__nrf__drivers__hw_cc310.a(hw_cc310.c.obj)
 .text.nrf91_errata_14
                0x0000000000018972       0x1c modules/hal_nordic/nrfx/libmodules__hal_nordic__nrfx.a(system_nrf9160.c.obj)
 .text.nrfx_isr
                0x000000000001898e        0x2 modules/hal_nordic/nrfx/libmodules__hal_nordic__nrfx.a(nrfx_glue.c.obj)
                0x000000000001898e                nrfx_isr
 .text.nrfx_busy_wait
                0x0000000000018990        0x4 modules/hal_nordic/nrfx/libmodules__hal_nordic__nrfx.a(nrfx_glue.c.obj)
                0x0000000000018990                nrfx_busy_wait
 .text.z_device_state_init
                0x0000000000018994        0x2 zephyr/kernel/libkernel.a(device.c.obj)
                0x0000000000018994                z_device_state_init
 .text.z_device_ready
                0x0000000000018996       0x14 zephyr/kernel/libkernel.a(device.c.obj)
                0x0000000000018996                z_device_ready
 .text.k_mem_slab_init
                0x00000000000189aa       0x38 zephyr/kernel/libkernel.a(mem_slab.c.obj)
                0x00000000000189aa                k_mem_slab_init
 .text.k_is_in_isr
                0x00000000000189e2        0xc zephyr/kernel/libkernel.a(thread.c.obj)
                0x00000000000189e2                k_is_in_isr
 .text.k_thread_name_get
                0x00000000000189ee        0x4 zephyr/kernel/libkernel.a(thread.c.obj)
                0x00000000000189ee                k_thread_name_get
 .text.z_pm_save_idle_exit
                0x00000000000189f2        0xe zephyr/kernel/libkernel.a(idle.c.obj)
                0x00000000000189f2                z_pm_save_idle_exit
 .text.adjust_owner_prio.isra.0
                0x0000000000018a00       0x10 zephyr/kernel/libkernel.a(mutex.c.obj)
 .text.z_impl_k_mutex_init
                0x0000000000018a10        0xe zephyr/kernel/libkernel.a(mutex.c.obj)
                0x0000000000018a10                z_impl_k_mutex_init
 .text.z_reschedule_irqlock
                0x0000000000018a1e       0x18 zephyr/kernel/libkernel.a(sched.c.obj)
                0x0000000000018a1e                z_reschedule_irqlock
 .text.z_reschedule_unlocked
                0x0000000000018a36       0x14 zephyr/kernel/libkernel.a(sched.c.obj)
 .text.sys_clock_tick_get_32
                0x0000000000018a4a        0x8 zephyr/kernel/libkernel.a(timeout.c.obj)
                0x0000000000018a4a                sys_clock_tick_get_32
 .text.z_impl_k_busy_wait
                0x0000000000018a52        0x8 zephyr/kernel/libkernel.a(timeout.c.obj)
                0x0000000000018a52                z_impl_k_busy_wait
 *(SORT_BY_ALIGNMENT(.TEXT.*))
 *fill*         0x0000000000018a5a        0x2 
 .TEXT.z_platform_init
                0x0000000000018a5c        0x4 zephyr/libzephyr.a(soc_nrf_common.S.obj)
                0x0000000000018a5c                z_platform_init
 *(SORT_BY_ALIGNMENT(.gnu.linkonce.t.*))
 *(SORT_BY_ALIGNMENT(.glue_7t))
 .glue_7t       0x0000000000018a60        0x0 linker stubs
 *(SORT_BY_ALIGNMENT(.glue_7))
 .glue_7        0x0000000000018a60        0x0 linker stubs
 *(SORT_BY_ALIGNMENT(.vfp11_veneer))
 .vfp11_veneer  0x0000000000018a60        0x0 linker stubs
 *(SORT_BY_ALIGNMENT(.v4_bx))
 .v4_bx         0x0000000000018a60        0x0 linker stubs
                0x0000000000018a60                _image_text_end = .

.ARM.exidx      0x0000000000018a60        0x8
                0x0000000000018a60                __exidx_start = .
 *(SORT_BY_ALIGNMENT(.ARM.exidx*) SORT_BY_ALIGNMENT(gnu.linkonce.armexidx.*))
 .ARM.exidx     0x0000000000018a60        0x8 c:/users/fc/.zephyrtools/toolchain/zephyr-sdk-0.16.4/arm-zephyr-eabi/bin/../lib/gcc/arm-zephyr-eabi/12.2.0/thumb/v8-m.main/nofp\libgcc.a(_udivmoddi4.o)
                0x0000000000018a68                __exidx_end = .
                0x0000000000018a68                _image_rodata_start = .

initlevel       0x0000000000018a68       0x60
                0x0000000000018a68                __init_start = .
                0x0000000000018a68                __init_PRE_KERNEL_1_start = .
 *(SORT_BY_NAME(SORT_BY_ALIGNMENT(.z_init_PRE_KERNEL_1[0-9]_*)))
 .z_init_PRE_KERNEL_10_
                0x0000000000018a68        0x8 zephyr/libzephyr.a(soc.c.obj)
 *(SORT_BY_NAME(SORT_BY_ALIGNMENT(.z_init_PRE_KERNEL_1[1-9][0-9]_*)))
 .z_init_PRE_KERNEL_130_
                0x0000000000018a70        0x8 zephyr/kernel/libkernel.a(mem_slab.c.obj)
 .z_init_PRE_KERNEL_140_
                0x0000000000018a78        0x8 modules/nrf/drivers/hw_cc310/lib..__nrf__drivers__hw_cc310.a(hw_cc310.c.obj)
 .z_init_PRE_KERNEL_150_
                0x0000000000018a80        0x8 zephyr/libzephyr.a(clock_control_nrf.c.obj)
 .z_init_PRE_KERNEL_150_
                0x0000000000018a88       0x10 zephyr/drivers/serial/libdrivers__serial.a(uart_nrfx_uarte.c.obj)
 .z_init_PRE_KERNEL_150_
                0x0000000000018a98        0x8 zephyr/drivers/entropy/libdrivers__entropy.a(entropy_cc310.c.obj)
 .z_init_PRE_KERNEL_160_
                0x0000000000018aa0        0x8 zephyr/libzephyr.a(uart_console.c.obj)
                0x0000000000018aa8                __init_PRE_KERNEL_2_start = .
 *(SORT_BY_NAME(SORT_BY_ALIGNMENT(.z_init_PRE_KERNEL_2[0-9]_*)))
 .z_init_PRE_KERNEL_20_
                0x0000000000018aa8        0x8 zephyr/libzephyr.a(sys_clock_init.c.obj)
 *(SORT_BY_NAME(SORT_BY_ALIGNMENT(.z_init_PRE_KERNEL_2[1-9][0-9]_*)))
                0x0000000000018ab0                __init_POST_KERNEL_start = .
 *(SORT_BY_NAME(SORT_BY_ALIGNMENT(.z_init_POST_KERNEL[0-9]_*)))
 *(SORT_BY_NAME(SORT_BY_ALIGNMENT(.z_init_POST_KERNEL[1-9][0-9]_*)))
 .z_init_POST_KERNEL40_
                0x0000000000018ab0        0x8 zephyr/boards/boards/arm/circuitdojo_feather_nrf9160/libboards__arm__circuitdojo_feather_nrf9160.a(board.c.obj)
 .z_init_POST_KERNEL40_
                0x0000000000018ab8        0x8 modules/nrf/drivers/hw_cc310/lib..__nrf__drivers__hw_cc310.a(hw_cc310.c.obj)
 .z_init_POST_KERNEL90_
                0x0000000000018ac0        0x8 modules/nrf/subsys/fw_info/lib..__nrf__subsys__fw_info.a(fw_info.c.obj)
                0x0000000000018ac8                __init_APPLICATION_start = .
 *(SORT_BY_NAME(SORT_BY_ALIGNMENT(.z_init_APPLICATION[0-9]_*)))
 *(SORT_BY_NAME(SORT_BY_ALIGNMENT(.z_init_APPLICATION[1-9][0-9]_*)))
                0x0000000000018ac8                __init_SMP_start = .
 *(SORT_BY_NAME(SORT_BY_ALIGNMENT(.z_init_SMP[0-9]_*)))
 *(SORT_BY_NAME(SORT_BY_ALIGNMENT(.z_init_SMP[1-9][0-9]_*)))
                0x0000000000018ac8                __init_end = .

devices         0x0000000000018ac8       0x78
                0x0000000000018ac8                __device_start = .
                0x0000000000018ac8                __device_PRE_KERNEL_1_start = .
 *(SORT_BY_NAME(SORT_BY_ALIGNMENT(.z_device_PRE_KERNEL_1[0-9]_*)))
 *(SORT_BY_NAME(SORT_BY_ALIGNMENT(.z_device_PRE_KERNEL_1[1-9][0-9]_*)))
 .z_device_PRE_KERNEL_150_
                0x0000000000018ac8       0x18 zephyr/libzephyr.a(clock_control_nrf.c.obj)
                0x0000000000018ac8                __device_dts_ord_32
 .z_device_PRE_KERNEL_150_
                0x0000000000018ae0       0x30 zephyr/drivers/serial/libdrivers__serial.a(uart_nrfx_uarte.c.obj)
                0x0000000000018ae0                __device_dts_ord_61
                0x0000000000018af8                __device_dts_ord_59
 .z_device_PRE_KERNEL_150_
                0x0000000000018b10       0x18 zephyr/drivers/entropy/libdrivers__entropy.a(entropy_cc310.c.obj)
                0x0000000000018b10                __device_dts_ord_30
                0x0000000000018b28                __device_PRE_KERNEL_2_start = .
 *(SORT_BY_NAME(SORT_BY_ALIGNMENT(.z_device_PRE_KERNEL_2[0-9]_*)))
 .z_device_PRE_KERNEL_20_
                0x0000000000018b28       0x18 zephyr/libzephyr.a(sys_clock_init.c.obj)
 *(SORT_BY_NAME(SORT_BY_ALIGNMENT(.z_device_PRE_KERNEL_2[1-9][0-9]_*)))
                0x0000000000018b40                __device_POST_KERNEL_start = .
 *(SORT_BY_NAME(SORT_BY_ALIGNMENT(.z_device_POST_KERNEL[0-9]_*)))
 *(SORT_BY_NAME(SORT_BY_ALIGNMENT(.z_device_POST_KERNEL[1-9][0-9]_*)))
                0x0000000000018b40                __device_APPLICATION_start = .
 *(SORT_BY_NAME(SORT_BY_ALIGNMENT(.z_device_APPLICATION[0-9]_*)))
 *(SORT_BY_NAME(SORT_BY_ALIGNMENT(.z_device_APPLICATION[1-9][0-9]_*)))
                0x0000000000018b40                __device_SMP_start = .
 *(SORT_BY_NAME(SORT_BY_ALIGNMENT(.z_device_SMP[0-9]_*)))
 *(SORT_BY_NAME(SORT_BY_ALIGNMENT(.z_device_SMP[1-9][0-9]_*)))
                0x0000000000018b40                __device_end = .

sw_isr_table    0x0000000000018b40      0x208
                0x0000000000018b40                . = ALIGN (0x0)
 *(SORT_BY_ALIGNMENT(.gnu.linkonce.sw_isr_table*))
 .gnu.linkonce.sw_isr_table
                0x0000000000018b40      0x208 zephyr/CMakeFiles/zephyr_final.dir/isr_tables.c.obj
                0x0000000000018b40                _sw_isr_table

initlevel_error
                0x0000000000018a68        0x0
 *(SORT_BY_NAME(SORT_BY_ALIGNMENT(.z_init_[_A-Z0-9]*)))
                0x0000000000000001                ASSERT ((SIZEOF (initlevel_error) == 0x0), Undefined initialization levels used.)

app_shmem_regions
                0x0000000000018d48        0x0
                0x0000000000018d48                __app_shmem_regions_start = .
 *(SORT_BY_NAME(SORT_BY_ALIGNMENT(.app_regions.*)))
                0x0000000000018d48                __app_shmem_regions_end = .

bt_l2cap_fixed_chan_area
                0x0000000000018d48        0x0
                0x0000000000018d48                _bt_l2cap_fixed_chan_list_start = .
 *(SORT_BY_NAME(SORT_BY_ALIGNMENT(._bt_l2cap_fixed_chan.static.*)))
                0x0000000000018d48                _bt_l2cap_fixed_chan_list_end = .

bt_gatt_service_static_area
                0x0000000000018d48        0x0
                0x0000000000018d48                _bt_gatt_service_static_list_start = .
 *(SORT_BY_NAME(SORT_BY_ALIGNMENT(._bt_gatt_service_static.static.*)))
                0x0000000000018d48                _bt_gatt_service_static_list_end = .

k_p4wq_initparam_area
                0x0000000000018d48        0x0
                0x0000000000018d48                _k_p4wq_initparam_list_start = .
 *(SORT_BY_NAME(SORT_BY_ALIGNMENT(._k_p4wq_initparam.static.*)))
                0x0000000000018d48                _k_p4wq_initparam_list_end = .

log_strings_sections
                0x0000000000018d48        0x0
                0x0000000000018d48                __log_strings_start = .
 *(SORT_BY_NAME(SORT_BY_ALIGNMENT(.log_strings*)))
                0x0000000000018d48                __log_strings_end = .

log_const_sections
                0x0000000000018d48       0x38
                0x0000000000018d48                __log_const_start = .
 *(SORT_BY_NAME(SORT_BY_ALIGNMENT(.log_const_*)))
 .log_const_clock_control
                0x0000000000018d48        0x8 zephyr/libzephyr.a(clock_control_nrf.c.obj)
                0x0000000000018d48                log_const_clock_control
 .log_const_fatal_error
                0x0000000000018d50        0x8 modules/nrf/lib/fatal_error/lib..__nrf__lib__fatal_error.a(fatal_error.c.obj)
                0x0000000000018d50                log_const_fatal_error
 .log_const_mpu
                0x0000000000018d58        0x8 zephyr/arch/arch/arm/core/aarch32/mpu/libarch__arm__core__aarch32__mpu.a(arm_core_mpu.c.obj)
                0x0000000000018d58                log_const_mpu
 .log_const_os  0x0000000000018d60        0x8 zephyr/kernel/libkernel.a(init.c.obj)
                0x0000000000018d60                log_const_os
 .log_const_power
                0x0000000000018d68        0x8 zephyr/libzephyr.a(power.c.obj)
                0x0000000000018d68                log_const_power
 .log_const_soc
                0x0000000000018d70        0x8 zephyr/libzephyr.a(soc.c.obj)
                0x0000000000018d70                log_const_soc
 .log_const_uart_nrfx_uarte
                0x0000000000018d78        0x8 zephyr/drivers/serial/libdrivers__serial.a(uart_nrfx_uarte.c.obj)
                0x0000000000018d78                log_const_uart_nrfx_uarte
                0x0000000000018d80                __log_const_end = .

log_backends_sections
                0x0000000000018d80        0x0
                0x0000000000018d80                __log_backends_start = .
 *(SORT_BY_ALIGNMENT(._log_backend.*))
                0x0000000000018d80                __log_backends_end = .

shell_area      0x0000000000018d80        0x0
                0x0000000000018d80                _shell_list_start = .
 *(SORT_BY_NAME(SORT_BY_ALIGNMENT(._shell.static.*)))
                0x0000000000018d80                _shell_list_end = .

shell_root_cmds_sections
                0x0000000000018d80        0x0
                0x0000000000018d80                __shell_root_cmds_start = .
 *(SORT_BY_NAME(SORT_BY_ALIGNMENT(.shell_root_cmd_*)))
                0x0000000000018d80                __shell_root_cmds_end = .

font_entry_sections
                0x0000000000018d80        0x0
                0x0000000000018d80                __font_entry_start = .
 *(SORT_BY_NAME(SORT_BY_ALIGNMENT(._cfb_font.*)))
                0x0000000000018d80                __font_entry_end = .

tracing_backend_area
                0x0000000000018d80        0x0
                0x0000000000018d80                _tracing_backend_list_start = .
 *(SORT_BY_NAME(SORT_BY_ALIGNMENT(._tracing_backend.static.*)))
                0x0000000000018d80                _tracing_backend_list_end = .

zephyr_dbg_info
 *(SORT_BY_ALIGNMENT(.dbg_thread_info))

device_handles  0x0000000000018d80       0x2c
                0x0000000000018d80                __device_handles_start = .
 *(SORT_BY_NAME(SORT_BY_ALIGNMENT(.__device_handles_pass2*)))
 .__device_handles_pass2
                0x0000000000018d80       0x2c zephyr/CMakeFiles/zephyr_final.dir/dev_handles.c.obj
                0x0000000000018d80                __devicehdl_sys_init_sys_clock_driver_init0
                0x0000000000018d86                __devicehdl_DT_N_S_soc_S_crypto_50840000
                0x0000000000018d8e                __devicehdl_DT_N_S_soc_S_peripheral_50000000_S_uart_8000
                0x0000000000018d98                __devicehdl_DT_N_S_soc_S_peripheral_50000000_S_uart_a000
                0x0000000000018da2                __devicehdl_DT_N_S_soc_S_peripheral_50000000_S_clock_5000
                0x0000000000018dac                __device_handles_end = .

rodata          0x0000000000018db0     0x1358
 *(SORT_BY_ALIGNMENT(.rodata))
 .rodata        0x0000000000018db0        0xc zephyr/libzephyr.a(secure_services.c.obj)
 .rodata        0x0000000000018dbc       0x20 zephyr/drivers/serial/libdrivers__serial.a(uart_nrfx_uarte.c.obj)
 .rodata        0x0000000000018ddc       0x18 modules/nrf/subsys/fw_info/lib..__nrf__subsys__fw_info.a(fw_info.c.obj)
 *(SORT_BY_ALIGNMENT(.rodata.*))
 *fill*         0x0000000000018df4        0xc 
 .rodata.delay_machine_code.0
                0x0000000000018e00        0x6 zephyr/libzephyr.a(soc.c.obj)
 *fill*         0x0000000000018e06        0x2 
 .rodata.transitions.0
                0x0000000000018e08        0xc zephyr/libzephyr.a(clock_control_nrf.c.obj)
 .rodata.config
                0x0000000000018e14       0x18 zephyr/libzephyr.a(clock_control_nrf.c.obj)
 .rodata.clock_control_api
                0x0000000000018e2c       0x14 zephyr/libzephyr.a(clock_control_nrf.c.obj)
 .rodata.periph.0
                0x0000000000018e40       0xe0 zephyr/libzephyr.a(spm.c.obj)
 .rodata.fw_info_allowed_offsets
                0x0000000000018f20       0x14 zephyr/libzephyr.a(secure_services.c.obj)
 .rodata.apis   0x0000000000018f34        0x8 zephyr/libzephyr.a(nrf_cc3xx_platform_abort_zephyr.c.obj)
 .rodata.mutexes
                0x0000000000018f3c       0x14 zephyr/libzephyr.a(nrf_cc3xx_platform_mutex_zephyr.c.obj)
 .rodata.mutex_apis
                0x0000000000018f50       0x10 zephyr/libzephyr.a(nrf_cc3xx_platform_mutex_zephyr.c.obj)
 .rodata.static_regions
                0x0000000000018f60        0xc zephyr/arch/arch/arm/core/aarch32/mpu/libarch__arm__core__aarch32__mpu.a(arm_core_mpu.c.obj)
 .rodata.mpu_config
                0x0000000000018f6c        0x8 zephyr/soc/arm/common/cortex_m/libsoc__arm__common__cortex_m.a(arm_mpu_regions.c.obj)
                0x0000000000018f6c                mpu_config
 .rodata.mpu_regions
                0x0000000000018f74       0x20 zephyr/soc/arm/common/cortex_m/libsoc__arm__common__cortex_m.a(arm_mpu_regions.c.obj)
 .rodata.uarte_2z_config
                0x0000000000018f94        0x8 zephyr/drivers/serial/libdrivers__serial.a(uart_nrfx_uarte.c.obj)
 .rodata.uarte_0z_config
                0x0000000000018f9c        0x8 zephyr/drivers/serial/libdrivers__serial.a(uart_nrfx_uarte.c.obj)
 .rodata.uart_nrfx_uarte_driver_api
                0x0000000000018fa4       0x14 zephyr/drivers/serial/libdrivers__serial.a(uart_nrfx_uarte.c.obj)
 .rodata.entropy_cc3xx_rng_api
                0x0000000000018fb8        0x8 zephyr/drivers/entropy/libdrivers__entropy.a(entropy_cc310.c.obj)
 .rodata.levels.0
                0x0000000000018fc0       0x14 zephyr/kernel/libkernel.a(device.c.obj)
 .rodata._k_neg_eagain
                0x0000000000018fd4        0x4 zephyr/kernel/libkernel.a(errno.c.obj)
                0x0000000000018fd4                _k_neg_eagain
 .rodata.CSWTCH.225
                0x0000000000018fd8       0x14 zephyr/kernel/libkernel.a(fatal.c.obj)
 .rodata.CSWTCH.8
                0x0000000000018fec       0x1c C:/Users/FC/Desktop/adc/nrfxlib/crypto/nrf_cc310_platform/lib/cortex-m33/soft-float/no-interrupts/libnrf_cc310_platform_0.9.11.a(nrf_cc3xx_platform.c.obj)
 .rodata.mutex_free.str1.4
                0x0000000000019008       0x26 C:/Users/FC/Desktop/adc/nrfxlib/crypto/nrf_cc310_platform/lib/cortex-m33/soft-float/no-interrupts/libnrf_cc310_platform_0.9.11.a(nrf_cc3xx_platform_mutex.c.obj)
 *fill*         0x000000000001902e        0x2 
 .rodata.mutex_init.str1.4
                0x0000000000019030       0x23 C:/Users/FC/Desktop/adc/nrfxlib/crypto/nrf_cc310_platform/lib/cortex-m33/soft-float/no-interrupts/libnrf_cc310_platform_0.9.11.a(nrf_cc3xx_platform_mutex.c.obj)
 *fill*         0x0000000000019053        0x1 
 .rodata.RndStartupTest.constprop.0.str1.4
                0x0000000000019054       0x6f C:/Users/FC/Desktop/adc/nrfxlib/crypto/nrf_cc310_platform/lib/cortex-m33/soft-float/no-interrupts/libnrf_cc310_platform_0.9.11.a(cc_lib.c.obj)
 *fill*         0x00000000000190c3        0x1 
 .rodata.CC_PalPowerSaveModeInit.str1.4
                0x00000000000190c4       0x20 C:/Users/FC/Desktop/adc/nrfxlib/crypto/nrf_cc310_platform/lib/cortex-m33/soft-float/no-interrupts/libnrf_cc310_platform_0.9.11.a(cc_pal_pm.c.obj)
 .rodata.mbedtls_hardware_poll.str1.4
                0x00000000000190e4       0x16 C:/Users/FC/Desktop/adc/nrfxlib/crypto/nrf_cc310_platform/lib/cortex-m33/soft-float/no-interrupts/libnrf_cc310_platform_0.9.11.a(trng_api.c.obj)
                                         0x6e (size before relaxing)
 *fill*         0x00000000000190fa        0x2 
 .rodata.cc_mbedtls_sha256_init.str1.4
                0x00000000000190fc        0xe C:/Users/FC/Desktop/adc/nrfxlib/crypto/nrf_cc310_platform/lib/cortex-m33/soft-float/no-interrupts/libnrf_cc310_platform_0.9.11.a(sha256_alt.c.obj)
 .rodata.ProcessHashDrv.str1.4
                0x000000000001910a       0x6f C:/Users/FC/Desktop/adc/nrfxlib/crypto/nrf_cc310_platform/lib/cortex-m33/soft-float/no-interrupts/libnrf_cc310_platform_0.9.11.a(hash_driver.c.obj)
 *fill*         0x000000000001910a        0x2 
 .rodata.HASH_LARVAL_SHA1
                0x000000000001910c       0x14 C:/Users/FC/Desktop/adc/nrfxlib/crypto/nrf_cc310_platform/lib/cortex-m33/soft-float/no-interrupts/libnrf_cc310_platform_0.9.11.a(hash_driver.c.obj)
 .rodata.HASH_LARVAL_SHA224
                0x0000000000019120       0x20 C:/Users/FC/Desktop/adc/nrfxlib/crypto/nrf_cc310_platform/lib/cortex-m33/soft-float/no-interrupts/libnrf_cc310_platform_0.9.11.a(hash_driver.c.obj)
 .rodata.HASH_LARVAL_SHA256
                0x0000000000019140       0x20 C:/Users/FC/Desktop/adc/nrfxlib/crypto/nrf_cc310_platform/lib/cortex-m33/soft-float/no-interrupts/libnrf_cc310_platform_0.9.11.a(hash_driver.c.obj)
 .rodata.cc_mbedtls_aes_init.str1.4
                0x0000000000019160       0x13 C:/Users/FC/Desktop/adc/nrfxlib/crypto/nrf_cc310_platform/lib/cortex-m33/soft-float/no-interrupts/libnrf_cc310_platform_0.9.11.a(aes_alt.c.obj)
 .rodata.ProcessAesDrv.str1.4
                0x0000000000019173       0x6f C:/Users/FC/Desktop/adc/nrfxlib/crypto/nrf_cc310_platform/lib/cortex-m33/soft-float/no-interrupts/libnrf_cc310_platform_0.9.11.a(aes_driver.c.obj)
 .rodata.sys_notify_finalize.str1.1
                0x0000000000019173       0x3b zephyr/libzephyr.a(notify.c.obj)
 .rodata.process_event.str1.1
                0x00000000000191ae       0x48 zephyr/libzephyr.a(onoff.c.obj)
                                         0x60 (size before relaxing)
 .rodata.cbvprintf.str1.1
                0x00000000000191f6        0x6 zephyr/libzephyr.a(cbprintf_complete.c.obj)
 .rodata.sys_reboot.str1.1
                0x00000000000191fc       0x29 zephyr/libzephyr.a(reboot.c.obj)
 .rodata.str1.1
                0x0000000000019225        0x4 zephyr/libzephyr.a(soc.c.obj)
 .rodata.pm_state_notify.str1.1
                0x0000000000019229       0x3e zephyr/libzephyr.a(power.c.obj)
 .rodata.pm_power_state_force.str1.1
                0x0000000000019229       0x25 zephyr/libzephyr.a(power.c.obj)
 .rodata.str1.1
                0x000000000001924e        0x6 zephyr/libzephyr.a(power.c.obj)
 .rodata.uart_console_init.str1.1
                0x0000000000019254        0x7 zephyr/libzephyr.a(uart_console.c.obj)
 .rodata.get_status.str1.1
                0x000000000001925b       0x3d zephyr/libzephyr.a(clock_control_nrf.c.obj)
                                         0x55 (size before relaxing)
 .rodata.str1.1
                0x0000000000019298       0x1a zephyr/libzephyr.a(clock_control_nrf.c.obj)
                                         0x20 (size before relaxing)
 .rodata.sys_clock_isr.str1.1
                0x00000000000192b2       0x32 zephyr/libzephyr.a(sys_clock_init.c.obj)
                                         0x4a (size before relaxing)
 .rodata.str1.1
                0x00000000000192e4        0xa zephyr/libzephyr.a(sys_clock_init.c.obj)
 .rodata.config_regions.str1.1
                0x00000000000192ee       0x53 zephyr/libzephyr.a(spm.c.obj)
                                         0x70 (size before relaxing)
 .rodata.spm_jump.str1.1
                0x0000000000019341       0x75 zephyr/libzephyr.a(spm.c.obj)
 .rodata.spm_config.str1.1
                0x00000000000193b6      0x136 zephyr/libzephyr.a(spm.c.obj)
                                        0x13e (size before relaxing)
 .rodata.str1.1
                0x00000000000194ec      0x10c zephyr/libzephyr.a(spm.c.obj)
 .rodata.mutex_free_platform.str1.1
                0x00000000000195f8       0x26 zephyr/libzephyr.a(nrf_cc3xx_platform_mutex_zephyr.c.obj)
 .rodata.mutex_init_platform.str1.1
                0x000000000001961e       0x2d zephyr/libzephyr.a(nrf_cc3xx_platform_mutex_zephyr.c.obj)
 .rodata.z_arm_irq_priority_set.str1.1
                0x000000000001964b       0x36 zephyr/arch/arch/arm/core/aarch32/libarch__arm__core__aarch32.a(irq_manage.c.obj)
                                         0x4e (size before relaxing)
 .rodata.z_arm_fatal_error.str1.1
                0x0000000000019681       0xaf zephyr/arch/arch/arm/core/aarch32/libarch__arm__core__aarch32.a(fatal.c.obj)
 .rodata.secure_fault.constprop.0.str1.1
                0x0000000000019730      0x104 zephyr/arch/arch/arm/core/aarch32/cortex_m/libarch__arm__core__aarch32__cortex_m.a(fault.c.obj)
 .rodata.usage_fault.constprop.0.str1.1
                0x0000000000019834      0x11f zephyr/arch/arch/arm/core/aarch32/cortex_m/libarch__arm__core__aarch32__cortex_m.a(fault.c.obj)
 .rodata.bus_fault.constprop.0.str1.1
                0x0000000000019953       0xf2 zephyr/arch/arch/arm/core/aarch32/cortex_m/libarch__arm__core__aarch32__cortex_m.a(fault.c.obj)
 .rodata.mem_manage_fault.constprop.0.str1.1
                0x0000000000019a45       0xe9 zephyr/arch/arch/arm/core/aarch32/cortex_m/libarch__arm__core__aarch32__cortex_m.a(fault.c.obj)
                                        0x101 (size before relaxing)
 .rodata.z_arm_fault.str1.1
                0x0000000000019b2e       0xf9 zephyr/arch/arch/arm/core/aarch32/cortex_m/libarch__arm__core__aarch32__cortex_m.a(fault.c.obj)
 .rodata.str1.1
                0x0000000000019c27        0x4 zephyr/arch/arch/arm/core/aarch32/mpu/libarch__arm__core__aarch32__mpu.a(arm_core_mpu.c.obj)
 .rodata.mpu_configure_region.str1.1
                0x0000000000019c2b       0x2b zephyr/arch/arch/arm/core/aarch32/mpu/libarch__arm__core__aarch32__mpu.a(arm_mpu.c.obj)
 .rodata.mpu_configure_regions_and_partition.constprop.0.str1.1
                0x0000000000019c56       0x50 zephyr/arch/arch/arm/core/aarch32/mpu/libarch__arm__core__aarch32__mpu.a(arm_mpu.c.obj)
 .rodata.arm_core_mpu_configure_static_mpu_regions.str1.1
                0x0000000000019ca6       0x37 zephyr/arch/arch/arm/core/aarch32/mpu/libarch__arm__core__aarch32__mpu.a(arm_mpu.c.obj)
                                         0x4f (size before relaxing)
 .rodata.str1.1
                0x0000000000019cdd        0xf zephyr/soc/arm/common/cortex_m/libsoc__arm__common__cortex_m.a(arm_mpu_regions.c.obj)
 .rodata.board_circuitdojo_feather_nrf9160_init.str1.1
                0x0000000000019cec       0x31 zephyr/boards/boards/arm/circuitdojo_feather_nrf9160/libboards__arm__circuitdojo_feather_nrf9160.a(board.c.obj)
                                         0x49 (size before relaxing)
 .rodata.nrf_gpio_pin_port_decode.str1.1
                0x0000000000019d1d       0x33 zephyr/drivers/serial/libdrivers__serial.a(uart_nrfx_uarte.c.obj)
                                         0x4b (size before relaxing)
 .rodata.uarte_instance_init.constprop.0.str1.1
                0x0000000000019d50       0x5c zephyr/drivers/serial/libdrivers__serial.a(uart_nrfx_uarte.c.obj)
 .rodata.str1.1
                0x0000000000019dac       0x17 zephyr/drivers/serial/libdrivers__serial.a(uart_nrfx_uarte.c.obj)
                                         0x1e (size before relaxing)
 .rodata.entropy_cc3xx_rng_get_entropy.str1.1
                0x0000000000019dc3       0x30 zephyr/drivers/entropy/libdrivers__entropy.a(entropy_cc310.c.obj)
                                         0x48 (size before relaxing)
 .rodata.str1.1
                0x0000000000019df3        0xb zephyr/drivers/entropy/libdrivers__entropy.a(entropy_cc310.c.obj)
 .rodata.k_sys_fatal_error_handler.str1.1
                0x0000000000019dfe       0x16 modules/nrf/lib/fatal_error/lib..__nrf__lib__fatal_error.a(fatal_error.c.obj)
 .rodata.str1.1
                0x0000000000019e14        0xc modules/nrf/lib/fatal_error/lib..__nrf__lib__fatal_error.a(fatal_error.c.obj)
 .rodata.check_ext_api_requests.str1.1